--------- beginning of system
--------- beginning of crash
2025-11-23 03:26:37.908  1983-3069  WindowManager           system_server                        E  setClientVisible ActivityRecord{bdc91ed u0 com.presyohan.app/.SplashActivity true
2025-11-23 03:26:38.099  1983-3687  WindowManager           system_server                        E  setClientVisible ActivityRecord{bdc91ed u0 com.presyohan.app/.SplashActivity t12357} true
2025-11-23 03:26:38.181  1983-2014  WindowManager           system_server                        E  setClientVisible ActivityRecord{bdc91ed u0 com.presyohan.app/.SplashActivity t12357} true
2025-11-23 03:26:43.652  1983-3011  WindowManager           system_server                        E  setClientVisible ActivityRecord{da233fc u0 com.presyohan.app/.LoginActivity true
2025-11-23 03:26:43.754  1983-3370  WindowManager           system_server                        E  setClientVisible ActivityRecord{da233fc u0 com.presyohan.app/.LoginActivity t12357} true
2025-11-23 03:26:43.757  1983-3370  WindowManager           system_server                        E  setClientVisible ActivityRecord{da233fc u0 com.presyohan.app/.LoginActivity t12357} true
2025-11-23 03:26:45.108  1983-2014  WindowManager           system_server                        E  setClientVisible ActivityRecord{da233fc u0 com.presyohan.app/.LoginActivity t12357} true
2025-11-23 03:26:45.672  1983-3716  WindowManager           system_server                        E  setClientVisible ActivityRecord{bdc91ed u0 com.presyohan.app/.SplashActivity t12357 f}} false
2025-11-23 03:26:46.463  1983-5748  WindowManager           system_server                        E  setClientVisible ActivityRecord{e130bc4 u0 com.presyohan.app/com.google.android.gms.auth.api.signin.internal.SignInHubActivity true
2025-11-23 03:26:46.501  1983-2196  WindowManager           system_server                        E  setClientVisible ActivityRecord{e130bc4 u0 com.presyohan.app/com.google.android.gms.auth.api.signin.internal.SignInHubActivity t12357} true
2025-11-23 03:26:46.502  1983-2196  WindowManager           system_server                        E  setClientVisible ActivityRecord{e130bc4 u0 com.presyohan.app/com.google.android.gms.auth.api.signin.internal.SignInHubActivity t12357} true
2025-11-23 03:26:48.023  1983-2014  WindowManager           system_server                        E  setClientVisible ActivityRecord{e130bc4 u0 com.presyohan.app/com.google.android.gms.auth.api.signin.internal.SignInHubActivity t12357} true
2025-11-23 03:26:59.463  1983-3011  WindowManager           system_server                        E  setClientVisible ActivityRecord{e130bc4 u0 com.presyohan.app/com.google.android.gms.auth.api.signin.internal.SignInHubActivity t12357 f}} false
2025-11-23 03:27:02.029  1983-2864  WindowManager           system_server                        E  setClientVisible ActivityRecord{6299e8 u0 com.presyohan.app/.StoreActivity true
2025-11-23 03:27:02.118  1983-3716  WindowManager           system_server                        E  setClientVisible ActivityRecord{6299e8 u0 com.presyohan.app/.StoreActivity t12357} true
2025-11-23 03:27:02.121  1983-3716  WindowManager           system_server                        E  setClientVisible ActivityRecord{6299e8 u0 com.presyohan.app/.StoreActivity t12357} true
2025-11-23 03:27:03.008  1983-2014  WindowManager           system_server                        E  setClientVisible ActivityRecord{6299e8 u0 com.presyohan.app/.StoreActivity t12357} true
2025-11-23 03:27:03.636  1983-2197  WindowManager           system_server                        E  setClientVisible ActivityRecord{da233fc u0 com.presyohan.app/.LoginActivity t12357 f}} false
2025-11-23 03:27:10.817  1983-2195  WindowManager           system_server                        E  setClientVisible ActivityRecord{80e99c0 u0 com.presyohan.app/.HomeActivity true
2025-11-23 03:27:10.865  1983-4075  WindowManager           system_server                        E  setClientVisible ActivityRecord{80e99c0 u0 com.presyohan.app/.HomeActivity t12357} true
2025-11-23 03:27:10.869  1983-4075  WindowManager           system_server                        E  setClientVisible ActivityRecord{80e99c0 u0 com.presyohan.app/.HomeActivity t12357} true
2025-11-23 03:27:11.069 17148-17148 TransactionExecutor     pid-17148                            E  Failed to execute the transaction: tId:-1337897578 ClientTransaction{
                                                                                                    tId:-1337897578   transactionItems=[
                                                                                                    tId:-1337897578     LaunchActivityItem{activityToken=android.os.BinderProxy@960ea29,intent=Intent { cmp=com.presyohan.app/.HomeActivity (has extras) },ident=135174592,info=ActivityInfo{b20a9ff com.presyohan.app.HomeActivity},curConfig={1.0 515mcc3mnc [en_US] ldltr sw393dp w393dp h873dp 440dpi nrml long widecg port night finger -keyb/v/h -nav/h winConfig={ mBounds=Rect(0, 0 - 1080, 2400) mAppBounds=Rect(0, 0 - 1080, 2400) mMaxBounds=Rect(0, 0 - 1080, 2400) mDisplayRotation=ROTATION_0 mWindowingMode=fullscreen mActivityType=undefined mAlwaysOnTop=undefined mRotation=ROTATION_0 mInSplitScreen=false letterBoxed=false foScaled=false isSpecificEmbedded=false screenType=0} as.5 s.84 fontWeightAdjustment=0/d themeChanged=0 themeChangedFlags=0 extraData = Bundle[EMPTY_PARCEL] screenType=0/0},overrideConfig={1.0 515mcc3mnc [en_US] ldltr sw393dp w393dp h873dp 440dpi nrml long widecg port night finger -keyb/v/h -nav/h winConfig={ mBounds=Rect(0, 0 - 1080, 2400) mAppBounds=Rect(0, 0 - 1080, 2400) mMaxBounds=Rect(0, 0 - 1080, 2400) mDisplayRotation=ROTATION_0 mWindowingMode=fullscreen mActivityType=standard mAlwaysOnTop=undefined mRotation=ROTATION_0 mInSplitScreen=false letterBoxed=false foScaled=false isSpecificEmbedded=false screenType=0} as.5 s.2 fontWeightAdjustment=0/d themeChanged=0 themeChangedFlags=0 extraData = Bundle[{}] screenType=0/0},deviceId=0,referrer=com.presyohan.app,procState=2,state=null,persistentState=null,pendingResults=null,pendingNewIntents=null,sceneTransitionInfo=null,profilerInfo=null,assistToken=android.os.BinderProxy@d67eda0,shareableActivityToken=android.os.BinderProxy@9671d59,activityWindowInfo=ActivityWindowInfo{isEmbedded=false, taskBounds=Rect(0, 0 - 1080, 2400), taskFragmentBounds=Rect(0, 0 - 1080, 2400)}}
                                                                                                    tId:-1337897578     ResumeActivityItem{mActivityToken=android.os.BinderProxy@960ea29,procState=-1,updateProcState=false,isForward=true,shouldSendCompatFakeFocus=false}
                                                                                                    tId:-1337897578     Target activity: com.presyohan.app.HomeActivity
                                                                                                    tId:-1337897578   ]
                                                                                                    tId:-1337897578 }
2025-11-23 03:27:11.075 17148-17148 AndroidRuntime          pid-17148                            E  FATAL EXCEPTION: main (Ask Gemini)
                                                                                                    Process: com.presyohan.app, PID: 17148
                                                                                                    java.lang.RuntimeException: Unable to start activity ComponentInfo{com.presyohan.app/com.presyohan.app.HomeActivity}: java.lang.NullPointerException: Attempt to invoke virtual method 'void android.widget.TextView.setText(java.lang.CharSequence)' on a null object reference
                                                                                                    	at android.app.ActivityThread.performLaunchActivity(ActivityThread.java:4436)
                                                                                                    	at android.app.ActivityThread.handleLaunchActivity(ActivityThread.java:4657)
                                                                                                    	at android.app.servertransaction.LaunchActivityItem.execute(LaunchActivityItem.java:112)
                                                                                                    	at android.app.servertransaction.TransactionExecutor.executeNonLifecycleItem(TransactionExecutor.java:186)
                                                                                                    	at android.app.servertransaction.TransactionExecutor.executeTransactionItems(TransactionExecutor.java:112)
                                                                                                    	at android.app.servertransaction.TransactionExecutor.execute(TransactionExecutor.java:84)
                                                                                                    	at android.app.ActivityThread$H.handleMessage(ActivityThread.java:2899)
                                                                                                    	at android.os.Handler.dispatchMessage(Handler.java:107)
                                                                                                    	at android.os.Looper.loopOnce(Looper.java:249)
                                                                                                    	at android.os.Looper.loop(Looper.java:337)
                                                                                                    	at android.app.ActivityThread.main(ActivityThread.java:9515)
                                                                                                    	at java.lang.reflect.Method.invoke(Native Method)
                                                                                                    	at com.android.internal.os.RuntimeInit$MethodAndArgsCaller.run(RuntimeInit.java:636)
                                                                                                    	at com.android.internal.os.ZygoteInit.main(ZygoteInit.java:1005)
                                                                                                    Caused by: java.lang.NullPointerException: Attempt to invoke virtual method 'void android.widget.TextView.setText(java.lang.CharSequence)' on a null object reference
                                                                                                    	at com.presyohan.app.HomeActivity.onCreate(HomeActivity.kt:178)
                                                                                                    	at android.app.Activity.performCreate(Activity.java:9216)
                                                                                                    	at android.app.Activity.performCreate(Activity.java:9168)
                                                                                                    	at android.app.Instrumentation.callActivityOnCreate(Instrumentation.java:1537)
                                                                                                    	at android.app.ActivityThread.performLaunchActivity(ActivityThread.java:4418)
                                                                                                    	at android.app.ActivityThread.handleLaunchActivity(ActivityThread.java:4657) 
                                                                                                    	at android.app.servertransaction.LaunchActivityItem.execute(LaunchActivityItem.java:112) 
                                                                                                    	at android.app.servertransaction.TransactionExecutor.executeNonLifecycleItem(TransactionExecutor.java:186) 
                                                                                                    	at android.app.servertransaction.TransactionExecutor.executeTransactionItems(TransactionExecutor.java:112) 
                                                                                                    	at android.app.servertransaction.TransactionExecutor.execute(TransactionExecutor.java:84) 
                                                                                                    	at android.app.ActivityThread$H.handleMessage(ActivityThread.java:2899) 
                                                                                                    	at android.os.Handler.dispatchMessage(Handler.java:107) 
                                                                                                    	at android.os.Looper.loopOnce(Looper.java:249) 
                                                                                                    	at android.os.Looper.loop(Looper.java:337) 
                                                                                                    	at android.app.ActivityThread.main(ActivityThread.java:9515) 
                                                                                                    	at java.lang.reflect.Method.invoke(Native Method) 
                                                                                                    	at com.android.internal.os.RuntimeInit$MethodAndArgsCaller.run(RuntimeInit.java:636) 
                                                                                                    	at com.android.internal.os.ZygoteInit.main(ZygoteInit.java:1005) 
2025-11-23 03:27:12.428  1983-1998  WindowManager           system_server                        E  setClientVisible ActivityRecord{6299e8 u0 com.presyohan.app/.StoreActivity t12357 f} isExiting} false
2025-11-23 03:29:16.338  1983-3911  WindowManager           system_server                        E  setClientVisible ActivityRecord{9e3b43c u0 com.presyohan.app/.SplashActivity true
2025-11-23 03:29:16.379  1983-3911  WindowManager           system_server                        E  setClientVisible ActivityRecord{9e3b43c u0 com.presyohan.app/.SplashActivity t12358} true
2025-11-23 03:29:16.600  1983-2014  WindowManager           system_server                        E  setClientVisible ActivityRecord{9e3b43c u0 com.presyohan.app/.SplashActivity t12358} true
2025-11-23 03:29:17.727 28463-28463 ActivityThread          com.presyohan.app                    I  TrafficStats init done
2025-11-23 03:29:17.749 28463-28463 ActivityThread          com.presyohan.app                    I  Miui Feature Init done
2025-11-23 03:29:18.834 28463-28463 Looper                  com.presyohan.app                    W  PerfMonitor longMsg : seq=3 plan=03:29:16.812 late=41ms wall=1964ms h=android.app.ActivityThread$H w=110 procState=-1
2025-11-23 03:29:18.855 28463-28463 UserSceneDetector       com.presyohan.app                    D  invoke error.
2025-11-23 03:29:18.864 28463-28463 Looper                  com.presyohan.app                    W  PerfMonitor doFrame : time=10ms vsyncFrame=10314 latency=1029ms procState=-1 historyMsgCount=2 (msgIndex=1 wall=1964ms seq=3 late=41ms h=android.app.ActivityThread$H w=110)
2025-11-23 03:29:18.867 28463-28463 ActivityThread          com.presyohan.app                    I  HardwareRenderer preload  done
2025-11-23 03:29:19.062 28463-28463 MiuiCamera...redManager com.presyohan.app                    D  java.lang.NullPointerException: Attempt to invoke virtual method 'java.lang.String android.provider.MiuiSettings$SettingsCloudData$CloudData.getString(java.lang.String, java.lang.String)' on a null object reference
2025-11-23 03:29:19.168 28463-28463 UserSceneDetector       com.presyohan.app                    D  invoke error.
2025-11-23 03:29:20.137  1983-2195  WindowManager           system_server                        E  setClientVisible ActivityRecord{3e99871 u0 com.presyohan.app/.StoreActivity true
2025-11-23 03:29:20.207  1983-2537  WindowManager           system_server                        E  setClientVisible ActivityRecord{3e99871 u0 com.presyohan.app/.StoreActivity t12358} true
2025-11-23 03:29:20.210  1983-2537  WindowManager           system_server                        E  setClientVisible ActivityRecord{3e99871 u0 com.presyohan.app/.StoreActivity t12358} true
2025-11-23 03:29:20.227 28463-28463 ActivityThread          com.presyohan.app                    I  HardwareRenderer preload  done
2025-11-23 03:29:20.768 28463-28463 MiuiCamera...redManager com.presyohan.app                    D  java.lang.NullPointerException: Attempt to invoke virtual method 'java.lang.String android.provider.MiuiSettings$SettingsCloudData$CloudData.getString(java.lang.String, java.lang.String)' on a null object reference
2025-11-23 03:29:20.781 28463-28463 Looper                  com.presyohan.app                    W  PerfMonitor looperActivity : package=com.presyohan.app/.StoreActivity time=1ms latency=559ms  procState=-1  historyMsgCount=3 (msgIndex=3 wall=554ms seq=42 late=11ms h=android.app.ActivityThread$H w=159)
2025-11-23 03:29:20.782 28463-28463 UserSceneDetector       com.presyohan.app                    D  invoke error.
2025-11-23 03:29:20.952 28463-28463 Looper                  com.presyohan.app                    W  PerfMonitor doFrame : time=170ms vsyncFrame=10377 latency=551ms procState=-1 historyMsgCount=2 (msgIndex=1 wall=554ms seq=42 late=11ms h=android.app.ActivityThread$H w=159)
2025-11-23 03:29:20.955 28463-28463 UserSceneDetector       com.presyohan.app                    D  invoke error.
2025-11-23 03:29:20.966  1983-2014  WindowManager           system_server                        E  setClientVisible ActivityRecord{3e99871 u0 com.presyohan.app/.StoreActivity t12358} true
2025-11-23 03:29:21.150 28463-28463 MiuiMultiWindowUtils    com.presyohan.app                    D  freeform resolution args raw data:{  "wide_default":{    "freeform_args": {        "vertical_portrait":{"aspect_ratio":0.626, "original_ratio":0.5643,"original_scale":0.74,"top_margin":0.168,"left_margin":0.484},        "horizontal_portrait":{"aspect_ratio":0.626, "original_ratio":0.5643,"original_scale":0.74,"top_margin":0.1222,"left_margin":0.59745},        "vertical_landscape":{"aspect_ratio":1.6, "original_ratio":1,"original_scale":0.604,"top_margin":0.2596,"left_margin":0.2624},        "horizontal_landscape":{"aspect_ratio":1.6, "original_ratio":1,"original_scale":0.604,"top_margin":0.213,"left_margin":0.3758}    },    "mini_freeform_args":{        "vertical_portrait":{"original_ratio":0.147},        "horizontal_portrait":{"original_ratio":0.147},        "vertical_landscape":{"original_ratio":0.165},        "horizontal_landscape":{"original_ratio":0.165}    }  },  "narrow_default": {    "freeform_args": {        "vertical_portrait":{"aspect_ratio":0.626, "original_ratio":1,"original_scale":0.74,"top_margin":0.0753,"left_margin":-1},        "horizontal_portrait":{"aspect_ratio":0.626, "original_ratio":1,"original_scale":0.5756,"top_margin":-1,"left_margin":0.0753},        "vertical_landscape":{"aspect_ratio":1.6, "original_ratio":0.6847,"original_scale":0.587,"top_margin":0.0753,"left_margin":-1},        "horizontal_landscape":{"aspect_ratio":1.6, "original_ratio":0.6847,"original_scale":0.587,"top_margin":-1,"left_margin":0.0753}    },    "mini_freeform_args":{        "vertical_portrait":{"original_ratio":0.26},        "horizontal_portrait":{"original_ratio":0.26},        "vertical_landscape":{"original_ratio":0.293},        "horizontal_landscape":{"original_ratio":0.293}    }  },  "regular_default": {    "freeform_args": {      "vertical_portrait":{"aspect_ratio":0.625, "original_ratio":1,"original_scale":0.7,"top_margin":0.109,"left_margin":-1},      "horizontal_portrait":{"aspect_ratio":0.6667, "original_ratio":1,"original_scale":0.6102,"top_margin":-1,"left_margin":0.026},      "vertical_landscape":{"aspect_ratio":1.6, "original_ratio":1,"original_scale":0.4244,"top_margin":0.109,"left_margin":-1},      "horizontal_landscape":{"aspect_ratio":1.6, "original_ratio":1,"original_scale":0.4244,"top_margin":-1,"left_margin":0.026}    },    "mini_freeform_args":{      "vertical_portrait":{"original_ratio":0.25},      "horizontal_portrait":{"original_ratio":0.25},      "vertical_landscape":{"original_ratio":0.25},      "horizontal_landscape":{"original_ratio":0.25}    }  },  "pad_default": {    "freeform_args": {      "vertical_portrait":{"aspect_ratio":0.5625, "original_ratio":0.375,"original_scale":0.835,"top_margin":0.049,"left_margin":0.2775},      "horizontal_portrait":{"aspect_ratio":0.5625, "original_ratio":0.375,"original_scale":0.835,"top_margin":-1,"left_margin":0.6525},      "vertical_landscape":{"aspect_ratio":-1, "original_ratio":1,"original_scale":0.468,"top_margin":0.049,"left_margin":-1},      "horizontal_landscape":{"aspect_ratio":-1, "original_ratio":1,"original_scale":0.468,"top_margin":-1,"left_margin":0.4976}    },    "mini_freeform_args":{      "vertical_portrait":{"original_ratio":0.144},      "horizontal_portrait":{"original_ratio":0.144},      "vertical_landscape":{"original_ratio":0.2},      "horizontal_landscape":{"original_ratio":0.2}    }  }}
2025-11-23 03:29:21.158 28463-28463 MiuiMultiWindowUtils    com.presyohan.app                    D  initFreeFormResolutionArgs failed, device is emerald
2025-11-23 03:29:21.585  1983-2720  WindowManager           system_server                        E  setClientVisible ActivityRecord{9e3b43c u0 com.presyohan.app/.SplashActivity t12358 f}} false
2025-11-23 03:29:21.634 28463-28463 ActivityThread          com.presyohan.app                    D  Fail to check app heapsize due to java.lang.NoSuchMethodException: dalvik.system.VMRuntime.getBlockingGcCountForAlloc []
2025-11-23 03:29:25.138 28463-28463 MiuiCamera...redManager com.presyohan.app                    D  java.lang.NullPointerException: Attempt to invoke virtual method 'java.lang.String android.provider.MiuiSettings$SettingsCloudData$CloudData.getString(java.lang.String, java.lang.String)' on a null object reference
2025-11-23 03:29:32.437 28463-28463 MiuiCamera...redManager com.presyohan.app                    D  java.lang.NullPointerException: Attempt to invoke virtual method 'java.lang.String android.provider.MiuiSettings$SettingsCloudData$CloudData.getString(java.lang.String, java.lang.String)' on a null object reference
2025-11-23 03:29:34.061 28463-28463 MiuiCamera...redManager com.presyohan.app                    D  java.lang.NullPointerException: Attempt to invoke virtual method 'java.lang.String android.provider.MiuiSettings$SettingsCloudData$CloudData.getString(java.lang.String, java.lang.String)' on a null object reference
2025-11-23 03:29:34.911  1983-3685  WindowManager           system_server                        E  setClientVisible ActivityRecord{3bdbb0d u0 com.presyohan.app/.JoinStoreActivity true
2025-11-23 03:29:34.979  1983-2865  WindowManager           system_server                        E  setClientVisible ActivityRecord{3bdbb0d u0 com.presyohan.app/.JoinStoreActivity t12358} true
2025-11-23 03:29:34.982  1983-2865  WindowManager           system_server                        E  setClientVisible ActivityRecord{3bdbb0d u0 com.presyohan.app/.JoinStoreActivity t12358} true
2025-11-23 03:29:34.994 28463-28463 ActivityThread          com.presyohan.app                    I  HardwareRenderer preload  done
2025-11-23 03:29:35.122 28463-28463 MiuiCamera...redManager com.presyohan.app                    D  java.lang.NullPointerException: Attempt to invoke virtual method 'java.lang.String android.provider.MiuiSettings$SettingsCloudData$CloudData.getString(java.lang.String, java.lang.String)' on a null object reference
2025-11-23 03:29:35.141 28463-28463 UserSceneDetector       com.presyohan.app                    D  invoke error.
2025-11-23 03:29:35.257  1983-2014  WindowManager           system_server                        E  setClientVisible ActivityRecord{3bdbb0d u0 com.presyohan.app/.JoinStoreActivity t12358} true
2025-11-23 03:29:35.798  1983-2195  WindowManager           system_server                        E  setClientVisible ActivityRecord{3e99871 u0 com.presyohan.app/.StoreActivity t12358} false
2025-11-23 03:29:35.852 28463-28463 ActivityThread          com.presyohan.app                    D  Fail to check app heapsize due to java.lang.NoSuchMethodException: dalvik.system.VMRuntime.getBlockingGcCountForAlloc []
2025-11-23 03:29:36.056  1983-3368  WindowManager           system_server                        E  setClientVisible ActivityRecord{3e99871 u0 com.presyohan.app/.StoreActivity t12358} true
2025-11-23 03:29:36.160  1983-2014  WindowManager           system_server                        E  setClientVisible ActivityRecord{3e99871 u0 com.presyohan.app/.StoreActivity t12358} true
2025-11-23 03:29:36.683 28463-28463 MiuiCamera...redManager com.presyohan.app                    D  java.lang.NullPointerException: Attempt to invoke virtual method 'java.lang.String android.provider.MiuiSettings$SettingsCloudData$CloudData.getString(java.lang.String, java.lang.String)' on a null object reference
2025-11-23 03:29:36.699  1983-3368  WindowManager           system_server                        E  setClientVisible ActivityRecord{3bdbb0d u0 com.presyohan.app/.JoinStoreActivity t12358 f}} false
2025-11-23 03:29:36.788 28463-28463 ActivityThread          com.presyohan.app                    D  Fail to check app heapsize due to java.lang.NoSuchMethodException: dalvik.system.VMRuntime.getBlockingGcCountForAlloc []
2025-11-23 03:29:37.237  1983-3911  WindowManager           system_server                        E  setClientVisible ActivityRecord{92e6d96 u0 com.presyohan.app/.CreateStoreActivity true
2025-11-23 03:29:37.293  1983-2195  WindowManager           system_server                        E  setClientVisible ActivityRecord{92e6d96 u0 com.presyohan.app/.CreateStoreActivity t12358} true
2025-11-23 03:29:37.296  1983-2195  WindowManager           system_server                        E  setClientVisible ActivityRecord{92e6d96 u0 com.presyohan.app/.CreateStoreActivity t12358} true
2025-11-23 03:29:37.306 28463-28463 ActivityThread          com.presyohan.app                    I  HardwareRenderer preload  done
2025-11-23 03:29:37.406 28463-28463 MiuiCamera...redManager com.presyohan.app                    D  java.lang.NullPointerException: Attempt to invoke virtual method 'java.lang.String android.provider.MiuiSettings$SettingsCloudData$CloudData.getString(java.lang.String, java.lang.String)' on a null object reference
2025-11-23 03:29:37.517  1983-2014  WindowManager           system_server                        E  setClientVisible ActivityRecord{92e6d96 u0 com.presyohan.app/.CreateStoreActivity t12358} true
2025-11-23 03:29:38.057  1983-2865  WindowManager           system_server                        E  setClientVisible ActivityRecord{3e99871 u0 com.presyohan.app/.StoreActivity t12358} false
2025-11-23 03:29:38.087 28463-28463 ActivityThread          com.presyohan.app                    D  Fail to check app heapsize due to java.lang.NoSuchMethodException: dalvik.system.VMRuntime.getBlockingGcCountForAlloc []
2025-11-23 03:29:44.496 28463-28463 MiuiCamera...redManager com.presyohan.app                    D  java.lang.NullPointerException: Attempt to invoke virtual method 'java.lang.String android.provider.MiuiSettings$SettingsCloudData$CloudData.getString(java.lang.String, java.lang.String)' on a null object reference
2025-11-23 03:29:46.332 28463-28463 MiuiCamera...redManager com.presyohan.app                    D  java.lang.NullPointerException: Attempt to invoke virtual method 'java.lang.String android.provider.MiuiSettings$SettingsCloudData$CloudData.getString(java.lang.String, java.lang.String)' on a null object reference
2025-11-23 03:29:47.200 28463-28463 MiuiCamera...redManager com.presyohan.app                    D  java.lang.NullPointerException: Attempt to invoke virtual method 'java.lang.String android.provider.MiuiSettings$SettingsCloudData$CloudData.getString(java.lang.String, java.lang.String)' on a null object reference
2025-11-23 03:29:48.480 28463-28463 MiuiCamera...redManager com.presyohan.app                    D  java.lang.NullPointerException: Attempt to invoke virtual method 'java.lang.String android.provider.MiuiSettings$SettingsCloudData$CloudData.getString(java.lang.String, java.lang.String)' on a null object reference
2025-11-23 03:29:57.263 28463-28463 MiuiCamera...redManager com.presyohan.app                    D  java.lang.NullPointerException: Attempt to invoke virtual method 'java.lang.String android.provider.MiuiSettings$SettingsCloudData$CloudData.getString(java.lang.String, java.lang.String)' on a null object reference
2025-11-23 03:30:00.083 28463-28463 MiuiCamera...redManager com.presyohan.app                    D  java.lang.NullPointerException: Attempt to invoke virtual method 'java.lang.String android.provider.MiuiSettings$SettingsCloudData$CloudData.getString(java.lang.String, java.lang.String)' on a null object reference
2025-11-23 03:30:05.841 28463-28463 MiuiCamera...redManager com.presyohan.app                    D  java.lang.NullPointerException: Attempt to invoke virtual method 'java.lang.String android.provider.MiuiSettings$SettingsCloudData$CloudData.getString(java.lang.String, java.lang.String)' on a null object reference
2025-11-23 03:30:07.207 28463-28463 MiuiCamera...redManager com.presyohan.app                    D  java.lang.NullPointerException: Attempt to invoke virtual method 'java.lang.String android.provider.MiuiSettings$SettingsCloudData$CloudData.getString(java.lang.String, java.lang.String)' on a null object reference
2025-11-23 03:30:14.510  1983-2195  WindowManager           system_server                        E  setClientVisible ActivityRecord{3e99871 u0 com.presyohan.app/.StoreActivity t12358} true
2025-11-23 03:30:14.601  1983-2014  WindowManager           system_server                        E  setClientVisible ActivityRecord{3e99871 u0 com.presyohan.app/.StoreActivity t12358} true
2025-11-23 03:30:15.144  1983-3685  WindowManager           system_server                        E  setClientVisible ActivityRecord{92e6d96 u0 com.presyohan.app/.CreateStoreActivity t12358 f}} false
2025-11-23 03:30:15.194 28463-28463 ActivityThread          com.presyohan.app                    D  Fail to check app heapsize due to java.lang.NoSuchMethodException: dalvik.system.VMRuntime.getBlockingGcCountForAlloc []
2025-11-23 03:31:11.362  1983-5748  WindowManager           system_server                        E  setClientVisible ActivityRecord{3e99871 u0 com.presyohan.app/.StoreActivity t12358 f} isExiting} false
--------- beginning of main
2025-11-23 03:31:12.893  1983-2720  WindowManager           system_server                        E  setClientVisible ActivityRecord{99953e5 u0 com.presyohan.app/.SplashActivity true
2025-11-23 03:31:12.942  1983-2720  WindowManager           system_server                        E  setClientVisible ActivityRecord{99953e5 u0 com.presyohan.app/.SplashActivity t12359} true
2025-11-23 03:31:12.944 29973-29973 Zygote                  com.presyohan.app                    E  process_name_ptr:29973 com.presyohan.app
2025-11-23 03:31:12.944 29973-29973 Zygote                  com.presyohan.app                    E  SetMemoryProtected process_name_ptr:29973 com.presyohan.app
2025-11-23 03:31:12.953 29973-29973 m.presyohan.app         com.presyohan.app                    I  Late-enabling -Xcheck:jni
2025-11-23 03:31:12.979 29973-29973 m.presyohan.app         com.presyohan.app                    I  Using CollectorTypeCMC GC.
2025-11-23 03:31:12.987 29973-29973 nativeloader            com.presyohan.app                    D  Load libframework-connectivity-tiramisu-jni.so using APEX ns com_android_tethering for caller /apex/com.android.tethering/javalib/framework-connectivity-t.jar: ok
2025-11-23 03:31:12.994  1983-2014  WindowManager           system_server                        E  setClientVisible ActivityRecord{99953e5 u0 com.presyohan.app/.SplashActivity t12359} true
2025-11-23 03:31:12.996 29973-29973 MessageMonitor          com.presyohan.app                    I  Load libmiui_runtime
2025-11-23 03:31:13.067  2809-4893  ActivityManagerWrapper  com.miui.home                        E  getRecentTasksForceIncludingTaskIdIfValid: getRecentTasks: size=4
                                                                                                     mainTaskId=12359   userId=0   windowMode=1   baseIntent=Intent { act=android.intent.action.MAIN flag=268435456 cmp=ComponentInfo{com.presyohan.app/com.presyohan.app.SplashActivity} }
                                                                                                     mainTaskId=9   userId=0   windowMode=1   baseIntent=Intent { act=android.settings.SETTINGS flag=335544320 cmp=ComponentInfo{com.android.settings/com.android.settings.MiuiSettings} }
                                                                                                     mainTaskId=12352   userId=0   windowMode=0   baseIntent=Intent { act=android.intent.action.MAIN flag=270532608 cmp=ComponentInfo{com.ss.android.ugc.trill/com.ss.android.ugc.aweme.splash.SplashActivity} }
                                                                                                     mainTaskId=12354   userId=999   windowMode=0   baseIntent=Intent { act=null flag=335544320 cmp=ComponentInfo{com.facebook.orca/com.facebook.messenger.neue.MainActivity} }
2025-11-23 03:31:13.067 29973-29973 JavaheapMonitor         com.presyohan.app                    I  Disabled. Process name: <pre-initialized>
2025-11-23 03:31:13.077 29973-29984 AppScoutStateMachine    com.presyohan.app                    D  29973-ScoutStateMachinecreated
2025-11-23 03:31:13.095 29973-29973 nativeloader            com.presyohan.app                    D  Load /data/user/0/com.presyohan.app/code_cache/startup_agents/08513c79-agent.so using system ns (caller=<unknown>): ok
2025-11-23 03:31:13.097  2809-4893  ActivityManagerWrapper  com.miui.home                        E  getRecentTasksForceIncludingTaskIdIfValid: getRecentTasks: size=4
                                                                                                     mainTaskId=12359   userId=0   windowMode=1   baseIntent=Intent { act=android.intent.action.MAIN flag=268435456 cmp=ComponentInfo{com.presyohan.app/com.presyohan.app.SplashActivity} }
                                                                                                     mainTaskId=9   userId=0   windowMode=1   baseIntent=Intent { act=android.settings.SETTINGS flag=335544320 cmp=ComponentInfo{com.android.settings/com.android.settings.MiuiSettings} }
                                                                                                     mainTaskId=12352   userId=0   windowMode=0   baseIntent=Intent { act=android.intent.action.MAIN flag=270532608 cmp=ComponentInfo{com.ss.android.ugc.trill/com.ss.android.ugc.aweme.splash.SplashActivity} }
                                                                                                     mainTaskId=12354   userId=999   windowMode=0   baseIntent=Intent { act=null flag=335544320 cmp=ComponentInfo{com.facebook.orca/com.facebook.messenger.neue.MainActivity} }
2025-11-23 03:31:13.104 29973-29973 m.presyohan.app         com.presyohan.app                    W  hiddenapi: DexFile /data/data/com.presyohan.app/code_cache/.studio/instruments-6ac1d072.jar is in boot class path but is not in a known location
2025-11-23 03:31:13.410 29973-29973 m.presyohan.app         com.presyohan.app                    W  Redefining intrinsic method java.lang.Thread java.lang.Thread.currentThread(). This may cause the unexpected use of the original definition of java.lang.Thread java.lang.Thread.currentThread()in methods that have already been compiled.
2025-11-23 03:31:13.411 29973-29973 m.presyohan.app         com.presyohan.app                    W  Redefining intrinsic method boolean java.lang.Thread.interrupted(). This may cause the unexpected use of the original definition of boolean java.lang.Thread.interrupted()in methods that have already been compiled.
2025-11-23 03:31:13.427 29973-29973 MiuiMonitorThread       com.presyohan.app                    D  Shared singleton Thread for stability monitor start
2025-11-23 03:31:13.446 29973-29973 ActivityThread          com.presyohan.app                    D  setEmbeddedParam packageName=com.presyohan.app processName=com.presyohan.app isEmbedded=false isIsolated=false
2025-11-23 03:31:13.456 29973-29973 CompatChangeReporter    com.presyohan.app                    D  Compat change id reported: 202956589; UID 10384; state: ENABLED
2025-11-23 03:31:13.639  2809-4893  ActivityManagerWrapper  com.miui.home                        E  getRecentTasksForceIncludingTaskIdIfValid: getRecentTasks: size=4
                                                                                                     mainTaskId=12359   userId=0   windowMode=1   baseIntent=Intent { act=android.intent.action.MAIN flag=268435456 cmp=ComponentInfo{com.presyohan.app/com.presyohan.app.SplashActivity} }
                                                                                                     mainTaskId=9   userId=0   windowMode=1   baseIntent=Intent { act=android.settings.SETTINGS flag=335544320 cmp=ComponentInfo{com.android.settings/com.android.settings.MiuiSettings} }
                                                                                                     mainTaskId=12352   userId=0   windowMode=0   baseIntent=Intent { act=android.intent.action.MAIN flag=270532608 cmp=ComponentInfo{com.ss.android.ugc.trill/com.ss.android.ugc.aweme.splash.SplashActivity} }
                                                                                                     mainTaskId=12354   userId=999   windowMode=0   baseIntent=Intent { act=null flag=335544320 cmp=ComponentInfo{com.facebook.orca/com.facebook.messenger.neue.MainActivity} }
2025-11-23 03:31:14.051 29973-29973 nativeloader            com.presyohan.app                    D  Configuring clns-7 for other apk /data/app/~~bWjUfq78boGVAZCbpBEaZw==/com.presyohan.app-C2pnWDnpVX1Cqq0OdZtdLQ==/base.apk. target_sdk_version=35, uses_libraries=, library_path=/data/app/~~bWjUfq78boGVAZCbpBEaZw==/com.presyohan.app-C2pnWDnpVX1Cqq0OdZtdLQ==/lib/arm64:/data/app/~~bWjUfq78boGVAZCbpBEaZw==/com.presyohan.app-C2pnWDnpVX1Cqq0OdZtdLQ==/base.apk!/lib/arm64-v8a, permitted_path=/data:/mnt/expand:/data/user/0/com.presyohan.app
2025-11-23 03:31:14.065 29973-29973 GraphicsEnvironment     com.presyohan.app                    V  Currently set values for:
2025-11-23 03:31:14.065 29973-29973 GraphicsEnvironment     com.presyohan.app                    V    angle_gl_driver_selection_pkgs=[]
2025-11-23 03:31:14.065 29973-29973 GraphicsEnvironment     com.presyohan.app                    V    angle_gl_driver_selection_values=[]
2025-11-23 03:31:14.065 29973-29973 GraphicsEnvironment     com.presyohan.app                    V  Global.Settings values are invalid: number of packages: 0, number of values: 0
2025-11-23 03:31:14.065 29973-29973 GraphicsEnvironment     com.presyohan.app                    V  Neither updatable production driver nor prerelease driver is supported.
2025-11-23 03:31:14.067 29973-29973 ActivityThread          com.presyohan.app                    I  TrafficStats init done
2025-11-23 03:31:14.069 29973-29973 ForceDarkHelperStubImpl com.presyohan.app                    I  initialize for com.presyohan.app , ForceDarkOrigin
2025-11-23 03:31:14.070 29973-29973 nativeloader            com.presyohan.app                    D  Load libforcedarkimpl.so using system ns (caller=/system_ext/framework/miui-framework.jar): ok
2025-11-23 03:31:14.071 29973-29973 HWUI                    com.presyohan.app                    D  JNI_OnLoad success
2025-11-23 03:31:14.071 29973-29973 MiuiForceDarkConfig     com.presyohan.app                    I  setConfig density:2.750000, mainRule:0, secondaryRule:0, tertiaryRule:0
2025-11-23 03:31:14.076 29973-29973 ActivityThread          com.presyohan.app                    I  Miui Feature Init done
2025-11-23 03:31:14.100 29973-30004 CompatChangeReporter    com.presyohan.app                    D  Compat change id reported: 279646685; UID 10384; state: ENABLED
2025-11-23 03:31:14.116 29973-29973 FirebaseApp             com.presyohan.app                    I  Device unlocked: initializing all Firebase APIs for app [DEFAULT]
2025-11-23 03:31:14.120 29973-29973 FirebaseInitProvider    com.presyohan.app                    I  FirebaseApp initialization successful
2025-11-23 03:31:14.192 29973-29973 Supabase-Core           com.presyohan.app                    I  SupabaseClient created! Please report any bugs you find.
2025-11-23 03:31:14.383 29973-29973 System.err              com.presyohan.app                    W  SLF4J(W): No SLF4J providers were found.
2025-11-23 03:31:14.383 29973-29973 System.err              com.presyohan.app                    W  SLF4J(W): Defaulting to no-operation (NOP) logger implementation
2025-11-23 03:31:14.383 29973-29973 System.err              com.presyohan.app                    W  SLF4J(W): See https://www.slf4j.org/codes.html#noProviders for further details.
2025-11-23 03:31:14.861 29973-30023 Supabase-Auth           com.presyohan.app                    I  Loading session from storage...
2025-11-23 03:31:14.877 29973-29973 Looper                  com.presyohan.app                    W  PerfMonitor longMsg : seq=3 plan=03:31:13.069 late=356ms wall=1447ms h=android.app.ActivityThread$H w=110 procState=-1
2025-11-23 03:31:14.877 29973-29973 libc                    com.presyohan.app                    W  Access denied finding property "ro.vendor.perf.scroll_opt"
2025-11-23 03:31:14.882 29973-29973 nativeloader            com.presyohan.app                    D  Load libpowerhalwrap_jni.so using system ns (caller=/system_ext/framework/mediatek-framework.jar): ok
2025-11-23 03:31:14.883 29973-29973 PowerHalWrapper         com.presyohan.app                    I  PowerHalWrapper.getInstance 
2025-11-23 03:31:14.883 29973-29973 M-ProMotion             com.presyohan.app                    I  M-ProMotion is disabled
2025-11-23 03:31:14.887 29973-29973 Choreographer           com.presyohan.app                    I  Skipped 89 frames!  The application may be doing too much work on its main thread.
2025-11-23 03:31:14.887 29973-29973 UserSceneDetector       com.presyohan.app                    D  invoke error.
2025-11-23 03:31:14.888 29973-29973 Looper                  com.presyohan.app                    W  PerfMonitor doFrame : time=1ms vsyncFrame=13781 latency=752ms procState=-1 historyMsgCount=2 (msgIndex=1 wall=1447ms seq=3 late=356ms h=android.app.ActivityThread$H w=110)
2025-11-23 03:31:14.891 29973-29973 ActivityThread          com.presyohan.app                    I  HardwareRenderer preload  done
2025-11-23 03:31:14.898 29973-30028 libc                    com.presyohan.app                    W  Access denied finding property "vendor.migl.debug"
2025-11-23 03:31:14.898 29973-30028 libMiGL                 com.presyohan.app                    I  EnableDR: 0
2025-11-23 03:31:14.899 29973-30028 libMEOW                 com.presyohan.app                    D  meow new tls: 0xb400007ce0ca6020
2025-11-23 03:31:14.899 29973-30028 libMEOW                 com.presyohan.app                    D  meow reload base cfg path: na
2025-11-23 03:31:14.899 29973-30028 libMEOW                 com.presyohan.app                    D  meow reload overlay cfg path: na
2025-11-23 03:31:14.901 29973-30028 QT                      com.presyohan.app                    E  [QT]file does not exist
2025-11-23 03:31:14.904 29973-30028 libMEOW                 com.presyohan.app                    D  applied 1 plugins for [com.presyohan.app]:
2025-11-23 03:31:14.904 29973-30028 libMEOW                 com.presyohan.app                    D    plugin 1: [libMEOW_gift.so]: 0xb400007ea0cc78c0
2025-11-23 03:31:14.905 29973-30028 libMEOW                 com.presyohan.app                    D  rebuild call chain: 0xb400007ce0d96110
2025-11-23 03:31:14.922 29973-30023 Supabase-Auth           com.presyohan.app                    I  Successfully loaded session from storage!
2025-11-23 03:31:14.928 29973-29973 CompatChangeReporter    com.presyohan.app                    D  Compat change id reported: 309578419; UID 10384; state: ENABLED
2025-11-23 03:31:14.953 29973-29973 CompatChangeReporter    com.presyohan.app                    D  Compat change id reported: 63938206; UID 10384; state: ENABLED
2025-11-23 03:31:14.965 29973-29973 libc                    com.presyohan.app                    W  Access denied finding property "ro.vendor.df.effect.conflict"
2025-11-23 03:31:14.967 29973-29973 SecurityManager         com.presyohan.app                    D  checkAccessControl flag1
2025-11-23 03:31:14.969 29973-30027 PowerHalWrapper         com.presyohan.app                    I  PowerHalWrapper.getInstance 
2025-11-23 03:31:14.972 29973-29973 CompatChangeReporter    com.presyohan.app                    D  Compat change id reported: 352594277; UID 10384; state: ENABLED
2025-11-23 03:31:14.974 29973-29973 SurfaceFactory          com.presyohan.app                    I  [static] sSurfaceFactory = com.mediatek.view.impl.SurfaceFactoryImpl@ce5bc70
2025-11-23 03:31:14.982 29973-29973 MiuiCamera...redManager com.presyohan.app                    D  java.lang.NullPointerException: Attempt to invoke virtual method 'java.lang.String android.provider.MiuiSettings$SettingsCloudData$CloudData.getString(java.lang.String, java.lang.String)' on a null object reference
2025-11-23 03:31:14.985 29973-30028 libc                    com.presyohan.app                    W  Access denied finding property "ro.vendor.display.iris_x7.support"
2025-11-23 03:31:14.993 29973-29973 VRI[SplashActivity]     com.presyohan.app                    D  hardware acceleration = true, forceHwAccelerated = false
2025-11-23 03:31:15.002 29973-29973 InputEventReceiver      com.presyohan.app                    D  Input log is disabled in InputEventReceiver.
2025-11-23 03:31:15.040 29973-29973 BufferQueueConsumer     com.presyohan.app                    D  [](id:751500000000,api:0,p:-1,c:29973) connect: controlledByApp=false
2025-11-23 03:31:15.042 29973-29973 BLASTBufferQueue        com.presyohan.app                    D  [VRI[SplashActivity]#0](f:0,a:0) constructor()
2025-11-23 03:31:15.042 29973-29973 BLASTBufferQueue        com.presyohan.app                    D  [VRI[SplashActivity]#0](f:0,a:0) update width=1080 height=2400 format=-1 mTransformHint=0
2025-11-23 03:31:15.054 29973-29973 VRI[SplashActivity]     com.presyohan.app                    D  vri.reportNextDraw android.view.ViewRootImpl.performTraversals:4985 android.view.ViewRootImpl.doTraversal:3572 android.view.ViewRootImpl$TraversalRunnable.run:11792 android.view.Choreographer$CallbackRecord.run:1821 android.view.Choreographer$CallbackRecord.run:1830 
2025-11-23 03:31:15.055 29973-29973 VRI[SplashActivity]     com.presyohan.app                    D  Setup new sync=wmsSync-VRI[SplashActivity]#0
2025-11-23 03:31:15.057 29973-29973 UserSceneDetector       com.presyohan.app                    D  invoke error.
2025-11-23 03:31:15.070 29973-30028 HWUI                    com.presyohan.app                    D  makeCurrent grContext:0xb400007e00c96810 reset mTextureAvailable
2025-11-23 03:31:15.071 29973-30028 m.presyohan.app         com.presyohan.app                    D  MiuiProcessManagerServiceStub setSchedFifo
2025-11-23 03:31:15.071 29973-30028 MiuiProcessManagerImpl  com.presyohan.app                    I  setSchedFifo pid:29973, mode:3
2025-11-23 03:31:15.072 29973-30028 libc                    com.presyohan.app                    W  Access denied finding property "ro.vendor.magt.mtk_magt_support"
2025-11-23 03:31:15.072 29973-30028 MAGT_SYNC_FRAME         com.presyohan.app                    D  MAGT Sync: MAGT is not supported. Disabling Sync.
2025-11-23 03:31:15.077 29973-30028 libc                    com.presyohan.app                    W  Access denied finding property "ro.vendor.display.iris_x7.support"
2025-11-23 03:31:15.092 29973-30028 LB                      com.presyohan.app                    E  fail to open file: No such file or directory
2025-11-23 03:31:15.092 29973-30028 LB                      com.presyohan.app                    E  fail to open node: No such file or directory
2025-11-23 03:31:15.092 29973-30028 LB                      com.presyohan.app                    E  fail to open node: No such file or directory
2025-11-23 03:31:15.093 29973-30028 GrallocExtra            com.presyohan.app                    I  gralloc_extra_query:is_SW3D 0
2025-11-23 03:31:15.093 29973-30028 libc                    com.presyohan.app                    W  Access denied finding property "ro.vendor.display.iris_x7.support"
2025-11-23 03:31:15.093 29973-30028 BLASTBufferQueue        com.presyohan.app                    D  [VRI[SplashActivity]#0](f:0,a:1) acquireNextBufferLocked size=1080x2400 mFrameNumber=1 applyTransaction=true mTimestamp=580481376957(auto) mPendingTransactions.size=0 graphicBufferId=128733054763014 transform=0
2025-11-23 03:31:15.094 29973-29973 VRI[SplashActivity]     com.presyohan.app                    D  vri.reportDrawFinished
2025-11-23 03:31:15.095 29973-30049 LibMBrainProxy          com.presyohan.app                    D  Init Paramters
2025-11-23 03:31:15.129 29973-29973 HandWritingStubImpl     com.presyohan.app                    I  refreshLastKeyboardType: 1
2025-11-23 03:31:15.130 29973-29973 HandWritingStubImpl     com.presyohan.app                    I  getCurrentKeyboardType: 1
2025-11-23 03:31:15.143 29973-29973 HandWritingStubImpl     com.presyohan.app                    I  getCurrentKeyboardType: 1
