--------- beginning of system
--------- beginning of crash
2025-11-30 12:02:32.026  1702-2670  WindowManager           system_server                        E  setClientVisible ActivityRecord{4394d8 u0 com.presyohan.app/.SplashActivity true
2025-11-30 12:02:32.092  1702-2670  WindowManager           system_server                        E  setClientVisible ActivityRecord{4394d8 u0 com.presyohan.app/.SplashActivity t12874} true
2025-11-30 12:02:32.167  1702-1732  WindowManager           system_server                        E  setClientVisible ActivityRecord{4394d8 u0 com.presyohan.app/.SplashActivity t12874} true
2025-11-30 12:02:37.949  1702-3359  WindowManager           system_server                        E  setClientVisible ActivityRecord{e7b310f u0 com.presyohan.app/.LoginActivity true
2025-11-30 12:02:38.051  1702-1717  WindowManager           system_server                        E  setClientVisible ActivityRecord{e7b310f u0 com.presyohan.app/.LoginActivity t12874} true
2025-11-30 12:02:38.057  1702-1717  WindowManager           system_server                        E  setClientVisible ActivityRecord{e7b310f u0 com.presyohan.app/.LoginActivity t12874} true
2025-11-30 12:02:38.759  1702-1732  WindowManager           system_server                        E  setClientVisible ActivityRecord{e7b310f u0 com.presyohan.app/.LoginActivity t12874} true
2025-11-30 12:02:39.373  1702-2676  WindowManager           system_server                        E  setClientVisible ActivityRecord{4394d8 u0 com.presyohan.app/.SplashActivity t12874 f}} false
2025-11-30 12:02:39.924  1702-3128  WindowManager           system_server                        E  setClientVisible ActivityRecord{c669aba u0 com.presyohan.app/com.google.android.gms.auth.api.signin.internal.SignInHubActivity true
2025-11-30 12:02:39.970  1702-3128  WindowManager           system_server                        E  setClientVisible ActivityRecord{c669aba u0 com.presyohan.app/com.google.android.gms.auth.api.signin.internal.SignInHubActivity t12874} true
2025-11-30 12:02:39.979  1702-3128  WindowManager           system_server                        E  setClientVisible ActivityRecord{c669aba u0 com.presyohan.app/com.google.android.gms.auth.api.signin.internal.SignInHubActivity t12874} true
2025-11-30 12:02:41.365  1702-1732  WindowManager           system_server                        E  setClientVisible ActivityRecord{c669aba u0 com.presyohan.app/com.google.android.gms.auth.api.signin.internal.SignInHubActivity t12874} true
2025-11-30 12:02:46.483  1702-2601  WindowManager           system_server                        E  setClientVisible ActivityRecord{c669aba u0 com.presyohan.app/com.google.android.gms.auth.api.signin.internal.SignInHubActivity t12874 f}} false
2025-11-30 12:02:47.244  1702-5408  WindowManager           system_server                        E  setClientVisible ActivityRecord{9a7a8cc u0 com.presyohan.app/.StoreActivity true
2025-11-30 12:02:47.326  1702-2599  WindowManager           system_server                        E  setClientVisible ActivityRecord{9a7a8cc u0 com.presyohan.app/.StoreActivity t12874} true
2025-11-30 12:02:47.330  1702-2599  WindowManager           system_server                        E  setClientVisible ActivityRecord{9a7a8cc u0 com.presyohan.app/.StoreActivity t12874} true
2025-11-30 12:02:48.025  1702-1732  WindowManager           system_server                        E  setClientVisible ActivityRecord{9a7a8cc u0 com.presyohan.app/.StoreActivity t12874} true
2025-11-30 12:02:48.576  1702-5423  WindowManager           system_server                        E  setClientVisible ActivityRecord{e7b310f u0 com.presyohan.app/.LoginActivity t12874 f}} false
2025-11-30 12:03:17.266  1702-2676  WindowManager           system_server                        E  setClientVisible ActivityRecord{9a7a8cc u0 com.presyohan.app/.StoreActivity t12874} false
2025-11-30 12:24:32.331  1702-2238  WindowManager           system_server                        E  setClientVisible ActivityRecord{9a7a8cc u0 com.presyohan.app/.StoreActivity t12874} true
2025-11-30 12:24:32.443  1702-1732  WindowManager           system_server                        E  setClientVisible ActivityRecord{9a7a8cc u0 com.presyohan.app/.StoreActivity t12874} true
2025-11-30 12:24:45.305  1702-3333  WindowManager           system_server                        E  setClientVisible ActivityRecord{9a7a8cc u0 com.presyohan.app/.StoreActivity t12874} false
2025-11-30 12:27:23.243  1702-3130  WindowManager           system_server                        E  setClientVisible ActivityRecord{aebd337 u0 com.presyohan.app/.SplashActivity true
2025-11-30 12:27:23.389  1702-5395  WindowManager           system_server                        E  setClientVisible ActivityRecord{aebd337 u0 com.presyohan.app/.SplashActivity t12877} true
2025-11-30 12:27:23.423  1702-1732  WindowManager           system_server                        E  setClientVisible ActivityRecord{aebd337 u0 com.presyohan.app/.SplashActivity t12877} true
2025-11-30 12:27:28.349  1702-2676  WindowManager           system_server                        E  setClientVisible ActivityRecord{c946a35 u0 com.presyohan.app/.StoreActivity true
2025-11-30 12:27:28.402  1702-1717  WindowManager           system_server                        E  setClientVisible ActivityRecord{c946a35 u0 com.presyohan.app/.StoreActivity t12877} true
2025-11-30 12:27:28.403  1702-1717  WindowManager           system_server                        E  setClientVisible ActivityRecord{c946a35 u0 com.presyohan.app/.StoreActivity t12877} true
2025-11-30 12:27:29.091  1702-1732  WindowManager           system_server                        E  setClientVisible ActivityRecord{c946a35 u0 com.presyohan.app/.StoreActivity t12877} true
2025-11-30 12:27:29.645  1702-2774  WindowManager           system_server                        E  setClientVisible ActivityRecord{aebd337 u0 com.presyohan.app/.SplashActivity t12877 f}} false
2025-11-30 12:29:17.622  1702-1907  WindowManager           system_server                        E  setClientVisible ActivityRecord{5216400 u0 com.presyohan.app/.HomeActivity true
2025-11-30 12:29:17.643  1702-2238  WindowManager           system_server                        E  setClientVisible ActivityRecord{5216400 u0 com.presyohan.app/.HomeActivity t12877} true
2025-11-30 12:29:17.645  1702-2238  WindowManager           system_server                        E  setClientVisible ActivityRecord{5216400 u0 com.presyohan.app/.HomeActivity t12877} true
2025-11-30 12:29:17.976  1702-1732  WindowManager           system_server                        E  setClientVisible ActivityRecord{5216400 u0 com.presyohan.app/.HomeActivity t12877} true
2025-11-30 12:29:18.507  1702-1907  WindowManager           system_server                        E  setClientVisible ActivityRecord{c946a35 u0 com.presyohan.app/.StoreActivity t12877} false
2025-11-30 12:32:40.555  1702-1906  WindowManager           system_server                        E  setClientVisible ActivityRecord{b01e293 u0 com.presyohan.app/.AddItemActivity true
2025-11-30 12:32:40.576  1702-3130  WindowManager           system_server                        E  setClientVisible ActivityRecord{b01e293 u0 com.presyohan.app/.AddItemActivity t12877} true
2025-11-30 12:32:40.579  1702-3130  WindowManager           system_server                        E  setClientVisible ActivityRecord{b01e293 u0 com.presyohan.app/.AddItemActivity t12877} true
2025-11-30 12:32:40.801  1702-1732  WindowManager           system_server                        E  setClientVisible ActivityRecord{b01e293 u0 com.presyohan.app/.AddItemActivity t12877} true
2025-11-30 12:32:41.332  1702-2238  WindowManager           system_server                        E  setClientVisible ActivityRecord{5216400 u0 com.presyohan.app/.HomeActivity t12877} false
2025-11-30 12:32:42.372  1702-1907  WindowManager           system_server                        E  setClientVisible ActivityRecord{5216400 u0 com.presyohan.app/.HomeActivity t12877} true
2025-11-30 12:32:42.439  1702-1732  WindowManager           system_server                        E  setClientVisible ActivityRecord{5216400 u0 com.presyohan.app/.HomeActivity t12877} true
2025-11-30 12:32:42.970  1702-2670  WindowManager           system_server                        E  setClientVisible ActivityRecord{b01e293 u0 com.presyohan.app/.AddItemActivity t12877 f}} false
2025-11-30 12:46:17.996 21401-21401 ActivityThread          com.presyohan.app                    I  TrafficStats init done
2025-11-30 12:46:18.008 21401-21401 ActivityThread          com.presyohan.app                    D  useGrowthLimitOutExpendMethod invoke error.
2025-11-30 12:46:18.020 21401-21401 ActivityThread          com.presyohan.app                    I  Miui Feature Init done
2025-11-30 12:46:18.802 21401-21401 UserSceneDetector       com.presyohan.app                    D  invoke error.
2025-11-30 12:46:18.804 21401-21401 Looper                  com.presyohan.app                    W  PerfMonitor doFrame : time=2ms vsyncFrame=36958 latency=644ms procState=-1 historyMsgCount=19 (msgIndex=1 wall=902ms seq=2 late=10ms h=android.app.ActivityThread$H w=110)
2025-11-30 12:48:20.487  1702-3125  WindowManager           system_server                        E  setClientVisible ActivityRecord{200a4e2 u0 com.presyohan.app/.StoreActivity true
2025-11-30 12:48:20.521  1702-3360  WindowManager           system_server                        E  setClientVisible ActivityRecord{200a4e2 u0 com.presyohan.app/.StoreActivity t12877} true
2025-11-30 12:48:20.523  1702-3360  WindowManager           system_server                        E  setClientVisible ActivityRecord{200a4e2 u0 com.presyohan.app/.StoreActivity t12877} true
2025-11-30 12:48:20.551  1702-3333  WindowManager           system_server                        E  setClientVisible ActivityRecord{200a4e2 u0 com.presyohan.app/.StoreActivity t12877} true
2025-11-30 12:48:21.083  1702-2512  WindowManager           system_server                        E  setClientVisible ActivityRecord{5216400 u0 com.presyohan.app/.HomeActivity t12877 f}} false
2025-11-30 12:48:23.586  1702-3333  WindowManager           system_server                        E  setClientVisible ActivityRecord{4b5b31c u0 com.presyohan.app/.HomeActivity true
2025-11-30 12:48:23.606  1702-2512  WindowManager           system_server                        E  setClientVisible ActivityRecord{4b5b31c u0 com.presyohan.app/.HomeActivity t12877} true
2025-11-30 12:48:23.608  1702-2512  WindowManager           system_server                        E  setClientVisible ActivityRecord{4b5b31c u0 com.presyohan.app/.HomeActivity t12877} true
2025-11-30 12:48:23.802  1702-1732  WindowManager           system_server                        E  setClientVisible ActivityRecord{4b5b31c u0 com.presyohan.app/.HomeActivity t12877} true
2025-11-30 12:48:24.339  1702-2267  WindowManager           system_server                        E  setClientVisible ActivityRecord{200a4e2 u0 com.presyohan.app/.StoreActivity t12877} false
2025-11-30 12:53:57.689  1702-2366  WindowManager           system_server                        E  setClientVisible ActivityRecord{4b5b31c u0 com.presyohan.app/.HomeActivity t12877 f} isExiting} false
2025-11-30 12:54:03.291  1702-2237  WindowManager           system_server                        E  setClientVisible ActivityRecord{beeb54 u0 com.presyohan.app/.SplashActivity true
2025-11-30 12:54:03.367  1702-2601  WindowManager           system_server                        E  setClientVisible ActivityRecord{beeb54 u0 com.presyohan.app/.SplashActivity t12879} true
2025-11-30 12:54:03.428  1702-1732  WindowManager           system_server                        E  setClientVisible ActivityRecord{beeb54 u0 com.presyohan.app/.SplashActivity t12879} true
2025-11-30 12:54:06.568  1702-2670  WindowManager           system_server                        E  setClientVisible ActivityRecord{6a5d41d u0 com.presyohan.app/.LoginActivity true
2025-11-30 12:54:06.598  1702-5423  WindowManager           system_server                        E  setClientVisible ActivityRecord{6a5d41d u0 com.presyohan.app/.LoginActivity t12879} true
2025-11-30 12:54:06.600  1702-5423  WindowManager           system_server                        E  setClientVisible ActivityRecord{6a5d41d u0 com.presyohan.app/.LoginActivity t12879} true
2025-11-30 12:54:06.912  1702-1732  WindowManager           system_server                        E  setClientVisible ActivityRecord{6a5d41d u0 com.presyohan.app/.LoginActivity t12879} true
2025-11-30 12:54:07.440  1702-5395  WindowManager           system_server                        E  setClientVisible ActivityRecord{beeb54 u0 com.presyohan.app/.SplashActivity t12879 f}} false
2025-11-30 12:54:08.069  1702-5423  WindowManager           system_server                        E  setClientVisible ActivityRecord{dd224a4 u0 com.presyohan.app/com.google.android.gms.auth.api.signin.internal.SignInHubActivity true
2025-11-30 12:54:08.089  1702-5423  WindowManager           system_server                        E  setClientVisible ActivityRecord{dd224a4 u0 com.presyohan.app/com.google.android.gms.auth.api.signin.internal.SignInHubActivity t12879} true
2025-11-30 12:54:08.090  1702-5423  WindowManager           system_server                        E  setClientVisible ActivityRecord{dd224a4 u0 com.presyohan.app/com.google.android.gms.auth.api.signin.internal.SignInHubActivity t12879} true
2025-11-30 12:54:08.317  1702-1732  WindowManager           system_server                        E  setClientVisible ActivityRecord{dd224a4 u0 com.presyohan.app/com.google.android.gms.auth.api.signin.internal.SignInHubActivity t12879} true
2025-11-30 12:54:10.182  1702-1717  WindowManager           system_server                        E  setClientVisible ActivityRecord{dd224a4 u0 com.presyohan.app/com.google.android.gms.auth.api.signin.internal.SignInHubActivity t12879 f}} false
2025-11-30 12:54:11.715  1702-5423  WindowManager           system_server                        E  setClientVisible ActivityRecord{ddaed00 u0 com.presyohan.app/.StoreActivity true
2025-11-30 12:54:11.760  1702-1908  WindowManager           system_server                        E  setClientVisible ActivityRecord{ddaed00 u0 com.presyohan.app/.StoreActivity t12879} true
2025-11-30 12:54:11.762  1702-1908  WindowManager           system_server                        E  setClientVisible ActivityRecord{ddaed00 u0 com.presyohan.app/.StoreActivity t12879} true
2025-11-30 12:54:12.273  1702-1732  WindowManager           system_server                        E  setClientVisible ActivityRecord{ddaed00 u0 com.presyohan.app/.StoreActivity t12879} true
2025-11-30 12:54:12.826  1702-3333  WindowManager           system_server                        E  setClientVisible ActivityRecord{6a5d41d u0 com.presyohan.app/.LoginActivity t12879 f}} false
2025-11-30 12:54:24.203  1702-3128  WindowManager           system_server                        E  setClientVisible ActivityRecord{e85c484 u0 com.presyohan.app/.HomeActivity true
2025-11-30 12:54:24.246  1702-3130  WindowManager           system_server                        E  setClientVisible ActivityRecord{e85c484 u0 com.presyohan.app/.HomeActivity t12879} true
2025-11-30 12:54:24.248  1702-3130  WindowManager           system_server                        E  setClientVisible ActivityRecord{e85c484 u0 com.presyohan.app/.HomeActivity t12879} true
2025-11-30 12:54:24.645  1702-1732  WindowManager           system_server                        E  setClientVisible ActivityRecord{e85c484 u0 com.presyohan.app/.HomeActivity t12879} true
2025-11-30 12:54:25.181  1702-3333  WindowManager           system_server                        E  setClientVisible ActivityRecord{ddaed00 u0 com.presyohan.app/.StoreActivity t12879} false
2025-11-30 12:54:33.815  1702-5408  WindowManager           system_server                        E  setClientVisible ActivityRecord{2bf8472 u0 com.presyohan.app/.NotificationActivity true
2025-11-30 12:54:33.847  1702-5408  WindowManager           system_server                        E  setClientVisible ActivityRecord{2bf8472 u0 com.presyohan.app/.NotificationActivity t12879} true
2025-11-30 12:54:33.849  1702-5408  WindowManager           system_server                        E  setClientVisible ActivityRecord{2bf8472 u0 com.presyohan.app/.NotificationActivity t12879} true
2025-11-30 12:54:34.056  1702-1732  WindowManager           system_server                        E  setClientVisible ActivityRecord{2bf8472 u0 com.presyohan.app/.NotificationActivity t12879} true
2025-11-30 12:54:34.598  1702-2237  WindowManager           system_server                        E  setClientVisible ActivityRecord{e85c484 u0 com.presyohan.app/.HomeActivity t12879} false
2025-11-30 12:54:36.686  1702-5408  WindowManager           system_server                        E  setClientVisible ActivityRecord{e85c484 u0 com.presyohan.app/.HomeActivity t12879} true
2025-11-30 12:54:36.823  1702-1732  WindowManager           system_server                        E  setClientVisible ActivityRecord{e85c484 u0 com.presyohan.app/.HomeActivity t12879} true
2025-11-30 12:54:37.398  1702-2237  WindowManager           system_server                        E  setClientVisible ActivityRecord{2bf8472 u0 com.presyohan.app/.NotificationActivity t12879 f}} false
2025-11-30 12:55:29.538  1702-2237  WindowManager           system_server                        E  setClientVisible ActivityRecord{7b86bff u0 com.presyohan.app/.StoreActivity true
2025-11-30 12:55:29.569  1702-5300  WindowManager           system_server                        E  setClientVisible ActivityRecord{7b86bff u0 com.presyohan.app/.StoreActivity t12879} true
2025-11-30 12:55:29.573  1702-5300  WindowManager           system_server                        E  setClientVisible ActivityRecord{7b86bff u0 com.presyohan.app/.StoreActivity t12879} true
2025-11-30 12:55:29.604  1702-1732  WindowManager           system_server                        E  setClientVisible ActivityRecord{7b86bff u0 com.presyohan.app/.StoreActivity t12879} true
2025-11-30 12:55:30.131  1702-3128  WindowManager           system_server                        E  setClientVisible ActivityRecord{e85c484 u0 com.presyohan.app/.HomeActivity t12879 f}} false
2025-11-30 12:56:15.928  1702-5408  WindowManager           system_server                        E  setClientVisible ActivityRecord{6730d51 u0 com.presyohan.app/.HomeActivity true
2025-11-30 12:56:15.954  1702-5300  WindowManager           system_server                        E  setClientVisible ActivityRecord{6730d51 u0 com.presyohan.app/.HomeActivity t12879} true
2025-11-30 12:56:15.956  1702-5300  WindowManager           system_server                        E  setClientVisible ActivityRecord{6730d51 u0 com.presyohan.app/.HomeActivity t12879} true
2025-11-30 12:56:16.235  1702-1732  WindowManager           system_server                        E  setClientVisible ActivityRecord{6730d51 u0 com.presyohan.app/.HomeActivity t12879} true
2025-11-30 12:56:16.773  1702-3130  WindowManager           system_server                        E  setClientVisible ActivityRecord{7b86bff u0 com.presyohan.app/.StoreActivity t12879} false
2025-11-30 12:56:22.115  1702-5408  WindowManager           system_server                        E  setClientVisible ActivityRecord{6730d51 u0 com.presyohan.app/.HomeActivity t12879} false
2025-11-30 13:15:00.891  1702-5298  WindowManager           system_server                        E  setClientVisible ActivityRecord{b4a45d4 u0 com.presyohan.app/.SplashActivity true
2025-11-30 13:15:01.585  1702-5298  WindowManager           system_server                        E  setClientVisible ActivityRecord{b4a45d4 u0 com.presyohan.app/.SplashActivity t12882} true
2025-11-30 13:15:01.586  1702-5298  WindowManager           system_server                        E  setClientVisible ActivityRecord{b4a45d4 u0 com.presyohan.app/.SplashActivity t12882} true
2025-11-30 13:15:01.707  1702-5298  WindowManager           system_server                        E  setClientVisible ActivityRecord{b4a45d4 u0 com.presyohan.app/.SplashActivity t12882} true
2025-11-30 13:15:02.545  8919-8919  ActivityThread          com.presyohan.app                    I  TrafficStats init done
2025-11-30 13:15:02.560  8919-8919  ActivityThread          com.presyohan.app                    I  Miui Feature Init done
2025-11-30 13:15:03.721  8919-8919  Looper                  com.presyohan.app                    W  PerfMonitor longMsg : seq=3 plan=13:15:01.366 late=124ms wall=2226ms h=android.app.ActivityThread$H w=110 procState=-1
2025-11-30 13:15:03.789  8919-8919  ActivityThread          com.presyohan.app                    I  HardwareRenderer preload  done
2025-11-30 13:15:04.049  8919-8919  MiuiCamera...redManager com.presyohan.app                    D  java.lang.NullPointerException: Attempt to invoke virtual method 'java.lang.String android.provider.MiuiSettings$SettingsCloudData$CloudData.getString(java.lang.String, java.lang.String)' on a null object reference
2025-11-30 13:15:04.071  8919-8919  ForceDarkHelperStubImpl com.presyohan.app                    I  setViewRootImplForceDark: false for com.presyohan.app.SplashActivity@57ebf49, reason: AppDarkModeEnable
2025-11-30 13:15:04.162  8919-8919  Looper                  com.presyohan.app                    W  PerfMonitor looperActivity : package=com.presyohan.app/.SplashActivity time=377ms latency=2191ms  procState=-1  historyMsgCount=1 (msgIndex=1 wall=2226ms seq=3 late=124ms h=android.app.ActivityThread$H w=110)
2025-11-30 13:15:04.162  8919-8919  Looper                  com.presyohan.app                    W  PerfMonitor looperActivity : package=com.presyohan.app/.SplashActivity time=1ms latency=2567ms  procState=-1  historyMsgCount=2 (msgIndex=1 wall=2226ms seq=3 late=124ms h=android.app.ActivityThread$H w=110) (msgIndex=2 wall=377ms seq=4 late=2191ms h=android.app.ActivityThread$H w=159)
2025-11-30 13:15:04.165  8919-8919  UserSceneDetector       com.presyohan.app                    D  invoke error.
2025-11-30 13:15:04.238  8919-8919  UserSceneDetector       com.presyohan.app                    D  invoke error.
2025-11-30 13:15:04.334  8919-8919  Looper                  com.presyohan.app                    W  PerfMonitor doFrame : time=170ms vsyncFrame=56639 latency=1432ms procState=-1 historyMsgCount=5 (msgIndex=1 wall=2226ms seq=3 late=124ms h=android.app.ActivityThread$H w=110) (msgIndex=2 wall=377ms seq=4 late=2191ms h=android.app.ActivityThread$H w=159)
2025-11-30 13:15:04.336  8919-8919  UserSceneDetector       com.presyohan.app                    D  invoke error.
2025-11-30 13:15:06.282  1702-5408  WindowManager           system_server                        E  setClientVisible ActivityRecord{e4c7124 u0 com.presyohan.app/.HomeActivity true
2025-11-30 13:15:06.320  1702-2267  WindowManager           system_server                        E  setClientVisible ActivityRecord{e4c7124 u0 com.presyohan.app/.HomeActivity t12882} true
2025-11-30 13:15:06.323  1702-2267  WindowManager           system_server                        E  setClientVisible ActivityRecord{e4c7124 u0 com.presyohan.app/.HomeActivity t12882} true
2025-11-30 13:15:06.334  8919-8919  ActivityThread          com.presyohan.app                    I  HardwareRenderer preload  done
2025-11-30 13:15:06.956  8919-8919  MiuiCamera...redManager com.presyohan.app                    D  java.lang.NullPointerException: Attempt to invoke virtual method 'java.lang.String android.provider.MiuiSettings$SettingsCloudData$CloudData.getString(java.lang.String, java.lang.String)' on a null object reference
2025-11-30 13:15:06.960  8919-8919  ForceDarkHelperStubImpl com.presyohan.app                    I  setViewRootImplForceDark: false for com.presyohan.app.HomeActivity@e9ef6c3, reason: AppDarkModeEnable
2025-11-30 13:15:06.974  8919-8919  Looper                  com.presyohan.app                    W  PerfMonitor looperActivity : package=com.presyohan.app/.HomeActivity time=0ms latency=642ms  procState=-1  historyMsgCount=3 (msgIndex=3 wall=641ms seq=95 late=7ms h=android.app.ActivityThread$H w=159)
2025-11-30 13:15:06.974  8919-8919  UserSceneDetector       com.presyohan.app                    D  invoke error.
2025-11-30 13:15:07.238  8919-8919  Looper                  com.presyohan.app                    W  PerfMonitor doFrame : time=264ms vsyncFrame=56759 latency=636ms procState=-1 historyMsgCount=2 (msgIndex=1 wall=641ms seq=95 late=7ms h=android.app.ActivityThread$H w=159)
2025-11-30 13:15:07.241  8919-8919  UserSceneDetector       com.presyohan.app                    D  invoke error.
2025-11-30 13:15:07.245  1702-1732  WindowManager           system_server                        E  setClientVisible ActivityRecord{e4c7124 u0 com.presyohan.app/.HomeActivity t12882} true
2025-11-30 13:15:07.436  8919-8919  MiuiMultiWindowUtils    com.presyohan.app                    D  freeform resolution args raw data:{  "wide_default":{    "freeform_args": {        "vertical_portrait":{"aspect_ratio":0.626, "original_ratio":0.5643,"original_scale":0.74,"top_margin":0.168,"left_margin":0.484},        "horizontal_portrait":{"aspect_ratio":0.626, "original_ratio":0.5643,"original_scale":0.74,"top_margin":0.1222,"left_margin":0.59745},        "vertical_landscape":{"aspect_ratio":1.6, "original_ratio":1,"original_scale":0.604,"top_margin":0.2596,"left_margin":0.2624},        "horizontal_landscape":{"aspect_ratio":1.6, "original_ratio":1,"original_scale":0.604,"top_margin":0.213,"left_margin":0.3758}    },    "mini_freeform_args":{        "vertical_portrait":{"original_ratio":0.147},        "horizontal_portrait":{"original_ratio":0.147},        "vertical_landscape":{"original_ratio":0.165},        "horizontal_landscape":{"original_ratio":0.165}    }  },  "narrow_default": {    "freeform_args": {        "vertical_portrait":{"aspect_ratio":0.626, "original_ratio":1,"original_scale":0.74,"top_margin":0.0753,"left_margin":-1},        "horizontal_portrait":{"aspect_ratio":0.626, "original_ratio":1,"original_scale":0.5756,"top_margin":-1,"left_margin":0.0753},        "vertical_landscape":{"aspect_ratio":1.6, "original_ratio":0.6847,"original_scale":0.587,"top_margin":0.0753,"left_margin":-1},        "horizontal_landscape":{"aspect_ratio":1.6, "original_ratio":0.6847,"original_scale":0.587,"top_margin":-1,"left_margin":0.0753}    },    "mini_freeform_args":{        "vertical_portrait":{"original_ratio":0.26},        "horizontal_portrait":{"original_ratio":0.26},        "vertical_landscape":{"original_ratio":0.293},        "horizontal_landscape":{"original_ratio":0.293}    }  },  "regular_default": {    "freeform_args": {      "vertical_portrait":{"aspect_ratio":0.625, "original_ratio":1,"original_scale":0.7,"top_margin":0.109,"left_margin":-1},      "horizontal_portrait":{"aspect_ratio":0.6667, "original_ratio":1,"original_scale":0.6102,"top_margin":-1,"left_margin":0.026},      "vertical_landscape":{"aspect_ratio":1.6, "original_ratio":1,"original_scale":0.4244,"top_margin":0.109,"left_margin":-1},      "horizontal_landscape":{"aspect_ratio":1.6, "original_ratio":1,"original_scale":0.4244,"top_margin":-1,"left_margin":0.026}    },    "mini_freeform_args":{      "vertical_portrait":{"original_ratio":0.25},      "horizontal_portrait":{"original_ratio":0.25},      "vertical_landscape":{"original_ratio":0.25},      "horizontal_landscape":{"original_ratio":0.25}    }  },  "pad_default": {    "freeform_args": {      "vertical_portrait":{"aspect_ratio":0.5625, "original_ratio":0.375,"original_scale":0.835,"top_margin":0.049,"left_margin":0.2775},      "horizontal_portrait":{"aspect_ratio":0.5625, "original_ratio":0.375,"original_scale":0.835,"top_margin":-1,"left_margin":0.6525},      "vertical_landscape":{"aspect_ratio":-1, "original_ratio":1,"original_scale":0.468,"top_margin":0.049,"left_margin":-1},      "horizontal_landscape":{"aspect_ratio":-1, "original_ratio":1,"original_scale":0.468,"top_margin":-1,"left_margin":0.4976}    },    "mini_freeform_args":{      "vertical_portrait":{"original_ratio":0.144},      "horizontal_portrait":{"original_ratio":0.144},      "vertical_landscape":{"original_ratio":0.2},      "horizontal_landscape":{"original_ratio":0.2}    }  }}
2025-11-30 13:15:07.453  8919-8919  MiuiMultiWindowUtils    com.presyohan.app                    D  initFreeFormResolutionArgs failed, device is emerald
2025-11-30 13:15:07.819  1702-2237  WindowManager           system_server                        E  setClientVisible ActivityRecord{b4a45d4 u0 com.presyohan.app/.SplashActivity t12882 f}} false
2025-11-30 13:15:07.910  8919-8919  ActivityThread          com.presyohan.app                    D  Fail to check app heapsize due to java.lang.NoSuchMethodException: dalvik.system.VMRuntime.getBlockingGcCountForAlloc []
2025-11-30 13:15:11.054  8919-8919  Looper                  com.presyohan.app                    W  PerfMonitor doFrame : time=386ms vsyncFrame=57161 latency=91ms procState=-1 historyMsgCount=4
2025-11-30 13:15:11.158  8919-8919  UserSceneDetector       com.presyohan.app                    D  invoke error.
2025-11-30 13:15:11.405  8919-8919  Looper                  com.presyohan.app                    W  PerfMonitor doFrame : time=247ms vsyncFrame=57164 latency=472ms procState=-1 historyMsgCount=8 (msgIndex=1 wall=386ms seq=150 late=91ms h=android.view.Choreographer$FrameHandler c=android.view.Choreographer$FrameDisplayEventReceiver) (msgIndex=5 wall=54ms seq=154 late=416ms h=android.os.Handler c=kotlinx.coroutines.JobSupport$AwaitContinuation)
2025-11-30 13:15:11.413  8919-8919  UserSceneDetector       com.presyohan.app                    D  invoke error.
2025-11-30 13:15:21.371  1702-5300  WindowManager           system_server                        E  setClientVisible ActivityRecord{ec19db8 u0 com.presyohan.app/.StoreActivity true
2025-11-30 13:15:21.402  1702-2512  WindowManager           system_server                        E  setClientVisible ActivityRecord{ec19db8 u0 com.presyohan.app/.StoreActivity t12882} true
2025-11-30 13:15:21.404  1702-2512  WindowManager           system_server                        E  setClientVisible ActivityRecord{ec19db8 u0 com.presyohan.app/.StoreActivity t12882} true
2025-11-30 13:15:21.414  8919-8919  ActivityThread          com.presyohan.app                    I  HardwareRenderer preload  done
2025-11-30 13:15:21.687  8919-8919  MiuiCamera...redManager com.presyohan.app                    D  java.lang.NullPointerException: Attempt to invoke virtual method 'java.lang.String android.provider.MiuiSettings$SettingsCloudData$CloudData.getString(java.lang.String, java.lang.String)' on a null object reference
2025-11-30 13:15:21.688  8919-8919  ForceDarkHelperStubImpl com.presyohan.app                    I  setViewRootImplForceDark: false for com.presyohan.app.StoreActivity@39d8d18, reason: AppDarkModeEnable
2025-11-30 13:15:21.812  1702-1732  WindowManager           system_server                        E  setClientVisible ActivityRecord{ec19db8 u0 com.presyohan.app/.StoreActivity t12882} true
2025-11-30 13:15:22.066  8919-8919  UserSceneDetector       com.presyohan.app                    D  invoke error.
2025-11-30 13:15:22.381  1702-3359  WindowManager           system_server                        E  setClientVisible ActivityRecord{e4c7124 u0 com.presyohan.app/.HomeActivity t12882 f}} false
2025-11-30 13:15:22.433  8919-8919  ActivityThread          com.presyohan.app                    D  Fail to check app heapsize due to java.lang.NoSuchMethodException: dalvik.system.VMRuntime.getBlockingGcCountForAlloc []
2025-11-30 13:15:24.654  8919-8919  MiuiCamera...redManager com.presyohan.app                    D  java.lang.NullPointerException: Attempt to invoke virtual method 'java.lang.String android.provider.MiuiSettings$SettingsCloudData$CloudData.getString(java.lang.String, java.lang.String)' on a null object reference
2025-11-30 13:15:24.657  8919-8919  ForceDarkHelperStubImpl com.presyohan.app                    I  setViewRootImplForceDark: false for com.presyohan.app.StoreActivity@39d8d18, reason: AppDarkModeEnable
2025-11-30 13:15:24.722  8919-8919  ForceDarkHelperStubImpl com.presyohan.app                    I  setViewRootImplForceDark: false for com.presyohan.app.StoreActivity@39d8d18, reason: AppDarkModeEnable
2025-11-30 13:15:27.622  8919-8919  MiuiCamera...redManager com.presyohan.app                    D  java.lang.NullPointerException: Attempt to invoke virtual method 'java.lang.String android.provider.MiuiSettings$SettingsCloudData$CloudData.getString(java.lang.String, java.lang.String)' on a null object reference
2025-11-30 13:15:27.627  8919-8919  ForceDarkHelperStubImpl com.presyohan.app                    I  setViewRootImplForceDark: false for com.presyohan.app.StoreActivity@39d8d18, reason: AppDarkModeEnable
2025-11-30 13:15:27.667  8919-8919  ForceDarkHelperStubImpl com.presyohan.app                    I  setViewRootImplForceDark: false for com.presyohan.app.StoreActivity@39d8d18, reason: AppDarkModeEnable
2025-11-30 13:15:29.145  1702-5408  WindowManager           system_server                        E  setClientVisible ActivityRecord{7666762 u0 com.presyohan.app/.ManageStoreActivity true
2025-11-30 13:15:29.235  1702-3359  WindowManager           system_server                        E  setClientVisible ActivityRecord{7666762 u0 com.presyohan.app/.ManageStoreActivity t12882} true
2025-11-30 13:15:29.238  1702-3359  WindowManager           system_server                        E  setClientVisible ActivityRecord{7666762 u0 com.presyohan.app/.ManageStoreActivity t12882} true
2025-11-30 13:15:29.249  8919-8919  ActivityThread          com.presyohan.app                    I  HardwareRenderer preload  done
2025-11-30 13:15:29.440  8919-8919  MiuiCamera...redManager com.presyohan.app                    D  java.lang.NullPointerException: Attempt to invoke virtual method 'java.lang.String android.provider.MiuiSettings$SettingsCloudData$CloudData.getString(java.lang.String, java.lang.String)' on a null object reference
2025-11-30 13:15:29.448  8919-8919  ForceDarkHelperStubImpl com.presyohan.app                    I  setViewRootImplForceDark: false for com.presyohan.app.ManageStoreActivity@a4f202a, reason: AppDarkModeEnable
2025-11-30 13:15:29.504  8919-8919  UserSceneDetector       com.presyohan.app                    D  invoke error.
2025-11-30 13:15:29.645  8919-8919  UserSceneDetector       com.presyohan.app                    D  invoke error.
2025-11-30 13:15:29.673  1702-1732  WindowManager           system_server                        E  setClientVisible ActivityRecord{7666762 u0 com.presyohan.app/.ManageStoreActivity t12882} true
2025-11-30 13:15:30.226  1702-2512  WindowManager           system_server                        E  setClientVisible ActivityRecord{ec19db8 u0 com.presyohan.app/.StoreActivity t12882} false
2025-11-30 13:15:30.262  8919-8919  ActivityThread          com.presyohan.app                    D  Fail to check app heapsize due to java.lang.NoSuchMethodException: dalvik.system.VMRuntime.getBlockingGcCountForAlloc []
2025-11-30 13:15:31.451  1702-2774  WindowManager           system_server                        E  setClientVisible ActivityRecord{ec19db8 u0 com.presyohan.app/.StoreActivity t12882} true
2025-11-30 13:15:31.460  8919-8919  ForceDarkHelperStubImpl com.presyohan.app                    I  setViewRootImplForceDark: false for com.presyohan.app.StoreActivity@39d8d18, reason: AppDarkModeEnable
2025-11-30 13:15:31.526  1702-1732  WindowManager           system_server                        E  setClientVisible ActivityRecord{ec19db8 u0 com.presyohan.app/.StoreActivity t12882} true
2025-11-30 13:15:32.064  1702-5393  WindowManager           system_server                        E  setClientVisible ActivityRecord{7666762 u0 com.presyohan.app/.ManageStoreActivity t12882 f}} false
2025-11-30 13:15:32.105  8919-8919  ActivityThread          com.presyohan.app                    D  Fail to check app heapsize due to java.lang.NoSuchMethodException: dalvik.system.VMRuntime.getBlockingGcCountForAlloc []
2025-11-30 13:15:55.637  8919-8919  MiuiCamera...redManager com.presyohan.app                    D  java.lang.NullPointerException: Attempt to invoke virtual method 'java.lang.String android.provider.MiuiSettings$SettingsCloudData$CloudData.getString(java.lang.String, java.lang.String)' on a null object reference
2025-11-30 13:15:55.639  8919-8919  ForceDarkHelperStubImpl com.presyohan.app                    I  setViewRootImplForceDark: false for com.presyohan.app.StoreActivity@39d8d18, reason: AppDarkModeEnable
2025-11-30 13:15:55.668  8919-8919  ForceDarkHelperStubImpl com.presyohan.app                    I  setViewRootImplForceDark: false for com.presyohan.app.StoreActivity@39d8d18, reason: AppDarkModeEnable
2025-11-30 13:15:58.339  8919-8919  MiuiCamera...redManager com.presyohan.app                    D  java.lang.NullPointerException: Attempt to invoke virtual method 'java.lang.String android.provider.MiuiSettings$SettingsCloudData$CloudData.getString(java.lang.String, java.lang.String)' on a null object reference
2025-11-30 13:15:58.340  8919-8919  ForceDarkHelperStubImpl com.presyohan.app                    I  setViewRootImplForceDark: false for com.presyohan.app.StoreActivity@39d8d18, reason: AppDarkModeEnable
2025-11-30 13:15:58.372  8919-8919  ForceDarkHelperStubImpl com.presyohan.app                    I  setViewRootImplForceDark: false for com.presyohan.app.StoreActivity@39d8d18, reason: AppDarkModeEnable
2025-11-30 13:15:59.913  1702-2601  WindowManager           system_server                        E  setClientVisible ActivityRecord{9f53c22 u0 com.presyohan.app/.HomeActivity true
2025-11-30 13:15:59.940  1702-2601  WindowManager           system_server                        E  setClientVisible ActivityRecord{9f53c22 u0 com.presyohan.app/.HomeActivity t12882} true
2025-11-30 13:15:59.941  1702-2601  WindowManager           system_server                        E  setClientVisible ActivityRecord{9f53c22 u0 com.presyohan.app/.HomeActivity t12882} true
2025-11-30 13:15:59.952  8919-8919  ActivityThread          com.presyohan.app                    I  HardwareRenderer preload  done
2025-11-30 13:16:00.086  8919-8919  MiuiCamera...redManager com.presyohan.app                    D  java.lang.NullPointerException: Attempt to invoke virtual method 'java.lang.String android.provider.MiuiSettings$SettingsCloudData$CloudData.getString(java.lang.String, java.lang.String)' on a null object reference
2025-11-30 13:16:00.087  8919-8919  ForceDarkHelperStubImpl com.presyohan.app                    I  setViewRootImplForceDark: false for com.presyohan.app.HomeActivity@3fc743b, reason: AppDarkModeEnable
2025-11-30 13:16:00.171  1702-1732  WindowManager           system_server                        E  setClientVisible ActivityRecord{9f53c22 u0 com.presyohan.app/.HomeActivity t12882} true
2025-11-30 13:16:00.453  8919-8919  UserSceneDetector       com.presyohan.app                    D  invoke error.
2025-11-30 13:16:00.639  8919-8919  UserSceneDetector       com.presyohan.app                    D  invoke error.
2025-11-30 13:16:00.707  1702-5393  WindowManager           system_server                        E  setClientVisible ActivityRecord{ec19db8 u0 com.presyohan.app/.StoreActivity t12882} false
2025-11-30 13:16:00.730  8919-8919  ActivityThread          com.presyohan.app                    D  Fail to check app heapsize due to java.lang.NoSuchMethodException: dalvik.system.VMRuntime.getBlockingGcCountForAlloc []
2025-11-30 13:16:01.176  8919-8919  MiuiCamera...redManager com.presyohan.app                    D  java.lang.NullPointerException: Attempt to invoke virtual method 'java.lang.String android.provider.MiuiSettings$SettingsCloudData$CloudData.getString(java.lang.String, java.lang.String)' on a null object reference
2025-11-30 13:16:01.179  8919-8919  ForceDarkHelperStubImpl com.presyohan.app                    I  setViewRootImplForceDark: false for com.presyohan.app.HomeActivity@3fc743b, reason: AppDarkModeEnable
2025-11-30 13:16:01.211  8919-8919  ForceDarkHelperStubImpl com.presyohan.app                    I  setViewRootImplForceDark: false for com.presyohan.app.HomeActivity@3fc743b, reason: AppDarkModeEnable
2025-11-30 13:16:03.160  1702-2601  WindowManager           system_server                        E  setClientVisible ActivityRecord{c4ccfea u0 com.presyohan.app/.AddItemActivity true
2025-11-30 13:16:03.178  1702-2601  WindowManager           system_server                        E  setClientVisible ActivityRecord{c4ccfea u0 com.presyohan.app/.AddItemActivity t12882} true
2025-11-30 13:16:03.180  1702-2601  WindowManager           system_server                        E  setClientVisible ActivityRecord{c4ccfea u0 com.presyohan.app/.AddItemActivity t12882} true
2025-11-30 13:16:03.186  8919-8919  ActivityThread          com.presyohan.app                    I  HardwareRenderer preload  done
2025-11-30 13:16:03.285  8919-8919  MiuiCamera...redManager com.presyohan.app                    D  java.lang.NullPointerException: Attempt to invoke virtual method 'java.lang.String android.provider.MiuiSettings$SettingsCloudData$CloudData.getString(java.lang.String, java.lang.String)' on a null object reference
2025-11-30 13:16:03.289  8919-8919  ForceDarkHelperStubImpl com.presyohan.app                    I  setViewRootImplForceDark: false for com.presyohan.app.AddItemActivity@4d00979, reason: AppDarkModeEnable
2025-11-30 13:16:03.383  1702-1732  WindowManager           system_server                        E  setClientVisible ActivityRecord{c4ccfea u0 com.presyohan.app/.AddItemActivity t12882} true
2025-11-30 13:16:03.914  1702-5393  WindowManager           system_server                        E  setClientVisible ActivityRecord{9f53c22 u0 com.presyohan.app/.HomeActivity t12882} false
2025-11-30 13:16:03.935  8919-8919  ActivityThread          com.presyohan.app                    D  Fail to check app heapsize due to java.lang.NoSuchMethodException: dalvik.system.VMRuntime.getBlockingGcCountForAlloc []
2025-11-30 13:16:06.223  1702-3359  WindowManager           system_server                        E  setClientVisible ActivityRecord{3fd196d u0 com.presyohan.app/.AddMultipleItemsActivity true
2025-11-30 13:16:06.251  1702-1907  WindowManager           system_server                        E  setClientVisible ActivityRecord{3fd196d u0 com.presyohan.app/.AddMultipleItemsActivity t12882} true
2025-11-30 13:16:06.254  1702-1907  WindowManager           system_server                        E  setClientVisible ActivityRecord{3fd196d u0 com.presyohan.app/.AddMultipleItemsActivity t12882} true
2025-11-30 13:16:06.267  8919-8919  ActivityThread          com.presyohan.app                    I  HardwareRenderer preload  done
2025-11-30 13:16:06.349  8919-8919  MiuiCamera...redManager com.presyohan.app                    D  java.lang.NullPointerException: Attempt to invoke virtual method 'java.lang.String android.provider.MiuiSettings$SettingsCloudData$CloudData.getString(java.lang.String, java.lang.String)' on a null object reference
2025-11-30 13:16:06.350  8919-8919  ForceDarkHelperStubImpl com.presyohan.app                    I  setViewRootImplForceDark: false for com.presyohan.app.AddMultipleItemsActivity@3556b7a, reason: AppDarkModeEnable
2025-11-30 13:16:06.443  1702-1732  WindowManager           system_server                        E  setClientVisible ActivityRecord{3fd196d u0 com.presyohan.app/.AddMultipleItemsActivity t12882} true
2025-11-30 13:16:06.976  1702-2267  WindowManager           system_server                        E  setClientVisible ActivityRecord{c4ccfea u0 com.presyohan.app/.AddItemActivity t12882} false
2025-11-30 13:16:07.001  8919-8919  ActivityThread          com.presyohan.app                    D  Fail to check app heapsize due to java.lang.NoSuchMethodException: dalvik.system.VMRuntime.getBlockingGcCountForAlloc []
2025-11-30 13:16:09.079  1702-2267  WindowManager           system_server                        E  setClientVisible ActivityRecord{c4ccfea u0 com.presyohan.app/.AddItemActivity t12882} true
2025-11-30 13:16:09.091  8919-8919  ForceDarkHelperStubImpl com.presyohan.app                    I  setViewRootImplForceDark: false for com.presyohan.app.AddItemActivity@4d00979, reason: AppDarkModeEnable
2025-11-30 13:16:09.124  1702-1732  WindowManager           system_server                        E  setClientVisible ActivityRecord{c4ccfea u0 com.presyohan.app/.AddItemActivity t12882} true
2025-11-30 13:16:09.653  1702-2601  WindowManager           system_server                        E  setClientVisible ActivityRecord{3fd196d u0 com.presyohan.app/.AddMultipleItemsActivity t12882 f}} false
2025-11-30 13:16:09.692  8919-8919  ActivityThread          com.presyohan.app                    D  Fail to check app heapsize due to java.lang.NoSuchMethodException: dalvik.system.VMRuntime.getBlockingGcCountForAlloc []
2025-11-30 13:16:10.474  1702-2267  WindowManager           system_server                        E  setClientVisible ActivityRecord{9f53c22 u0 com.presyohan.app/.HomeActivity t12882} true
2025-11-30 13:16:10.487  8919-8919  ForceDarkHelperStubImpl com.presyohan.app                    I  setViewRootImplForceDark: false for com.presyohan.app.HomeActivity@3fc743b, reason: AppDarkModeEnable
2025-11-30 13:16:10.555  1702-1732  WindowManager           system_server                        E  setClientVisible ActivityRecord{9f53c22 u0 com.presyohan.app/.HomeActivity t12882} true
2025-11-30 13:16:10.809  8919-8919  UserSceneDetector       com.presyohan.app                    D  invoke error.
2025-11-30 13:16:11.089  1702-2267  WindowManager           system_server                        E  setClientVisible ActivityRecord{c4ccfea u0 com.presyohan.app/.AddItemActivity t12882 f}} false
2025-11-30 13:16:11.127  8919-8919  ActivityThread          com.presyohan.app                    D  Fail to check app heapsize due to java.lang.NoSuchMethodException: dalvik.system.VMRuntime.getBlockingGcCountForAlloc []
2025-11-30 13:16:11.806  8919-8919  MiuiCamera...redManager com.presyohan.app                    D  java.lang.NullPointerException: Attempt to invoke virtual method 'java.lang.String android.provider.MiuiSettings$SettingsCloudData$CloudData.getString(java.lang.String, java.lang.String)' on a null object reference
2025-11-30 13:16:11.807  8919-8919  ForceDarkHelperStubImpl com.presyohan.app                    I  setViewRootImplForceDark: false for com.presyohan.app.HomeActivity@3fc743b, reason: AppDarkModeEnable
2025-11-30 13:16:11.840  8919-8919  ForceDarkHelperStubImpl com.presyohan.app                    I  setViewRootImplForceDark: false for com.presyohan.app.HomeActivity@3fc743b, reason: AppDarkModeEnable
2025-11-30 13:16:12.489  1702-1907  WindowManager           system_server                        E  setClientVisible ActivityRecord{92d8d72 u0 com.presyohan.app/.EditItemActivity true
2025-11-30 13:16:12.521  1702-1907  WindowManager           system_server                        E  setClientVisible ActivityRecord{92d8d72 u0 com.presyohan.app/.EditItemActivity t12882} true
2025-11-30 13:16:12.523  1702-1907  WindowManager           system_server                        E  setClientVisible ActivityRecord{92d8d72 u0 com.presyohan.app/.EditItemActivity t12882} true
2025-11-30 13:16:12.530  8919-8919  ActivityThread          com.presyohan.app                    I  HardwareRenderer preload  done
2025-11-30 13:16:12.623  8919-8919  MiuiCamera...redManager com.presyohan.app                    D  java.lang.NullPointerException: Attempt to invoke virtual method 'java.lang.String android.provider.MiuiSettings$SettingsCloudData$CloudData.getString(java.lang.String, java.lang.String)' on a null object reference
2025-11-30 13:16:12.624  8919-8919  ForceDarkHelperStubImpl com.presyohan.app                    I  setViewRootImplForceDark: false for com.presyohan.app.EditItemActivity@17ef3fd, reason: AppDarkModeEnable
2025-11-30 13:16:12.723  1702-1732  WindowManager           system_server                        E  setClientVisible ActivityRecord{92d8d72 u0 com.presyohan.app/.EditItemActivity t12882} true
2025-11-30 13:16:13.258  1702-5393  WindowManager           system_server                        E  setClientVisible ActivityRecord{9f53c22 u0 com.presyohan.app/.HomeActivity t12882} false
2025-11-30 13:16:13.282  8919-8919  ActivityThread          com.presyohan.app                    D  Fail to check app heapsize due to java.lang.NoSuchMethodException: dalvik.system.VMRuntime.getBlockingGcCountForAlloc []
2025-11-30 13:16:18.255  1702-5393  WindowManager           system_server                        E  setClientVisible ActivityRecord{3ce6f64 u0 com.presyohan.app/.NotificationActivity true
2025-11-30 13:16:18.279  1702-5393  WindowManager           system_server                        E  setClientVisible ActivityRecord{3ce6f64 u0 com.presyohan.app/.NotificationActivity t12882} true
2025-11-30 13:16:18.280  1702-5393  WindowManager           system_server                        E  setClientVisible ActivityRecord{3ce6f64 u0 com.presyohan.app/.NotificationActivity t12882} true
2025-11-30 13:16:18.287  8919-8919  ActivityThread          com.presyohan.app                    I  HardwareRenderer preload  done
2025-11-30 13:16:18.371  8919-8919  MiuiCamera...redManager com.presyohan.app                    D  java.lang.NullPointerException: Attempt to invoke virtual method 'java.lang.String android.provider.MiuiSettings$SettingsCloudData$CloudData.getString(java.lang.String, java.lang.String)' on a null object reference
2025-11-30 13:16:18.373  8919-8919  ForceDarkHelperStubImpl com.presyohan.app                    I  setViewRootImplForceDark: false for com.presyohan.app.NotificationActivity@1d6f2cf, reason: AppDarkModeEnable
