2025-11-16 20:22:54.055 16163-16823 Firestore               com.presyohan.app                    W  (25.1.4) [WriteStream]: (e66a0ea) Stream closed with status: Status{code=PERMISSION_DENIED, description=Cloud Firestore API has not been used in project presyohan-v2 before or it is disabled. Enable it by visiting https://console.developers.google.com/apis/api/firestore.googleapis.com/overview?project=presyohan-v2 then retry. If you enabled this API recently, wait a few minutes for the action to propagate to our systems and retry., cause=null}.
2025-11-16 20:22:54.979 16163-16163 MIUIInput               com.presyohan.app                    I  [MotionEvent] ViewRootImpl windowName 'com.presyohan.app/com.presyohan.app.EditItemActivity', { action=ACTION_DOWN, id[0]=0, pointerCount=1, eventTime=158117807, downTime=158117807, phoneEventTime=20:22:54.971 } moveCount:0
2025-11-16 20:22:54.982 16163-16163 Editor                  com.presyohan.app                    D  Double tap detection is fail
2025-11-16 20:22:55.059 16163-16163 MIUIInput               com.presyohan.app                    I  [MotionEvent] ViewRootImpl windowName 'com.presyohan.app/com.presyohan.app.EditItemActivity', { action=ACTION_UP, id[0]=0, pointerCount=1, eventTime=158117892, downTime=158117807, phoneEventTime=20:22:55.057 } moveCount:0
2025-11-16 20:22:55.068 16163-16163 HandWritingStubImpl     com.presyohan.app                    I  refreshLastKeyboardType: 1
2025-11-16 20:22:55.071 16163-16163 HandWritingStubImpl     com.presyohan.app                    I  getCurrentKeyboardType: 1
2025-11-16 20:22:55.075 16163-16163 ImeTracker              com.presyohan.app                    I  com.presyohan.app:1383662b: onRequestShow at ORIGIN_CLIENT reason SHOW_SOFT_INPUT fromUser true
2025-11-16 20:22:55.076 16163-16163 InputMethodManager      com.presyohan.app                    D  showSoftInput() view=androidx.appcompat.widget.AppCompatEditText{62e0347 VFED..CL. .F.P..ID 0,70-452,202 #7f08014d app:id/inputItemUnit aid=1073741828} flags=0 reason=SHOW_SOFT_INPUT
2025-11-16 20:22:55.102 16163-16163 MiuiCamera...redManager com.presyohan.app                    D  java.lang.NullPointerException: Attempt to invoke virtual method 'java.lang.String android.provider.MiuiSettings$SettingsCloudData$CloudData.getString(java.lang.String, java.lang.String)' on a null object reference
2025-11-16 20:22:55.105 16163-16236 libc                    com.presyohan.app                    W  Access denied finding property "ro.vendor.display.iris_x7.support"
2025-11-16 20:22:55.106 16163-16163 ForceDarkHelperStubImpl com.presyohan.app                    I  setViewRootImplForceDark: false for com.presyohan.app.EditItemActivity@25e7f00, reason: AppDarkModeEnable
2025-11-16 20:22:55.107 16163-16163 VRI[PopupWindow:3e9]    com.presyohan.app                    D  hardware acceleration = true, forceHwAccelerated = false
2025-11-16 20:22:55.114 16163-16163 InputEventReceiver      com.presyohan.app                    D  Input log is disabled in InputEventReceiver.
2025-11-16 20:22:55.119 16163-16163 EditorStubImpl          com.presyohan.app                    D  Type = 0, RectF = RectF(611.0, 1356.0, 721.0, 1466.0), mInsertionHandleData = [HandleData{mIsShow=false, mPosition=RectF(0.0, 0.0, 0.0, 0.0)}]
2025-11-16 20:22:55.119 16163-16163 EditorStubImpl          com.presyohan.app                    W  Two list size not equals,try recover it
2025-11-16 20:22:55.120 16163-16163 EditorStubImpl          com.presyohan.app                    D  isMultiHandle = false, status = 1, sendData = [RectF(611.0, 1356.0, 721.0, 1466.0)]
2025-11-16 20:22:55.123 16163-16163 TextViewImpl            com.presyohan.app                    V  sendCursorInfo support:false
2025-11-16 20:22:55.127 16163-16163 AssistStructure         com.presyohan.app                    I  Flattened final assist data: 4776 bytes, containing 2 windows, 28 views
2025-11-16 20:22:55.155 16163-16163 BufferQueueConsumer     com.presyohan.app                    D  [](id:3f2300000012,api:0,p:-1,c:16163) connect: controlledByApp=false
2025-11-16 20:22:55.158 16163-16163 BLASTBufferQueue        com.presyohan.app                    D  [VRI[PopupWindow:3e9]#18](f:0,a:0) constructor()
2025-11-16 20:22:55.158 16163-16163 BLASTBufferQueue        com.presyohan.app                    D  [VRI[PopupWindow:3e9]#18](f:0,a:0) update width=110 height=110 format=-3 mTransformHint=0
2025-11-16 20:22:55.161 16163-16163 ForceDarkHelperStubImpl com.presyohan.app                    I  setViewRootImplForceDark: false for com.presyohan.app.EditItemActivity@25e7f00, reason: AppDarkModeEnable
2025-11-16 20:22:55.167 16163-16163 VRI[PopupWindow:3e9]    com.presyohan.app                    D  vri.reportNextDraw android.view.ViewRootImpl.performTraversals:4985 android.view.ViewRootImpl.doTraversal:3572 android.view.ViewRootImpl$TraversalRunnable.run:11792 android.view.Choreographer$CallbackRecord.run:1821 android.view.Choreographer$CallbackRecord.run:1830 
2025-11-16 20:22:55.167 16163-16163 VRI[PopupWindow:3e9]    com.presyohan.app                    D  Setup new sync=wmsSync-VRI[PopupWindow:3e9]#36
2025-11-16 20:22:55.181 16163-16236 HWUI                    com.presyohan.app                    D  makeCurrent grContext:0xb400007c3344fed0 reset mTextureAvailable
2025-11-16 20:22:55.192 16163-16236 BLASTBufferQueue        com.presyohan.app                    D  [VRI[PopupWindow:3e9]#18](f:0,a:1) acquireNextBufferLocked size=110x110 mFrameNumber=1 applyTransaction=true mTimestamp=158118027798424(auto) mPendingTransactions.size=0 graphicBufferId=69419556405380 transform=0
2025-11-16 20:22:55.200 16163-16163 VRI[PopupWindow:3e9]    com.presyohan.app                    D  vri.reportDrawFinished
2025-11-16 20:22:55.208 16163-16163 VRI[PopupWindow:3e9]    com.presyohan.app                    D  vri.reportNextDraw android.view.ViewRootImpl.handleResized:2771 android.view.ViewRootImpl.-$$Nest$mhandleResized:0 android.view.ViewRootImpl$W.resized:12943 android.app.servertransaction.WindowStateResizeItem.execute:64 android.app.servertransaction.WindowStateTransactionItem.execute:59 
2025-11-16 20:22:55.209 16163-16163 VRI[PopupWindow:3e9]    com.presyohan.app                    D  Setup new sync=wmsSync-VRI[PopupWindow:3e9]#38
2025-11-16 20:22:55.216 16163-16163 VRI[PopupWindow:3e9]    com.presyohan.app                    D  vri.reportDrawFinished
2025-11-16 20:22:55.218 16163-16163 EditorStubImpl          com.presyohan.app                    D  Type = 1, RectF = RectF(614.0, 1356.0, 724.0, 1466.0), mInsertionHandleData = [HandleData{mIsShow=true, mPosition=RectF(611.0, 1356.0, 721.0, 1466.0)}]
2025-11-16 20:22:55.218 16163-16163 EditorStubImpl          com.presyohan.app                    D  isMultiHandle = false, status = 2, sendData = [RectF(614.0, 1356.0, 724.0, 1466.0)]
2025-11-16 20:22:55.316 16163-16163 InsetsController        com.presyohan.app                    D  show(ime(), fromIme=true)
2025-11-16 20:22:55.327 16163-17117 ViewRootImplStubImpl    com.presyohan.app                    D  requestedTypes: 8
2025-11-16 20:22:55.337 16163-17117 ViewRootImplStubImpl    com.presyohan.app                    D  onAnimationStart
2025-11-16 20:22:55.343 16163-17117 InteractionJankMonitor  com.presyohan.app                    W  Initializing without READ_DEVICE_CONFIG permission. enabled=false, interval=1, missedFrameThreshold=3, frameTimeThreshold=64, package=com.presyohan.app
2025-11-16 20:22:55.355 16163-17117 ViewRootImplStubImpl    com.presyohan.app                    D  onAnimationUpdate, value: 0.0
2025-11-16 20:22:55.362 16163-17117 ViewRootImplStubImpl    com.presyohan.app                    D  onAnimationUpdate, value: 0.012067233
2025-11-16 20:22:55.374 16163-17117 ViewRootImplStubImpl    com.presyohan.app                    D  onAnimationUpdate, value: 0.044561427
2025-11-16 20:22:55.380 16163-17117 ViewRootImplStubImpl    com.presyohan.app                    D  onAnimationUpdate, value: 0.09091542
2025-11-16 20:22:55.389 16163-17117 ViewRootImplStubImpl    com.presyohan.app                    D  onAnimationUpdate, value: 0.14608672
2025-11-16 20:22:55.397 16163-17117 ViewRootImplStubImpl    com.presyohan.app                    D  onAnimationUpdate, value: 0.20624705
2025-11-16 20:22:55.405 16163-17117 ViewRootImplStubImpl    com.presyohan.app                    D  onAnimationUpdate, value: 0.2685324
2025-11-16 20:22:55.413 16163-17117 ViewRootImplStubImpl    com.presyohan.app                    D  onAnimationUpdate, value: 0.3308397
2025-11-16 20:22:55.422 16163-17117 ViewRootImplStubImpl    com.presyohan.app                    D  onAnimationUpdate, value: 0.3916585
2025-11-16 20:22:55.430 16163-17117 ViewRootImplStubImpl    com.presyohan.app                    D  onAnimationUpdate, value: 0.44994175
2025-11-16 20:22:55.439 16163-17117 ViewRootImplStubImpl    com.presyohan.app                    D  onAnimationUpdate, value: 0.50500023
2025-11-16 20:22:55.447 16163-17117 ViewRootImplStubImpl    com.presyohan.app                    D  onAnimationUpdate, value: 0.5564183
2025-11-16 20:22:55.455 16163-17117 ViewRootImplStubImpl    com.presyohan.app                    D  onAnimationUpdate, value: 0.60398453
2025-11-16 20:22:55.464 16163-17117 ViewRootImplStubImpl    com.presyohan.app                    D  onAnimationUpdate, value: 0.64764297
2025-11-16 20:22:55.472 16163-17117 ViewRootImplStubImpl    com.presyohan.app                    D  onAnimationUpdate, value: 0.68744564
2025-11-16 20:22:55.480 16163-17117 ViewRootImplStubImpl    com.presyohan.app                    D  onAnimationUpdate, value: 0.7235234
2025-11-16 20:22:55.489 16163-17117 ViewRootImplStubImpl    com.presyohan.app                    D  onAnimationUpdate, value: 0.75606024
2025-11-16 20:22:55.498 16163-17117 ViewRootImplStubImpl    com.presyohan.app                    D  onAnimationUpdate, value: 0.785273
2025-11-16 20:22:55.506 16163-17117 ViewRootImplStubImpl    com.presyohan.app                    D  onAnimationUpdate, value: 0.8113981
2025-11-16 20:22:55.515 16163-17117 ViewRootImplStubImpl    com.presyohan.app                    D  onAnimationUpdate, value: 0.834679
2025-11-16 20:22:55.523 16163-17117 ViewRootImplStubImpl    com.presyohan.app                    D  onAnimationUpdate, value: 0.85535914
2025-11-16 20:22:55.531 16163-17117 ViewRootImplStubImpl    com.presyohan.app                    D  onAnimationUpdate, value: 0.8736761
2025-11-16 20:22:55.539 16163-17117 ViewRootImplStubImpl    com.presyohan.app                    D  onAnimationUpdate, value: 0.88985634
2025-11-16 20:22:55.548 16163-17117 ViewRootImplStubImpl    com.presyohan.app                    D  onAnimationUpdate, value: 0.90411425
2025-11-16 20:22:55.557 16163-17117 ViewRootImplStubImpl    com.presyohan.app                    D  onAnimationUpdate, value: 0.9166499
2025-11-16 20:22:55.565 16163-17117 ViewRootImplStubImpl    com.presyohan.app                    D  onAnimationUpdate, value: 0.9276483
2025-11-16 20:22:55.573 16163-17117 ViewRootImplStubImpl    com.presyohan.app                    D  onAnimationUpdate, value: 0.93727916
2025-11-16 20:22:55.582 16163-17117 ViewRootImplStubImpl    com.presyohan.app                    D  onAnimationUpdate, value: 0.9456972
2025-11-16 20:22:55.590 16163-17117 ViewRootImplStubImpl    com.presyohan.app                    D  onAnimationUpdate, value: 0.95304257
2025-11-16 20:22:55.598 16163-17117 ViewRootImplStubImpl    com.presyohan.app                    D  onAnimationUpdate, value: 0.95944184
2025-11-16 20:22:55.607 16163-17117 ViewRootImplStubImpl    com.presyohan.app                    D  onAnimationUpdate, value: 0.9650083
2025-11-16 20:22:55.615 16163-17117 ViewRootImplStubImpl    com.presyohan.app                    D  onAnimationUpdate, value: 0.9698434
2025-11-16 20:22:55.623 16163-17117 ViewRootImplStubImpl    com.presyohan.app                    D  onAnimationUpdate, value: 0.97403735
2025-11-16 20:22:55.633 16163-17117 ViewRootImplStubImpl    com.presyohan.app                    D  onAnimationUpdate, value: 0.97767055
2025-11-16 20:22:55.640 16163-17117 ViewRootImplStubImpl    com.presyohan.app                    D  onAnimationUpdate, value: 0.9808141
2025-11-16 20:22:55.649 16163-17117 ViewRootImplStubImpl    com.presyohan.app                    D  onAnimationUpdate, value: 0.98353076
2025-11-16 20:22:55.657 16163-17117 ViewRootImplStubImpl    com.presyohan.app                    D  onAnimationUpdate, value: 0.9858767
2025-11-16 20:22:55.666 16163-17117 ViewRootImplStubImpl    com.presyohan.app                    D  onAnimationUpdate, value: 0.9878992
2025-11-16 20:22:55.674 16163-17117 ViewRootImplStubImpl    com.presyohan.app                    D  onAnimationUpdate, value: 0.9896412
2025-11-16 20:22:55.682 16163-17117 ViewRootImplStubImpl    com.presyohan.app                    D  onAnimationUpdate, value: 0.99113995
2025-11-16 20:22:55.691 16163-17117 ViewRootImplStubImpl    com.presyohan.app                    D  onAnimationUpdate, value: 0.9924281
2025-11-16 20:22:55.699 16163-17117 ViewRootImplStubImpl    com.presyohan.app                    D  onAnimationUpdate, value: 0.9935343
2025-11-16 20:22:55.708 16163-17117 ViewRootImplStubImpl    com.presyohan.app                    D  onAnimationUpdate, value: 0.9944834
2025-11-16 20:22:55.716 16163-17117 ViewRootImplStubImpl    com.presyohan.app                    D  onAnimationUpdate, value: 0.9952969
2025-11-16 20:22:55.725 16163-17117 ViewRootImplStubImpl    com.presyohan.app                    D  onAnimationUpdate, value: 0.9959936
2025-11-16 20:22:55.733 16163-17117 ViewRootImplStubImpl    com.presyohan.app                    D  onAnimationUpdate, value: 0.9965897
2025-11-16 20:22:55.741 16163-17117 ViewRootImplStubImpl    com.presyohan.app                    D  onAnimationUpdate, value: 0.9970994
2025-11-16 20:22:55.750 16163-17117 ViewRootImplStubImpl    com.presyohan.app                    D  onAnimationUpdate, value: 0.99753475
2025-11-16 20:22:55.760 16163-17117 ViewRootImplStubImpl    com.presyohan.app                    D  onAnimationUpdate, value: 0.9979064
2025-11-16 20:22:55.767 16163-17117 ViewRootImplStubImpl    com.presyohan.app                    D  onAnimationUpdate, value: 0.9982233
2025-11-16 20:22:55.775 16163-17117 ViewRootImplStubImpl    com.presyohan.app                    D  onAnimationUpdate, value: 0.9984934
2025-11-16 20:22:55.784 16163-17117 ViewRootImplStubImpl    com.presyohan.app                    D  onAnimationUpdate, value: 0.9987233
2025-11-16 20:22:55.792 16163-17117 ViewRootImplStubImpl    com.presyohan.app                    D  onAnimationUpdate, value: 1.0
2025-11-16 20:22:55.794 16163-17117 ViewRootImplStubImpl    com.presyohan.app                    D  onAnimationEnd,canceled: false
2025-11-16 20:22:55.808 16163-16163 ImeTracker              com.presyohan.app                    I  com.presyohan.app:1383662b: onShown
2025-11-16 20:22:56.557 16163-16163 WindowOnBackDispatcher  com.presyohan.app                    W  sendCancelIfRunning: isInProgress=false callback=android.view.ViewRootImpl$$ExternalSyntheticLambda12@3dc365d
2025-11-16 20:22:56.562 16163-16163 View                    com.presyohan.app                    D  [Warning] assignParent to null: this = android.widget.PopupWindow$PopupDecorView{dd72921 V.E...... R.....ID 0,0-110,110 aid=1073741850}
2025-11-16 20:22:56.563 16163-16163 BLASTBufferQueue        com.presyohan.app                    D  [VRI[PopupWindow:3e9]#18](f:0,a:1) destructor()
2025-11-16 20:22:56.563 16163-16163 BufferQueueConsumer     com.presyohan.app                    D  [VRI[PopupWindow:3e9]#18(BLAST Consumer)18](id:3f2300000012,api:0,p:-1,c:16163) disconnect
2025-11-16 20:22:56.574 16163-16163 EditorStubImpl          com.presyohan.app                    D  Type = 2, RectF = RectF(614.0, 1356.0, 724.0, 1466.0), mInsertionHandleData = [HandleData{mIsShow=true, mPosition=RectF(614.0, 1356.0, 724.0, 1466.0)}]
2025-11-16 20:22:56.574 16163-16163 EditorStubImpl          com.presyohan.app                    D  isMultiHandle = false, status = 3, sendData = [RectF(614.0, 1356.0, 724.0, 1466.0)]
2025-11-16 20:22:56.681 16163-16163 EditorStubImpl          com.presyohan.app                    D  Type = 2, RectF = RectF(614.0, 1356.0, 724.0, 1466.0), mInsertionHandleData = [HandleData{mIsShow=false, mPosition=RectF(614.0, 1356.0, 724.0, 1466.0)}]
2025-11-16 20:22:56.837 16163-16163 SpannableStringBuilder  com.presyohan.app                    E  SPAN_EXCLUSIVE_EXCLUSIVE spans cannot have a zero length
2025-11-16 20:22:56.837 16163-16163 SpannableStringBuilder  com.presyohan.app                    E  SPAN_EXCLUSIVE_EXCLUSIVE spans cannot have a zero length
2025-11-16 20:22:56.839 16163-16163 EditorStubImpl          com.presyohan.app                    D  Type = 2, RectF = RectF(614.0, 1356.0, 724.0, 1466.0), mInsertionHandleData = [HandleData{mIsShow=false, mPosition=RectF(614.0, 1356.0, 724.0, 1466.0)}]
2025-11-16 20:22:57.549 16163-16163 EditorStubImpl          com.presyohan.app                    D  Type = 2, RectF = RectF(614.0, 1356.0, 724.0, 1466.0), mInsertionHandleData = [HandleData{mIsShow=false, mPosition=RectF(614.0, 1356.0, 724.0, 1466.0)}]
2025-11-16 20:22:57.672 16163-16163 EditorStubImpl          com.presyohan.app                    D  Type = 2, RectF = RectF(614.0, 1356.0, 724.0, 1466.0), mInsertionHandleData = [HandleData{mIsShow=false, mPosition=RectF(614.0, 1356.0, 724.0, 1466.0)}]
2025-11-16 20:22:58.005 16163-16163 EditorStubImpl          com.presyohan.app                    D  Type = 2, RectF = RectF(614.0, 1356.0, 724.0, 1466.0), mInsertionHandleData = [HandleData{mIsShow=false, mPosition=RectF(614.0, 1356.0, 724.0, 1466.0)}]
2025-11-16 20:22:58.417 16163-16163 MIUIInput               com.presyohan.app                    I  [MotionEvent] ViewRootImpl windowName 'com.presyohan.app/com.presyohan.app.EditItemActivity', { action=ACTION_DOWN, id[0]=0, pointerCount=1, eventTime=158121246, downTime=158121246, phoneEventTime=20:22:58.410 } moveCount:0
2025-11-16 20:22:58.511 16163-16163 MIUIInput               com.presyohan.app                    I  [MotionEvent] ViewRootImpl windowName 'com.presyohan.app/com.presyohan.app.EditItemActivity', { action=ACTION_UP, id[0]=0, pointerCount=1, eventTime=158121344, downTime=158121246, phoneEventTime=20:22:58.508 } moveCount:0
2025-11-16 20:22:58.519 16163-16163 EditItemActivity        com.presyohan.app                    E  Update failed: Serializer for class 'Any' is not found.
                                                                                                    Please ensure that class is marked as '@Serializable' and that the serialization compiler plugin is applied.
2025-11-16 20:23:03.280 16163-16163 MIUIInput               com.presyohan.app                    I  [MotionEvent] ViewRootImpl windowName 'com.presyohan.app/com.presyohan.app.EditItemActivity', { action=ACTION_DOWN, id[0]=0, pointerCount=1, eventTime=158126109, downTime=158126109, phoneEventTime=20:23:03.273 } moveCount:0
2025-11-16 20:23:03.375 16163-16163 MIUIInput               com.presyohan.app                    I  [MotionEvent] ViewRootImpl windowName 'com.presyohan.app/com.presyohan.app.EditItemActivity', { action=ACTION_UP, id[0]=0, pointerCount=1, eventTime=158126208, downTime=158126109, phoneEventTime=20:23:03.372 } moveCount:0
2025-11-16 20:23:03.390  1706-1919  WindowManager           system_server                        E  setClientVisible ActivityRecord{fedc2f3 u0 com.presyohan.app/.ManageItemsActivity true
2025-11-16 20:23:03.412  1706-7761  WindowManager           system_server                        E  setClientVisible ActivityRecord{fedc2f3 u0 com.presyohan.app/.ManageItemsActivity t11807} true
2025-11-16 20:23:03.413  1706-7761  WindowManager           system_server                        E  setClientVisible ActivityRecord{fedc2f3 u0 com.presyohan.app/.ManageItemsActivity t11807} true
2025-11-16 20:23:03.422 16163-16163 ActivityThread          com.presyohan.app                    I  HardwareRenderer preload  done
2025-11-16 20:23:03.437 16163-16163 ScrollerOp...ionManager com.presyohan.app                    D  registerConfigChangedListener
2025-11-16 20:23:03.438 16163-16163 ScrollerOp...ionManager com.presyohan.app                    D  registerConfigChangedListener
2025-11-16 20:23:03.451 16163-16163 ScrollerOp...ionManager com.presyohan.app                    D  registerConfigChangedListener
2025-11-16 20:23:03.465 16163-16163 SecurityManager         com.presyohan.app                    D  checkAccessControl flag1
2025-11-16 20:23:03.469 16163-16163 MiuiCamera...redManager com.presyohan.app                    D  java.lang.NullPointerException: Attempt to invoke virtual method 'java.lang.String android.provider.MiuiSettings$SettingsCloudData$CloudData.getString(java.lang.String, java.lang.String)' on a null object reference
2025-11-16 20:23:03.470 16163-16236 libc                    com.presyohan.app                    W  Access denied finding property "ro.vendor.display.iris_x7.support"
2025-11-16 20:23:03.473 16163-16163 ForceDarkHelperStubImpl com.presyohan.app                    I  setViewRootImplForceDark: false for com.presyohan.app.ManageItemsActivity@2e4fa39, reason: AppDarkModeEnable
2025-11-16 20:23:03.473 16163-16163 VRI[Manage...sActivity] com.presyohan.app                    D  hardware acceleration = true, forceHwAccelerated = false
2025-11-16 20:23:03.477 16163-16163 InputEventReceiver      com.presyohan.app                    D  Input log is disabled in InputEventReceiver.
2025-11-16 20:23:03.510 16163-16163 BufferQueueConsumer     com.presyohan.app                    D  [](id:3f2300000013,api:0,p:-1,c:16163) connect: controlledByApp=false
2025-11-16 20:23:03.514 16163-16163 BLASTBufferQueue        com.presyohan.app                    D  [VRI[ManageItemsActivity]#19](f:0,a:0) constructor()
2025-11-16 20:23:03.514 16163-16163 BLASTBufferQueue        com.presyohan.app                    D  [VRI[ManageItemsActivity]#19](f:0,a:0) update width=1080 height=2400 format=-1 mTransformHint=0
2025-11-16 20:23:03.522 16163-16163 VRI[Manage...sActivity] com.presyohan.app                    D  vri.reportNextDraw android.view.ViewRootImpl.performTraversals:4985 android.view.ViewRootImpl.doTraversal:3572 android.view.ViewRootImpl$TraversalRunnable.run:11792 android.view.Choreographer$CallbackRecord.run:1821 android.view.Choreographer$CallbackRecord.run:1830 
2025-11-16 20:23:03.522 16163-16163 VRI[Manage...sActivity] com.presyohan.app                    D  Setup new sync=wmsSync-VRI[ManageItemsActivity]#40
2025-11-16 20:23:03.527 16163-16236 HWUI                    com.presyohan.app                    D  makeCurrent grContext:0xb400007c3344fed0 reset mTextureAvailable
2025-11-16 20:23:03.529 16163-16236 BLASTBufferQueue        com.presyohan.app                    D  [VRI[ManageItemsActivity]#19](f:0,a:1) acquireNextBufferLocked size=1080x2400 mFrameNumber=1 applyTransaction=true mTimestamp=158126364715963(auto) mPendingTransactions.size=0 graphicBufferId=69419556405382 transform=0
2025-11-16 20:23:03.531 16163-16163 VRI[Manage...sActivity] com.presyohan.app                    D  vri.reportDrawFinished
2025-11-16 20:23:03.534  1706-1742  WindowManager           system_server                        E  setClientVisible ActivityRecord{fedc2f3 u0 com.presyohan.app/.ManageItemsActivity t11807} true
2025-11-16 20:23:03.534 16163-16163 EditorStubImpl          com.presyohan.app                    D  Type = 2, RectF = RectF(614.0, 1356.0, 724.0, 1466.0), mInsertionHandleData = [HandleData{mIsShow=false, mPosition=RectF(614.0, 1356.0, 724.0, 1466.0)}]
2025-11-16 20:23:03.537  2497-7027  ActivityManagerWrapper  com.miui.home                        E  getRecentTasksForceIncludingTaskIdIfValid: getRecentTasks: size=14
                                                                                                     mainTaskId=11807   userId=0   windowMode=1   baseIntent=Intent { act=android.intent.action.MAIN flag=268435456 cmp=ComponentInfo{com.presyohan.app/com.presyohan.app.SplashActivity} }
                                                                                                     mainTaskId=11713   userId=0   windowMode=1   baseIntent=Intent { act=android.intent.action.MAIN flag=270532608 cmp=ComponentInfo{com.ss.android.ugc.trill/com.ss.android.ugc.aweme.splash.SplashActivity} }
                                                                                                     mainTaskId=11786   userId=0   windowMode=1   baseIntent=Intent { act=android.intent.action.MAIN flag=270532608 cmp=ComponentInfo{com.facebook.katana/com.facebook.katana.LoginActivity} }
                                                                                                     mainTaskId=11726   userId=0   windowMode=1   baseIntent=Intent { act=android.intent.action.MAIN flag=270532608 cmp=ComponentInfo{com.spotify.music/com.spotify.music.MainActivity} }
                                                                                                     mainTaskId=11651   userId=0   windowMode=1   baseIntent=Intent { act=android.intent.action.MAIN flag=287309824 cmp=ComponentInfo{com.facebook.orca/com.facebook.orca.auth.StartScreenActivity} }
                                                                                                     mainTaskId=11796   userId=0   windowMode=1   baseIntent=Intent { act=null flag=268435457 cmp=ComponentInfo{cn.wps.xiaomi.abroad.lite/cn.wps.moffice.plugin.app.multiactivity.excel.ExcelActivity0} }
                                                                                                     mainTaskId=11795   userId=0   windowMode=1   baseIntent=Intent { act=android.intent.action.MAIN flag=270532608 cmp=ComponentInfo{com.google.android.apps.nbu.files/com.google.android.apps.nbu.files.home.HomeActivity} }
                                                                                                     mainTaskId=11790   userId=0   windowMode=1   baseIntent=Intent { act=com.facebook.rtc.fbwebrtc.intent.action.HOSTED_FRAGMENT_SHOW_UI flag=268500992 cmp=ComponentInfo{com.facebook.orca/com.facebook.messaging.rtc.incall.activity.InCallActivity} }
                                                                                                     mainTaskId=11675   userId=999   windowMode=1   baseIntent=Intent { act=android.intent.action.MAIN flag=270532608 cmp=ComponentInfo{com.facebook.orca/com.facebook.orca.auth.StartScreenActivity} }
                                                                                                     mainTaskId=11785   userId=0   windowMode=1   baseIntent=Intent { act=android.intent.action.MAIN flag=270532608 cmp=ComponentInfo{com.miui.gallery/com.miui.gallery.activity.HomePageActivity} }
                                                                                                     mainTaskId=11708   userId=0   windowMode=1   baseIntent=Intent { act=android.intent.action.MAIN flag=270532608 cmp=ComponentInfo{com.android.camera/com.android.camera.Camera} }
                                                                                                     mainTaskId=11717   userId=0   windowMode=1   baseIntent=Intent { act=android.intent.action.MAIN flag=335544320 cmp=ComponentInfo{com.android.deskclock/com.android.deskclock.DeskClockTabActivity} }
                                                                                                     mainTaskId=11706   userId=0   windowMode=1   baseIntent=Intent { act=android.intent.action.MAIN flag=270532608 cmp=ComponentInfo{com.microsoft.teams/com.microsoft.skype.teams.Launcher} }
                                                                                                     mainTaskId=11754   userId=0   windowMode=1   baseIntent=Intent { act=android.settings.SETTINGS flag=335544320 cmp=ComponentInfo{com.android.settings/com.android.settings.MiuiSettings} }
2025-11-16 20:23:03.548 16163-16163 VRI[Manage...sActivity] com.presyohan.app                    D  vri.reportNextDraw android.view.ViewRootImpl.handleResized:2771 android.view.ViewRootImpl.-$$Nest$mhandleResized:0 android.view.ViewRootImpl$W.resized:12943 android.app.servertransaction.WindowStateResizeItem.execute:64 android.app.servertransaction.WindowStateTransactionItem.execute:59 
2025-11-16 20:23:03.554 16163-16163 VRI[Manage...sActivity] com.presyohan.app                    D  Setup new sync=wmsSync-VRI[ManageItemsActivity]#42
2025-11-16 20:23:03.559 16163-16163 VRI[Manage...sActivity] com.presyohan.app                    D  vri.reportDrawFinished
2025-11-16 20:23:03.575 16163-16163 HandWritingStubImpl     com.presyohan.app                    I  refreshLastKeyboardType: 1
2025-11-16 20:23:03.575 16163-16163 HandWritingStubImpl     com.presyohan.app                    I  getCurrentKeyboardType: 1
2025-11-16 20:23:03.595 16163-16163 InsetsController        com.presyohan.app                    D  hide(ime(), fromIme=true)
2025-11-16 20:23:03.597 16163-17117 ViewRootImplStubImpl    com.presyohan.app                    D  requestedTypes: 8
2025-11-16 20:23:03.597 16163-16163 RemoteInpu...ectionImpl com.presyohan.app                    W  requestCursorUpdates on inactive InputConnection
2025-11-16 20:23:03.602 16163-17117 ViewRootImplStubImpl    com.presyohan.app                    D  onAnimationStart
2025-11-16 20:23:03.624 16163-17117 ViewRootImplStubImpl    com.presyohan.app                    D  onAnimationUpdate, value: 0.0
2025-11-16 20:23:03.635 16163-17117 ViewRootImplStubImpl    com.presyohan.app                    D  onAnimationUpdate, value: 0.013614337
2025-11-16 20:23:03.643 16163-17117 ViewRootImplStubImpl    com.presyohan.app                    D  onAnimationUpdate, value: 0.049958687
2025-11-16 20:23:03.652 16163-17117 ViewRootImplStubImpl    com.presyohan.app                    D  onAnimationUpdate, value: 0.10116384
2025-11-16 20:23:03.660 16163-17117 ViewRootImplStubImpl    com.presyohan.app                    D  onAnimationUpdate, value: 0.16133213
2025-11-16 20:23:03.668 16163-17117 ViewRootImplStubImpl    com.presyohan.app                    D  onAnimationUpdate, value: 0.22610159
2025-11-16 20:23:03.677 16163-17117 ViewRootImplStubImpl    com.presyohan.app                    D  onAnimationUpdate, value: 0.2923119
2025-11-16 20:23:03.685 16163-17117 ViewRootImplStubImpl    com.presyohan.app                    D  onAnimationUpdate, value: 0.35772398
2025-11-16 20:23:03.693 16163-17117 ViewRootImplStubImpl    com.presyohan.app                    D  onAnimationUpdate, value: 0.42079625
2025-11-16 20:23:03.702 16163-17117 ViewRootImplStubImpl    com.presyohan.app                    D  onAnimationUpdate, value: 0.48051947
2025-11-16 20:23:03.710 16163-17117 ViewRootImplStubImpl    com.presyohan.app                    D  onAnimationUpdate, value: 0.53628296
2025-11-16 20:23:03.719 16163-17117 ViewRootImplStubImpl    com.presyohan.app                    D  onAnimationUpdate, value: 0.5877685
2025-11-16 20:23:03.727 16163-17117 ViewRootImplStubImpl    com.presyohan.app                    D  onAnimationUpdate, value: 0.63487047
2025-11-16 20:23:03.736 16163-17117 ViewRootImplStubImpl    com.presyohan.app                    D  onAnimationUpdate, value: 0.6776344
2025-11-16 20:23:03.744 16163-17117 ViewRootImplStubImpl    com.presyohan.app                    D  onAnimationUpdate, value: 0.7162113
2025-11-16 20:23:03.753 16163-17117 ViewRootImplStubImpl    com.presyohan.app                    D  onAnimationUpdate, value: 0.7508207
2025-11-16 20:23:03.761 16163-17117 ViewRootImplStubImpl    com.presyohan.app                    D  onAnimationUpdate, value: 0.7817231
2025-11-16 20:23:03.769 16163-17117 ViewRootImplStubImpl    com.presyohan.app                    D  onAnimationUpdate, value: 0.8092
2025-11-16 20:23:03.777 16163-17117 ViewRootImplStubImpl    com.presyohan.app                    D  onAnimationUpdate, value: 0.8335428
2025-11-16 20:23:03.786 16163-17117 ViewRootImplStubImpl    com.presyohan.app                    D  onAnimationUpdate, value: 0.85503775
2025-11-16 20:23:03.792 16163-16163 ImeTracker              com.presyohan.app                    I  com.presyohan.app:1e321cf2: onCancelled at PHASE_CLIENT_ANIMATION_CANCEL
2025-11-16 20:23:03.793 16163-16163 ImeTracker              com.presyohan.app                    I  com.presyohan.app:ef3ff581: onRequestHide at ORIGIN_CLIENT reason HIDE_SOFT_INPUT_ON_ANIMATION_STATE_CHANGED fromUser false
2025-11-16 20:23:03.793 16163-17117 ViewRootImplStubImpl    com.presyohan.app                    D  springAnimation ready to cancel:miuix.system.animation.physics.SpringAnimation@696a31candroid.view.InsetsController$InternalAnimationControlListener.onCancelled:520 android.view.InsetsAnimationControlImpl.cancel:361 android.view.InsetsAnimationThreadControlRunner$$ExternalSyntheticLambda1.run:0 android.os.Handler.handleCallback:959 android.os.Handler.dispatchMessage:100 
2025-11-16 20:23:03.793 16163-17117 ViewRootImplStubImpl    com.presyohan.app                    D  onAnimationEnd,canceled: true
2025-11-16 20:23:03.794 16163-16163 ImeTracker              com.presyohan.app                    I  com.presyohan.app:ef3ff581: onFailed at PHASE_CLIENT_VIEW_SERVED
2025-11-16 20:23:03.799 16163-16163 UserSceneDetector       com.presyohan.app                    D  invoke error.
2025-11-16 20:23:04.077  1706-2768  WindowManager           system_server                        E  setClientVisible ActivityRecord{55eaff u0 com.presyohan.app/.EditItemActivity t11807} false
2025-11-16 20:23:04.082 16163-16163 VRI[EditItemActivity]   com.presyohan.app                    D  visibilityChanged oldVisibility=true newVisibility=false
2025-11-16 20:23:04.092 16163-16236 HWUI                    com.presyohan.app                    D  endAllActiveAnimators on 0xb400007da364eef0 (RippleDrawable) with handle 0xb400007c434b0480
2025-11-16 20:23:04.108 16163-16839 BLASTBufferQueue        com.presyohan.app                    D  [VRI[EditItemActivity]#17](f:0,a:1) destructor()
2025-11-16 20:23:04.108 16163-16839 BufferQueueConsumer     com.presyohan.app                    D  [VRI[EditItemActivity]#17(BLAST Consumer)17](id:3f2300000011,api:0,p:-1,c:16163) disconnect
2025-11-16 20:23:04.116 16163-16163 EditorStubImpl          com.presyohan.app                    D  Type = 2, RectF = RectF(614.0, 1356.0, 724.0, 1466.0), mInsertionHandleData = [HandleData{mIsShow=false, mPosition=RectF(614.0, 1356.0, 724.0, 1466.0)}]
2025-11-16 20:23:04.118 16163-16163 ActivityThread          com.presyohan.app                    D  Fail to check app heapsize due to java.lang.NoSuchMethodException: dalvik.system.VMRuntime.getBlockingGcCountForAlloc []
2025-11-16 20:23:05.805 16163-16163 MIUIInput               com.presyohan.app                    I  [MotionEvent] ViewRootImpl windowName 'com.presyohan.app/com.presyohan.app.ManageItemsActivity', { action=ACTION_DOWN, id[0]=0, pointerCount=1, eventTime=158128634, downTime=158128634, phoneEventTime=20:23:05.799 } moveCount:0
2025-11-16 20:23:05.807 16163-16163 Editor                  com.presyohan.app                    D  Double tap detection is fail
2025-11-16 20:23:05.894 16163-16163 MIUIInput               com.presyohan.app                    I  [MotionEvent] ViewRootImpl windowName 'com.presyohan.app/com.presyohan.app.ManageItemsActivity', { action=ACTION_UP, id[0]=0, pointerCount=1, eventTime=158128727, downTime=158128634, phoneEventTime=20:23:05.892 } moveCount:0
2025-11-16 20:23:05.901 16163-16163 HandWritingStubImpl     com.presyohan.app                    I  refreshLastKeyboardType: 1
2025-11-16 20:23:05.904 16163-16163 HandWritingStubImpl     com.presyohan.app                    I  getCurrentKeyboardType: 1
2025-11-16 20:23:05.906 16163-16163 ImeTracker              com.presyohan.app                    I  com.presyohan.app:d1663c1f: onRequestShow at ORIGIN_CLIENT reason SHOW_SOFT_INPUT fromUser true
2025-11-16 20:23:05.906 16163-16163 InputMethodManager      com.presyohan.app                    D  showSoftInput() view=androidx.appcompat.widget.AppCompatEditText{1ba3a8b VFED..CL. .F.P..ID 507,0-760,110 #7f08014d app:id/inputItemUnit aid=1073741826} flags=0 reason=SHOW_SOFT_INPUT
2025-11-16 20:23:05.915 16163-16163 MiuiCamera...redManager com.presyohan.app                    D  java.lang.NullPointerException: Attempt to invoke virtual method 'java.lang.String android.provider.MiuiSettings$SettingsCloudData$CloudData.getString(java.lang.String, java.lang.String)' on a null object reference
2025-11-16 20:23:05.917 16163-16236 libc                    com.presyohan.app                    W  Access denied finding property "ro.vendor.display.iris_x7.support"
2025-11-16 20:23:05.917 16163-16163 ForceDarkHelperStubImpl com.presyohan.app                    I  setViewRootImplForceDark: false for com.presyohan.app.ManageItemsActivity@2e4fa39, reason: AppDarkModeEnable
2025-11-16 20:23:05.917 16163-16163 VRI[PopupWindow:3e9]    com.presyohan.app                    D  hardware acceleration = true, forceHwAccelerated = false
2025-11-16 20:23:05.922 16163-16163 InputEventReceiver      com.presyohan.app                    D  Input log is disabled in InputEventReceiver.
2025-11-16 20:23:05.925 16163-16163 EditorStubImpl          com.presyohan.app                    D  Type = 0, RectF = RectF(572.0, 486.0, 682.0, 596.0), mInsertionHandleData = [HandleData{mIsShow=false, mPosition=RectF(0.0, 0.0, 0.0, 0.0)}]
2025-11-16 20:23:05.925 16163-16163 EditorStubImpl          com.presyohan.app                    W  Two list size not equals,try recover it
2025-11-16 20:23:05.925 16163-16163 EditorStubImpl          com.presyohan.app                    D  isMultiHandle = false, status = 1, sendData = [RectF(572.0, 486.0, 682.0, 596.0)]
2025-11-16 20:23:05.927 16163-16163 TextViewImpl            com.presyohan.app                    V  sendCursorInfo support:false
2025-11-16 20:23:05.936 16163-16163 AssistStructure         com.presyohan.app                    I  Flattened final assist data: 8096 bytes, containing 2 windows, 36 views
2025-11-16 20:23:05.950 16163-16163 BufferQueueConsumer     com.presyohan.app                    D  [](id:3f2300000014,api:0,p:-1,c:16163) connect: controlledByApp=false
2025-11-16 20:23:05.953 16163-16163 BLASTBufferQueue        com.presyohan.app                    D  [VRI[PopupWindow:3e9]#20](f:0,a:0) constructor()
2025-11-16 20:23:05.953 16163-16163 BLASTBufferQueue        com.presyohan.app                    D  [VRI[PopupWindow:3e9]#20](f:0,a:0) update width=110 height=110 format=-3 mTransformHint=0
2025-11-16 20:23:05.956 16163-16163 ForceDarkHelperStubImpl com.presyohan.app                    I  setViewRootImplForceDark: false for com.presyohan.app.ManageItemsActivity@2e4fa39, reason: AppDarkModeEnable
2025-11-16 20:23:05.959 16163-16163 VRI[PopupWindow:3e9]    com.presyohan.app                    D  vri.reportNextDraw android.view.ViewRootImpl.performTraversals:4985 android.view.ViewRootImpl.doTraversal:3572 android.view.ViewRootImpl$TraversalRunnable.run:11792 android.view.Choreographer$CallbackRecord.run:1821 android.view.Choreographer$CallbackRecord.run:1830 
2025-11-16 20:23:05.959 16163-16163 VRI[PopupWindow:3e9]    com.presyohan.app                    D  Setup new sync=wmsSync-VRI[PopupWindow:3e9]#44
2025-11-16 20:23:05.962 16163-16236 HWUI                    com.presyohan.app                    D  makeCurrent grContext:0xb400007c3344fed0 reset mTextureAvailable
2025-11-16 20:23:05.965 16163-16236 BLASTBufferQueue        com.presyohan.app                    D  [VRI[PopupWindow:3e9]#20](f:0,a:1) acquireNextBufferLocked size=110x110 mFrameNumber=1 applyTransaction=true mTimestamp=158128800516501(auto) mPendingTransactions.size=0 graphicBufferId=69419556405390 transform=0
2025-11-16 20:23:05.965 16163-16163 VRI[PopupWindow:3e9]    com.presyohan.app                    D  vri.reportDrawFinished
2025-11-16 20:23:05.966 16163-16163 EditorStubImpl          com.presyohan.app                    D  Type = 1, RectF = RectF(575.0, 486.0, 685.0, 596.0), mInsertionHandleData = [HandleData{mIsShow=true, mPosition=RectF(572.0, 486.0, 682.0, 596.0)}]
2025-11-16 20:23:05.966 16163-16163 EditorStubImpl          com.presyohan.app                    D  isMultiHandle = false, status = 2, sendData = [RectF(575.0, 486.0, 685.0, 596.0)]
2025-11-16 20:23:05.972 16163-16163 VRI[PopupWindow:3e9]    com.presyohan.app                    D  vri.reportNextDraw android.view.ViewRootImpl.handleResized:2771 android.view.ViewRootImpl.-$$Nest$mhandleResized:0 android.view.ViewRootImpl$W.resized:12943 android.app.servertransaction.WindowStateResizeItem.execute:64 android.app.servertransaction.WindowStateTransactionItem.execute:59 
2025-11-16 20:23:05.973 16163-16163 VRI[PopupWindow:3e9]    com.presyohan.app                    D  vri.reportNextDraw android.view.ViewRootImpl.handleResized:2771 android.view.ViewRootImpl.-$$Nest$mhandleResized:0 android.view.ViewRootImpl$W.resized:12943 android.app.servertransaction.WindowStateResizeItem.execute:64 android.app.servertransaction.WindowStateTransactionItem.execute:59 
2025-11-16 20:23:05.975 16163-16163 VRI[PopupWindow:3e9]    com.presyohan.app                    D  Setup new sync=wmsSync-VRI[PopupWindow:3e9]#46
2025-11-16 20:23:05.980 16163-16163 VRI[PopupWindow:3e9]    com.presyohan.app                    D  vri.reportDrawFinished
2025-11-16 20:23:05.981 16163-16163 VRI[PopupWindow:3e9]    com.presyohan.app                    D  vri.reportNextDraw android.view.ViewRootImpl.handleResized:2771 android.view.ViewRootImpl.-$$Nest$mhandleResized:0 android.view.ViewRootImpl$W.resized:12943 android.app.servertransaction.WindowStateResizeItem.execute:64 android.app.servertransaction.WindowStateTransactionItem.execute:59 
2025-11-16 20:23:05.982 16163-16163 VRI[PopupWindow:3e9]    com.presyohan.app                    D  Setup new sync=wmsSync-VRI[PopupWindow:3e9]#48
2025-11-16 20:23:05.984 16163-16163 VRI[PopupWindow:3e9]    com.presyohan.app                    D  vri.reportDrawFinished
2025-11-16 20:23:05.994 16163-16163 InsetsController        com.presyohan.app                    D  show(ime(), fromIme=true)
2025-11-16 20:23:05.996 16163-17117 ViewRootImplStubImpl    com.presyohan.app                    D  requestedTypes: 8
2025-11-16 20:23:06.006 16163-17117 ViewRootImplStubImpl    com.presyohan.app                    D  onAnimationStart
2025-11-16 20:23:06.016 16163-17117 ViewRootImplStubImpl    com.presyohan.app                    D  onAnimationUpdate, value: 0.0
2025-11-16 20:23:06.023 16163-17117 ViewRootImplStubImpl    com.presyohan.app                    D  onAnimationUpdate, value: 0.0120651545
2025-11-16 20:23:06.031 16163-17117 ViewRootImplStubImpl    com.presyohan.app                    D  onAnimationUpdate, value: 0.044554085
2025-11-16 20:23:06.040 16163-17117 ViewRootImplStubImpl    com.presyohan.app                    D  onAnimationUpdate, value: 0.09090097
2025-11-16 20:23:06.048 16163-17117 ViewRootImplStubImpl    com.presyohan.app                    D  onAnimationUpdate, value: 0.14606683
2025-11-16 20:23:06.056 16163-17117 ViewRootImplStubImpl    com.presyohan.app                    D  onAnimationUpdate, value: 0.20622286
2025-11-16 20:23:06.065 16163-17117 ViewRootImplStubImpl    com.presyohan.app                    D  onAnimationUpdate, value: 0.26850477
2025-11-16 20:23:06.073 16163-17117 ViewRootImplStubImpl    com.presyohan.app                    D  onAnimationUpdate, value: 0.33080995
2025-11-16 20:23:06.081 16163-17117 ViewRootImplStubImpl    com.presyohan.app                    D  onAnimationUpdate, value: 0.39162663
2025-11-16 20:23:06.090 16163-17117 ViewRootImplStubImpl    com.presyohan.app                    D  onAnimationUpdate, value: 0.44990626
2025-11-16 20:23:06.098 16163-17117 ViewRootImplStubImpl    com.presyohan.app                    D  onAnimationUpdate, value: 0.50494766
2025-11-16 20:23:06.106 16163-17117 ViewRootImplStubImpl    com.presyohan.app                    D  onAnimationUpdate, value: 0.55636823
2025-11-16 20:23:06.115 16163-17117 ViewRootImplStubImpl    com.presyohan.app                    D  onAnimationUpdate, value: 0.60393834
2025-11-16 20:23:06.123 16163-17117 ViewRootImplStubImpl    com.presyohan.app                    D  onAnimationUpdate, value: 0.6476
2025-11-16 20:23:06.132 16163-17117 ViewRootImplStubImpl    com.presyohan.app                    D  onAnimationUpdate, value: 0.68740696
2025-11-16 20:23:06.140 16163-17117 ViewRootImplStubImpl    com.presyohan.app                    D  onAnimationUpdate, value: 0.7234887
2025-11-16 20:23:06.149 16163-17117 ViewRootImplStubImpl    com.presyohan.app                    D  onAnimationUpdate, value: 0.7560289
2025-11-16 20:23:06.158 16163-17117 ViewRootImplStubImpl    com.presyohan.app                    D  onAnimationUpdate, value: 0.7852451
2025-11-16 20:23:06.166 16163-17117 ViewRootImplStubImpl    com.presyohan.app                    D  onAnimationUpdate, value: 0.81137365
2025-11-16 20:23:06.174 16163-17117 ViewRootImplStubImpl    com.presyohan.app                    D  onAnimationUpdate, value: 0.8346575
2025-11-16 20:23:06.183 16163-17117 ViewRootImplStubImpl    com.presyohan.app                    D  onAnimationUpdate, value: 0.85533994
2025-11-16 20:23:06.192 16163-17117 ViewRootImplStubImpl    com.presyohan.app                    D  onAnimationUpdate, value: 0.8736588
2025-11-16 20:23:06.199 16163-17117 ViewRootImplStubImpl    com.presyohan.app                    D  onAnimationUpdate, value: 0.88984054
2025-11-16 20:23:06.208 16163-17117 ViewRootImplStubImpl    com.presyohan.app                    D  onAnimationUpdate, value: 0.90410024
2025-11-16 20:23:06.216 16163-17117 ViewRootImplStubImpl    com.presyohan.app                    D  onAnimationUpdate, value: 0.91663766
2025-11-16 20:23:06.225 16163-17117 ViewRootImplStubImpl    com.presyohan.app                    D  onAnimationUpdate, value: 0.9276376
2025-11-16 20:23:06.233 16163-17117 ViewRootImplStubImpl    com.presyohan.app                    D  onAnimationUpdate, value: 0.9372699
2025-11-16 20:23:06.241 16163-17117 ViewRootImplStubImpl    com.presyohan.app                    D  onAnimationUpdate, value: 0.94568926
2025-11-16 20:23:06.250 16163-17117 ViewRootImplStubImpl    com.presyohan.app                    D  onAnimationUpdate, value: 0.9530358
2025-11-16 20:23:06.258 16163-17117 ViewRootImplStubImpl    com.presyohan.app                    D  onAnimationUpdate, value: 0.95943594
2025-11-16 20:23:06.266 16163-17117 ViewRootImplStubImpl    com.presyohan.app                    D  onAnimationUpdate, value: 0.9650032
2025-11-16 20:23:06.275 16163-17117 ViewRootImplStubImpl    com.presyohan.app                    D  onAnimationUpdate, value: 0.9698392
2025-11-16 20:23:06.283 16163-17117 ViewRootImplStubImpl    com.presyohan.app                    D  onAnimationUpdate, value: 0.9740342
2025-11-16 20:23:06.293 16163-17117 ViewRootImplStubImpl    com.presyohan.app                    D  onAnimationUpdate, value: 0.9776684
2025-11-16 20:23:06.300 16163-17117 ViewRootImplStubImpl    com.presyohan.app                    D  onAnimationUpdate, value: 0.9808134
2025-11-16 20:23:06.309 16163-17117 ViewRootImplStubImpl    com.presyohan.app                    D  onAnimationUpdate, value: 0.9835312
2025-11-16 20:23:06.317 16163-17117 ViewRootImplStubImpl    com.presyohan.app                    D  onAnimationUpdate, value: 0.9858771
2025-11-16 20:23:06.326 16163-17117 ViewRootImplStubImpl    com.presyohan.app                    D  onAnimationUpdate, value: 0.9878998
2025-11-16 20:23:06.334 16163-17117 ViewRootImplStubImpl    com.presyohan.app                    D  onAnimationUpdate, value: 0.9896419
2025-11-16 20:23:06.342 16163-17117 ViewRootImplStubImpl    com.presyohan.app                    D  onAnimationUpdate, value: 0.9911408
2025-11-16 20:23:06.351 16163-17117 ViewRootImplStubImpl    com.presyohan.app                    D  onAnimationUpdate, value: 0.99242914
2025-11-16 20:23:06.359 16163-17117 ViewRootImplStubImpl    com.presyohan.app                    D  onAnimationUpdate, value: 0.9935355
2025-11-16 20:23:06.367 16163-17117 ViewRootImplStubImpl    com.presyohan.app                    D  onAnimationUpdate, value: 0.99448466
2025-11-16 20:23:06.377 16163-17117 ViewRootImplStubImpl    com.presyohan.app                    D  onAnimationUpdate, value: 0.9952982
2025-11-16 20:23:06.385 16163-17117 ViewRootImplStubImpl    com.presyohan.app                    D  onAnimationUpdate, value: 0.9959949
2025-11-16 20:23:06.393 16163-17117 ViewRootImplStubImpl    com.presyohan.app                    D  onAnimationUpdate, value: 0.996591
2025-11-16 20:23:06.401 16163-17117 ViewRootImplStubImpl    com.presyohan.app                    D  onAnimationUpdate, value: 0.9971007
2025-11-16 20:23:06.410 16163-17117 ViewRootImplStubImpl    com.presyohan.app                    D  onAnimationUpdate, value: 0.9975361
2025-11-16 20:23:06.419 16163-17117 ViewRootImplStubImpl    com.presyohan.app                    D  onAnimationUpdate, value: 0.99790776
2025-11-16 20:23:06.427 16163-17117 ViewRootImplStubImpl    com.presyohan.app                    D  onAnimationUpdate, value: 0.9982247
2025-11-16 20:23:06.435 16163-17117 ViewRootImplStubImpl    com.presyohan.app                    D  onAnimationUpdate, value: 0.9984947
2025-11-16 20:23:06.444 16163-17117 ViewRootImplStubImpl    com.presyohan.app                    D  onAnimationUpdate, value: 0.9987245
2025-11-16 20:23:06.452 16163-17117 ViewRootImplStubImpl    com.presyohan.app                    D  onAnimationUpdate, value: 1.0
2025-11-16 20:23:06.454 16163-17117 ViewRootImplStubImpl    com.presyohan.app                    D  onAnimationEnd,canceled: false
2025-11-16 20:23:06.466 16163-16163 ImeTracker              com.presyohan.app                    I  com.presyohan.app:d1663c1f: onShown
