2025-11-30 13:16:18.456  1702-1732  WindowManager           system_server                        E  setClientVisible ActivityRecord{3ce6f64 u0 com.presyohan.app/.NotificationActivity t12882} true
2025-11-30 13:16:18.989  1702-3359  WindowManager           system_server                        E  setClientVisible ActivityRecord{92d8d72 u0 com.presyohan.app/.EditItemActivity t12882} false
2025-11-30 13:16:19.045  8919-8919  ActivityThread          com.presyohan.app                    D  Fail to check app heapsize due to java.lang.NoSuchMethodException: dalvik.system.VMRuntime.getBlockingGcCountForAlloc []
2025-11-30 13:16:21.049  1702-2601  WindowManager           system_server                        E  setClientVisible ActivityRecord{92d8d72 u0 com.presyohan.app/.EditItemActivity t12882} true
2025-11-30 13:16:21.061  8919-8919  ForceDarkHelperStubImpl com.presyohan.app                    I  setViewRootImplForceDark: false for com.presyohan.app.EditItemActivity@17ef3fd, reason: AppDarkModeEnable
2025-11-30 13:16:21.100  1702-1732  WindowManager           system_server                        E  setClientVisible ActivityRecord{92d8d72 u0 com.presyohan.app/.EditItemActivity t12882} true
2025-11-30 13:16:21.632  1702-3359  WindowManager           system_server                        E  setClientVisible ActivityRecord{3ce6f64 u0 com.presyohan.app/.NotificationActivity t12882 f}} false
2025-11-30 13:16:21.669  8919-8919  ActivityThread          com.presyohan.app                    D  Fail to check app heapsize due to java.lang.NoSuchMethodException: dalvik.system.VMRuntime.getBlockingGcCountForAlloc []
2025-11-30 13:16:21.792  1702-2267  WindowManager           system_server                        E  setClientVisible ActivityRecord{9f53c22 u0 com.presyohan.app/.HomeActivity t12882} true
2025-11-30 13:16:21.800  8919-8919  ForceDarkHelperStubImpl com.presyohan.app                    I  setViewRootImplForceDark: false for com.presyohan.app.HomeActivity@3fc743b, reason: AppDarkModeEnable
2025-11-30 13:16:21.864  1702-1732  WindowManager           system_server                        E  setClientVisible ActivityRecord{9f53c22 u0 com.presyohan.app/.HomeActivity t12882} true
2025-11-30 13:16:22.130  8919-8919  UserSceneDetector       com.presyohan.app                    D  invoke error.
2025-11-30 13:16:22.399  1702-3359  WindowManager           system_server                        E  setClientVisible ActivityRecord{92d8d72 u0 com.presyohan.app/.EditItemActivity t12882 f}} false
2025-11-30 13:16:22.447  8919-8919  ActivityThread          com.presyohan.app                    D  Fail to check app heapsize due to java.lang.NoSuchMethodException: dalvik.system.VMRuntime.getBlockingGcCountForAlloc []
2025-11-30 13:16:24.161  8919-8919  MiuiCamera...redManager com.presyohan.app                    D  java.lang.NullPointerException: Attempt to invoke virtual method 'java.lang.String android.provider.MiuiSettings$SettingsCloudData$CloudData.getString(java.lang.String, java.lang.String)' on a null object reference
2025-11-30 13:16:24.165  8919-8919  ForceDarkHelperStubImpl com.presyohan.app                    I  setViewRootImplForceDark: false for com.presyohan.app.HomeActivity@3fc743b, reason: AppDarkModeEnable
2025-11-30 13:16:24.211  8919-8919  ForceDarkHelperStubImpl com.presyohan.app                    I  setViewRootImplForceDark: false for com.presyohan.app.HomeActivity@3fc743b, reason: AppDarkModeEnable
2025-11-30 13:17:08.542  1702-2267  WindowManager           system_server                        E  setClientVisible ActivityRecord{820e37a u0 com.presyohan.app/.AddItemActivity true
2025-11-30 13:17:08.566  1702-2601  WindowManager           system_server                        E  setClientVisible ActivityRecord{820e37a u0 com.presyohan.app/.AddItemActivity t12882} true
2025-11-30 13:17:08.567  1702-2601  WindowManager           system_server                        E  setClientVisible ActivityRecord{820e37a u0 com.presyohan.app/.AddItemActivity t12882} true
2025-11-30 13:17:08.575  8919-8919  ActivityThread          com.presyohan.app                    I  HardwareRenderer preload  done
2025-11-30 13:17:08.699  8919-8919  MiuiCamera...redManager com.presyohan.app                    D  java.lang.NullPointerException: Attempt to invoke virtual method 'java.lang.String android.provider.MiuiSettings$SettingsCloudData$CloudData.getString(java.lang.String, java.lang.String)' on a null object reference
2025-11-30 13:17:08.702  8919-8919  ForceDarkHelperStubImpl com.presyohan.app                    I  setViewRootImplForceDark: false for com.presyohan.app.AddItemActivity@ae06b50, reason: AppDarkModeEnable
2025-11-30 13:17:08.811  1702-1732  WindowManager           system_server                        E  setClientVisible ActivityRecord{820e37a u0 com.presyohan.app/.AddItemActivity t12882} true
2025-11-30 13:17:09.349  1702-5393  WindowManager           system_server                        E  setClientVisible ActivityRecord{9f53c22 u0 com.presyohan.app/.HomeActivity t12882} false
2025-11-30 13:17:09.377  8919-8919  ActivityThread          com.presyohan.app                    D  Fail to check app heapsize due to java.lang.NoSuchMethodException: dalvik.system.VMRuntime.getBlockingGcCountForAlloc []
2025-11-30 13:17:13.309  1702-5393  WindowManager           system_server                        E  setClientVisible ActivityRecord{2b0ec83 u0 com.presyohan.app/.AddMultipleItemsActivity true
2025-11-30 13:17:13.342  1702-2267  WindowManager           system_server                        E  setClientVisible ActivityRecord{2b0ec83 u0 com.presyohan.app/.AddMultipleItemsActivity t12882} true
2025-11-30 13:17:13.345  1702-2267  WindowManager           system_server                        E  setClientVisible ActivityRecord{2b0ec83 u0 com.presyohan.app/.AddMultipleItemsActivity t12882} true
2025-11-30 13:17:13.361  8919-8919  ActivityThread          com.presyohan.app                    I  HardwareRenderer preload  done
2025-11-30 13:17:13.466  8919-8919  MiuiCamera...redManager com.presyohan.app                    D  java.lang.NullPointerException: Attempt to invoke virtual method 'java.lang.String android.provider.MiuiSettings$SettingsCloudData$CloudData.getString(java.lang.String, java.lang.String)' on a null object reference
2025-11-30 13:17:13.478  8919-8919  ForceDarkHelperStubImpl com.presyohan.app                    I  setViewRootImplForceDark: false for com.presyohan.app.AddMultipleItemsActivity@c95bc0a, reason: AppDarkModeEnable
2025-11-30 13:17:13.596  1702-1732  WindowManager           system_server                        E  setClientVisible ActivityRecord{2b0ec83 u0 com.presyohan.app/.AddMultipleItemsActivity t12882} true
2025-11-30 13:17:14.133  1702-1907  WindowManager           system_server                        E  setClientVisible ActivityRecord{820e37a u0 com.presyohan.app/.AddItemActivity t12882} false
2025-11-30 13:17:14.155  8919-8919  ActivityThread          com.presyohan.app                    D  Fail to check app heapsize due to java.lang.NoSuchMethodException: dalvik.system.VMRuntime.getBlockingGcCountForAlloc []
2025-11-30 13:17:16.597  1702-2601  WindowManager           system_server                        E  setClientVisible ActivityRecord{820e37a u0 com.presyohan.app/.AddItemActivity t12882} true
2025-11-30 13:17:16.606  8919-8919  ForceDarkHelperStubImpl com.presyohan.app                    I  setViewRootImplForceDark: false for com.presyohan.app.AddItemActivity@ae06b50, reason: AppDarkModeEnable
2025-11-30 13:17:16.639  1702-1732  WindowManager           system_server                        E  setClientVisible ActivityRecord{820e37a u0 com.presyohan.app/.AddItemActivity t12882} true
2025-11-30 13:17:17.169  1702-3359  WindowManager           system_server                        E  setClientVisible ActivityRecord{2b0ec83 u0 com.presyohan.app/.AddMultipleItemsActivity t12882 f}} false
2025-11-30 13:17:17.212  8919-8919  ActivityThread          com.presyohan.app                    D  Fail to check app heapsize due to java.lang.NoSuchMethodException: dalvik.system.VMRuntime.getBlockingGcCountForAlloc []
2025-11-30 13:17:18.231  1702-1907  WindowManager           system_server                        E  setClientVisible ActivityRecord{9f53c22 u0 com.presyohan.app/.HomeActivity t12882} true
2025-11-30 13:17:18.240  8919-8919  ForceDarkHelperStubImpl com.presyohan.app                    I  setViewRootImplForceDark: false for com.presyohan.app.HomeActivity@3fc743b, reason: AppDarkModeEnable
2025-11-30 13:17:18.300  1702-1732  WindowManager           system_server                        E  setClientVisible ActivityRecord{9f53c22 u0 com.presyohan.app/.HomeActivity t12882} true
2025-11-30 13:17:18.551  8919-8919  UserSceneDetector       com.presyohan.app                    D  invoke error.
2025-11-30 13:17:18.836  1702-1907  WindowManager           system_server                        E  setClientVisible ActivityRecord{820e37a u0 com.presyohan.app/.AddItemActivity t12882 f}} false
2025-11-30 13:17:18.876  8919-8919  ActivityThread          com.presyohan.app                    D  Fail to check app heapsize due to java.lang.NoSuchMethodException: dalvik.system.VMRuntime.getBlockingGcCountForAlloc []
2025-11-30 13:17:19.312  8919-8919  MiuiCamera...redManager com.presyohan.app                    D  java.lang.NullPointerException: Attempt to invoke virtual method 'java.lang.String android.provider.MiuiSettings$SettingsCloudData$CloudData.getString(java.lang.String, java.lang.String)' on a null object reference
2025-11-30 13:17:19.314  8919-8919  ForceDarkHelperStubImpl com.presyohan.app                    I  setViewRootImplForceDark: false for com.presyohan.app.HomeActivity@3fc743b, reason: AppDarkModeEnable
2025-11-30 13:17:19.343  8919-8919  ForceDarkHelperStubImpl com.presyohan.app                    I  setViewRootImplForceDark: false for com.presyohan.app.HomeActivity@3fc743b, reason: AppDarkModeEnable
2025-11-30 13:17:20.058  1702-2267  WindowManager           system_server                        E  setClientVisible ActivityRecord{a1ae04d u0 com.presyohan.app/.EditItemActivity true
2025-11-30 13:17:20.091  1702-2601  WindowManager           system_server                        E  setClientVisible ActivityRecord{a1ae04d u0 com.presyohan.app/.EditItemActivity t12882} true
2025-11-30 13:17:20.092  1702-2601  WindowManager           system_server                        E  setClientVisible ActivityRecord{a1ae04d u0 com.presyohan.app/.EditItemActivity t12882} true
2025-11-30 13:17:20.100  8919-8919  ActivityThread          com.presyohan.app                    I  HardwareRenderer preload  done
2025-11-30 13:17:20.178  8919-8919  MiuiCamera...redManager com.presyohan.app                    D  java.lang.NullPointerException: Attempt to invoke virtual method 'java.lang.String android.provider.MiuiSettings$SettingsCloudData$CloudData.getString(java.lang.String, java.lang.String)' on a null object reference
2025-11-30 13:17:20.181  8919-8919  ForceDarkHelperStubImpl com.presyohan.app                    I  setViewRootImplForceDark: false for com.presyohan.app.EditItemActivity@43dcdf6, reason: AppDarkModeEnable
2025-11-30 13:17:20.272  1702-1732  WindowManager           system_server                        E  setClientVisible ActivityRecord{a1ae04d u0 com.presyohan.app/.EditItemActivity t12882} true
2025-11-30 13:17:20.809  1702-1906  WindowManager           system_server                        E  setClientVisible ActivityRecord{9f53c22 u0 com.presyohan.app/.HomeActivity t12882} false
2025-11-30 13:17:20.841  8919-8919  ActivityThread          com.presyohan.app                    D  Fail to check app heapsize due to java.lang.NoSuchMethodException: dalvik.system.VMRuntime.getBlockingGcCountForAlloc []
2025-11-30 13:19:54.590  1702-5421  WindowManager           system_server                        E  setClientVisible ActivityRecord{9f53c22 u0 com.presyohan.app/.HomeActivity t12882} true
2025-11-30 13:19:54.600  8919-8919  ForceDarkHelperStubImpl com.presyohan.app                    I  setViewRootImplForceDark: false for com.presyohan.app.HomeActivity@3fc743b, reason: AppDarkModeEnable
2025-11-30 13:19:54.654  1702-1732  WindowManager           system_server                        E  setClientVisible ActivityRecord{9f53c22 u0 com.presyohan.app/.HomeActivity t12882} true
2025-11-30 13:19:55.128  8919-8919  UserSceneDetector       com.presyohan.app                    D  invoke error.
2025-11-30 13:19:55.193  1702-2366  WindowManager           system_server                        E  setClientVisible ActivityRecord{a1ae04d u0 com.presyohan.app/.EditItemActivity t12882 f}} false
2025-11-30 13:19:55.239  8919-8919  ActivityThread          com.presyohan.app                    D  Fail to check app heapsize due to java.lang.NoSuchMethodException: dalvik.system.VMRuntime.getBlockingGcCountForAlloc []
2025-11-30 13:19:57.653  8919-8919  MiuiCamera...redManager com.presyohan.app                    D  java.lang.NullPointerException: Attempt to invoke virtual method 'java.lang.String android.provider.MiuiSettings$SettingsCloudData$CloudData.getString(java.lang.String, java.lang.String)' on a null object reference
2025-11-30 13:19:57.655  8919-8919  ForceDarkHelperStubImpl com.presyohan.app                    I  setViewRootImplForceDark: false for com.presyohan.app.HomeActivity@3fc743b, reason: AppDarkModeEnable
2025-11-30 13:19:57.688  8919-8919  ForceDarkHelperStubImpl com.presyohan.app                    I  setViewRootImplForceDark: false for com.presyohan.app.HomeActivity@3fc743b, reason: AppDarkModeEnable
2025-11-30 13:22:37.507  1702-2774  WindowManager           system_server                        E  setClientVisible ActivityRecord{1a8b8f0 u0 com.presyohan.app/.StoreActivity true
2025-11-30 13:22:37.537  1702-3125  WindowManager           system_server                        E  setClientVisible ActivityRecord{1a8b8f0 u0 com.presyohan.app/.StoreActivity t12882} true
2025-11-30 13:22:37.539  1702-3125  WindowManager           system_server                        E  setClientVisible ActivityRecord{1a8b8f0 u0 com.presyohan.app/.StoreActivity t12882} true
2025-11-30 13:22:37.562  1702-3125  WindowManager           system_server                        E  setClientVisible ActivityRecord{1a8b8f0 u0 com.presyohan.app/.StoreActivity t12882} true
2025-11-30 13:22:37.568  8919-8919  ActivityThread          com.presyohan.app                    I  HardwareRenderer preload  done
2025-11-30 13:22:37.684  8919-8919  MiuiCamera...redManager com.presyohan.app                    D  java.lang.NullPointerException: Attempt to invoke virtual method 'java.lang.String android.provider.MiuiSettings$SettingsCloudData$CloudData.getString(java.lang.String, java.lang.String)' on a null object reference
2025-11-30 13:22:37.686  8919-8919  ForceDarkHelperStubImpl com.presyohan.app                    I  setViewRootImplForceDark: false for com.presyohan.app.StoreActivity@ec57938, reason: AppDarkModeEnable
2025-11-30 13:22:37.695  8919-8919  UserSceneDetector       com.presyohan.app                    D  invoke error.
2025-11-30 13:22:38.087  1702-1908  WindowManager           system_server                        E  setClientVisible ActivityRecord{9f53c22 u0 com.presyohan.app/.HomeActivity t12882 f}} false
2025-11-30 13:22:38.130  8919-8919  ActivityThread          com.presyohan.app                    D  Fail to check app heapsize due to java.lang.NoSuchMethodException: dalvik.system.VMRuntime.getBlockingGcCountForAlloc []
2025-11-30 13:29:17.238  8919-8919  MiuiCamera...redManager com.presyohan.app                    D  java.lang.NullPointerException: Attempt to invoke virtual method 'java.lang.String android.provider.MiuiSettings$SettingsCloudData$CloudData.getString(java.lang.String, java.lang.String)' on a null object reference
2025-11-30 13:29:17.239  8919-8919  ForceDarkHelperStubImpl com.presyohan.app                    I  setViewRootImplForceDark: false for com.presyohan.app.StoreActivity@ec57938, reason: AppDarkModeEnable
2025-11-30 13:29:17.269  8919-8919  ForceDarkHelperStubImpl com.presyohan.app                    I  setViewRootImplForceDark: false for com.presyohan.app.StoreActivity@ec57938, reason: AppDarkModeEnable
2025-11-30 13:29:18.924  8919-8919  MiuiCamera...redManager com.presyohan.app                    D  java.lang.NullPointerException: Attempt to invoke virtual method 'java.lang.String android.provider.MiuiSettings$SettingsCloudData$CloudData.getString(java.lang.String, java.lang.String)' on a null object reference
2025-11-30 13:29:18.927  8919-8919  ForceDarkHelperStubImpl com.presyohan.app                    I  setViewRootImplForceDark: false for com.presyohan.app.StoreActivity@ec57938, reason: AppDarkModeEnable
2025-11-30 13:29:19.005  8919-8919  ForceDarkHelperStubImpl com.presyohan.app                    I  setViewRootImplForceDark: false for com.presyohan.app.StoreActivity@ec57938, reason: AppDarkModeEnable
2025-11-30 13:29:22.929  8919-8919  MiuiCamera...redManager com.presyohan.app                    D  java.lang.NullPointerException: Attempt to invoke virtual method 'java.lang.String android.provider.MiuiSettings$SettingsCloudData$CloudData.getString(java.lang.String, java.lang.String)' on a null object reference
2025-11-30 13:29:22.931  8919-8919  ForceDarkHelperStubImpl com.presyohan.app                    I  setViewRootImplForceDark: false for com.presyohan.app.StoreActivity@ec57938, reason: AppDarkModeEnable
2025-11-30 13:29:22.965  8919-8919  ForceDarkHelperStubImpl com.presyohan.app                    I  setViewRootImplForceDark: false for com.presyohan.app.StoreActivity@ec57938, reason: AppDarkModeEnable
2025-11-30 13:29:24.369  8919-8919  MiuiCamera...redManager com.presyohan.app                    D  java.lang.NullPointerException: Attempt to invoke virtual method 'java.lang.String android.provider.MiuiSettings$SettingsCloudData$CloudData.getString(java.lang.String, java.lang.String)' on a null object reference
2025-11-30 13:29:24.372  8919-8919  ForceDarkHelperStubImpl com.presyohan.app                    I  setViewRootImplForceDark: false for com.presyohan.app.StoreActivity@ec57938, reason: AppDarkModeEnable
2025-11-30 13:29:24.440  8919-8919  ForceDarkHelperStubImpl com.presyohan.app                    I  setViewRootImplForceDark: false for com.presyohan.app.StoreActivity@ec57938, reason: AppDarkModeEnable
2025-11-30 13:31:25.208  1702-5298  WindowManager           system_server                        E  setClientVisible ActivityRecord{1a8b8f0 u0 com.presyohan.app/.StoreActivity t12882} false
2025-11-30 13:31:25.287  8919-8919  ActivityThread          com.presyohan.app                    D  Fail to check app heapsize due to java.lang.NoSuchMethodException: dalvik.system.VMRuntime.getBlockingGcCountForAlloc []
2025-11-30 13:31:32.759  1702-2237  WindowManager           system_server                        E  setClientVisible ActivityRecord{fd99062 u0 com.presyohan.app/.SplashActivity true
2025-11-30 13:31:32.782  1702-2237  WindowManager           system_server                        E  setClientVisible ActivityRecord{1a8b8f0 u0 com.presyohan.app/.StoreActivity t12882} true
2025-11-30 13:31:32.783  8919-8919  ForceDarkHelperStubImpl com.presyohan.app                    I  setViewRootImplForceDark: false for com.presyohan.app.StoreActivity@ec57938, reason: AppDarkModeEnable
2025-11-30 13:31:32.831  1702-1732  WindowManager           system_server                        E  setClientVisible ActivityRecord{1a8b8f0 u0 com.presyohan.app/.StoreActivity t12882} true
2025-11-30 13:31:34.151  8919-8919  MiuiCamera...redManager com.presyohan.app                    D  java.lang.NullPointerException: Attempt to invoke virtual method 'java.lang.String android.provider.MiuiSettings$SettingsCloudData$CloudData.getString(java.lang.String, java.lang.String)' on a null object reference
2025-11-30 13:31:34.152  8919-8919  ForceDarkHelperStubImpl com.presyohan.app                    I  setViewRootImplForceDark: false for com.presyohan.app.StoreActivity@ec57938, reason: AppDarkModeEnable
2025-11-30 13:31:34.185  8919-8919  ForceDarkHelperStubImpl com.presyohan.app                    I  setViewRootImplForceDark: false for com.presyohan.app.StoreActivity@ec57938, reason: AppDarkModeEnable
2025-11-30 13:31:35.799  1702-3360  WindowManager           system_server                        E  setClientVisible ActivityRecord{1e5a182 u0 com.presyohan.app/.LoginActivity true
2025-11-30 13:31:35.846  1702-3125  WindowManager           system_server                        E  setClientVisible ActivityRecord{1e5a182 u0 com.presyohan.app/.LoginActivity t12882} true
2025-11-30 13:31:35.849  1702-3125  WindowManager           system_server                        E  setClientVisible ActivityRecord{1e5a182 u0 com.presyohan.app/.LoginActivity t12882} true
2025-11-30 13:31:35.875  8919-8919  ActivityThread          com.presyohan.app                    I  HardwareRenderer preload  done
2025-11-30 13:31:35.907  1702-5393  WindowManager           system_server                        E  setClientVisible ActivityRecord{1e5a182 u0 com.presyohan.app/.LoginActivity t12882} true
2025-11-30 13:31:36.059  8919-8919  MiuiCamera...redManager com.presyohan.app                    D  java.lang.NullPointerException: Attempt to invoke virtual method 'java.lang.String android.provider.MiuiSettings$SettingsCloudData$CloudData.getString(java.lang.String, java.lang.String)' on a null object reference
2025-11-30 13:31:36.065  8919-8919  ForceDarkHelperStubImpl com.presyohan.app                    I  setViewRootImplForceDark: false for com.presyohan.app.LoginActivity@5e81abe, reason: AppDarkModeEnable
2025-11-30 13:31:36.308  8919-8919  UserSceneDetector       com.presyohan.app                    D  invoke error.
2025-11-30 13:31:36.470  1702-3359  WindowManager           system_server                        E  setClientVisible ActivityRecord{1a8b8f0 u0 com.presyohan.app/.StoreActivity t12882 f}} false
2025-11-30 13:31:36.505  8919-8919  ActivityThread          com.presyohan.app                    D  Fail to check app heapsize due to java.lang.NoSuchMethodException: dalvik.system.VMRuntime.getBlockingGcCountForAlloc []
2025-11-30 13:31:39.248  1702-2366  WindowManager           system_server                        E  setClientVisible ActivityRecord{1e5a182 u0 com.presyohan.app/.LoginActivity t12882} false
2025-11-30 13:31:39.403  8919-8919  ActivityThread          com.presyohan.app                    D  Fail to check app heapsize due to java.lang.NoSuchMethodException: dalvik.system.VMRuntime.getBlockingGcCountForAlloc []
2025-11-30 13:31:41.156  1702-2774  WindowManager           system_server                        E  setClientVisible ActivityRecord{4e6ce4c u0 com.presyohan.app/.SplashActivity true
2025-11-30 13:31:41.183  1702-2774  WindowManager           system_server                        E  setClientVisible ActivityRecord{4e6ce4c u0 com.presyohan.app/.SplashActivity t12883} true
2025-11-30 13:31:41.220  1702-1732  WindowManager           system_server                        E  setClientVisible ActivityRecord{4e6ce4c u0 com.presyohan.app/.SplashActivity t12883} true
2025-11-30 13:31:42.507 18536-18536 ActivityThread          com.presyohan.app                    I  TrafficStats init done
2025-11-30 13:31:42.518 18536-18536 ActivityThread          com.presyohan.app                    I  Miui Feature Init done
2025-11-30 13:31:43.400 18536-18536 Looper                  com.presyohan.app                    W  PerfMonitor longMsg : seq=3 plan=13:31:41.646 late=18ms wall=1725ms h=android.app.ActivityThread$H w=110 procState=-1
2025-11-30 13:31:43.409 18536-18536 UserSceneDetector       com.presyohan.app                    D  invoke error.
2025-11-30 13:31:43.411 18536-18536 Looper                  com.presyohan.app                    W  PerfMonitor doFrame : time=1ms vsyncFrame=70729 latency=787ms procState=-1 historyMsgCount=2 (msgIndex=1 wall=1725ms seq=3 late=18ms h=android.app.ActivityThread$H w=110)
2025-11-30 13:31:43.413 18536-18536 ActivityThread          com.presyohan.app                    I  HardwareRenderer preload  done
2025-11-30 13:31:43.520 18536-18536 MiuiCamera...redManager com.presyohan.app                    D  java.lang.NullPointerException: Attempt to invoke virtual method 'java.lang.String android.provider.MiuiSettings$SettingsCloudData$CloudData.getString(java.lang.String, java.lang.String)' on a null object reference
2025-11-30 13:31:43.527 18536-18536 ForceDarkHelperStubImpl com.presyohan.app                    I  setViewRootImplForceDark: false for com.presyohan.app.SplashActivity@dbf539e, reason: AppDarkModeEnable
2025-11-30 13:31:43.601 18536-18536 UserSceneDetector       com.presyohan.app                    D  invoke error.
2025-11-30 13:39:40.689  1702-2366  WindowManager           system_server                        E  setClientVisible ActivityRecord{4e6ce4c u0 com.presyohan.app/.SplashActivity t12883 f} isExiting} false
2025-11-30 13:40:01.355  1702-2676  WindowManager           system_server                        E  setClientVisible ActivityRecord{70336bd u0 com.presyohan.app/.SplashActivity true
2025-11-30 13:40:01.423  1702-2599  WindowManager           system_server                        E  setClientVisible ActivityRecord{70336bd u0 com.presyohan.app/.SplashActivity t12885} true
2025-11-30 13:40:01.434  1702-1732  WindowManager           system_server                        E  setClientVisible ActivityRecord{70336bd u0 com.presyohan.app/.SplashActivity t12885} true
2025-11-30 13:40:02.582 21401-21401 ActivityThread          com.presyohan.app                    I  TrafficStats init done
2025-11-30 13:40:02.594 21401-21401 ActivityThread          com.presyohan.app                    I  Miui Feature Init done
2025-11-30 13:40:03.528 21401-21401 Looper                  com.presyohan.app                    W  PerfMonitor longMsg : seq=3 plan=13:40:01.681 late=1ms wall=1840ms h=android.app.ActivityThread$H w=110 procState=-1
2025-11-30 13:40:03.543 21401-21401 UserSceneDetector       com.presyohan.app                    D  invoke error.
2025-11-30 13:40:03.545 21401-21401 Looper                  com.presyohan.app                    W  PerfMonitor doFrame : time=2ms vsyncFrame=75449 latency=883ms procState=-1 historyMsgCount=2 (msgIndex=1 wall=1840ms seq=3 late=1ms h=android.app.ActivityThread$H w=110)
2025-11-30 13:40:03.548 21401-21401 ActivityThread          com.presyohan.app                    I  HardwareRenderer preload  done
2025-11-30 13:40:03.655 21401-21401 MiuiCamera...redManager com.presyohan.app                    D  java.lang.NullPointerException: Attempt to invoke virtual method 'java.lang.String android.provider.MiuiSettings$SettingsCloudData$CloudData.getString(java.lang.String, java.lang.String)' on a null object reference
2025-11-30 13:40:03.664 21401-21401 ForceDarkHelperStubImpl com.presyohan.app                    I  setViewRootImplForceDark: false for com.presyohan.app.SplashActivity@24ee7f, reason: AppDarkModeEnable
2025-11-30 13:40:03.729 21401-21401 UserSceneDetector       com.presyohan.app                    D  invoke error.
2025-11-30 13:40:04.493  1702-2676  WindowManager           system_server                        E  setClientVisible ActivityRecord{22d4f96 u0 com.presyohan.app/.LoginActivity true
2025-11-30 13:40:04.521  1702-3333  WindowManager           system_server                        E  setClientVisible ActivityRecord{22d4f96 u0 com.presyohan.app/.LoginActivity t12885} true
2025-11-30 13:40:04.523  1702-3333  WindowManager           system_server                        E  setClientVisible ActivityRecord{22d4f96 u0 com.presyohan.app/.LoginActivity t12885} true
2025-11-30 13:40:04.533 21401-21401 ActivityThread          com.presyohan.app                    I  HardwareRenderer preload  done
2025-11-30 13:40:04.715 21401-21401 MiuiCamera...redManager com.presyohan.app                    D  java.lang.NullPointerException: Attempt to invoke virtual method 'java.lang.String android.provider.MiuiSettings$SettingsCloudData$CloudData.getString(java.lang.String, java.lang.String)' on a null object reference
2025-11-30 13:40:04.718 21401-21401 ForceDarkHelperStubImpl com.presyohan.app                    I  setViewRootImplForceDark: false for com.presyohan.app.LoginActivity@c88aa37, reason: AppDarkModeEnable
2025-11-30 13:40:04.729 21401-21401 UserSceneDetector       com.presyohan.app                    D  invoke error.
2025-11-30 13:40:04.815  1702-1732  WindowManager           system_server                        E  setClientVisible ActivityRecord{22d4f96 u0 com.presyohan.app/.LoginActivity t12885} true
2025-11-30 13:40:04.889 21401-21401 MiuiMultiWindowUtils    com.presyohan.app                    D  freeform resolution args raw data:{  "wide_default":{    "freeform_args": {        "vertical_portrait":{"aspect_ratio":0.626, "original_ratio":0.5643,"original_scale":0.74,"top_margin":0.168,"left_margin":0.484},        "horizontal_portrait":{"aspect_ratio":0.626, "original_ratio":0.5643,"original_scale":0.74,"top_margin":0.1222,"left_margin":0.59745},        "vertical_landscape":{"aspect_ratio":1.6, "original_ratio":1,"original_scale":0.604,"top_margin":0.2596,"left_margin":0.2624},        "horizontal_landscape":{"aspect_ratio":1.6, "original_ratio":1,"original_scale":0.604,"top_margin":0.213,"left_margin":0.3758}    },    "mini_freeform_args":{        "vertical_portrait":{"original_ratio":0.147},        "horizontal_portrait":{"original_ratio":0.147},        "vertical_landscape":{"original_ratio":0.165},        "horizontal_landscape":{"original_ratio":0.165}    }  },  "narrow_default": {    "freeform_args": {        "vertical_portrait":{"aspect_ratio":0.626, "original_ratio":1,"original_scale":0.74,"top_margin":0.0753,"left_margin":-1},        "horizontal_portrait":{"aspect_ratio":0.626, "original_ratio":1,"original_scale":0.5756,"top_margin":-1,"left_margin":0.0753},        "vertical_landscape":{"aspect_ratio":1.6, "original_ratio":0.6847,"original_scale":0.587,"top_margin":0.0753,"left_margin":-1},        "horizontal_landscape":{"aspect_ratio":1.6, "original_ratio":0.6847,"original_scale":0.587,"top_margin":-1,"left_margin":0.0753}    },    "mini_freeform_args":{        "vertical_portrait":{"original_ratio":0.26},        "horizontal_portrait":{"original_ratio":0.26},        "vertical_landscape":{"original_ratio":0.293},        "horizontal_landscape":{"original_ratio":0.293}    }  },  "regular_default": {    "freeform_args": {      "vertical_portrait":{"aspect_ratio":0.625, "original_ratio":1,"original_scale":0.7,"top_margin":0.109,"left_margin":-1},      "horizontal_portrait":{"aspect_ratio":0.6667, "original_ratio":1,"original_scale":0.6102,"top_margin":-1,"left_margin":0.026},      "vertical_landscape":{"aspect_ratio":1.6, "original_ratio":1,"original_scale":0.4244,"top_margin":0.109,"left_margin":-1},      "horizontal_landscape":{"aspect_ratio":1.6, "original_ratio":1,"original_scale":0.4244,"top_margin":-1,"left_margin":0.026}    },    "mini_freeform_args":{      "vertical_portrait":{"original_ratio":0.25},      "horizontal_portrait":{"original_ratio":0.25},      "vertical_landscape":{"original_ratio":0.25},      "horizontal_landscape":{"original_ratio":0.25}    }  },  "pad_default": {    "freeform_args": {      "vertical_portrait":{"aspect_ratio":0.5625, "original_ratio":0.375,"original_scale":0.835,"top_margin":0.049,"left_margin":0.2775},      "horizontal_portrait":{"aspect_ratio":0.5625, "original_ratio":0.375,"original_scale":0.835,"top_margin":-1,"left_margin":0.6525},      "vertical_landscape":{"aspect_ratio":-1, "original_ratio":1,"original_scale":0.468,"top_margin":0.049,"left_margin":-1},      "horizontal_landscape":{"aspect_ratio":-1, "original_ratio":1,"original_scale":0.468,"top_margin":-1,"left_margin":0.4976}    },    "mini_freeform_args":{      "vertical_portrait":{"original_ratio":0.144},      "horizontal_portrait":{"original_ratio":0.144},      "vertical_landscape":{"original_ratio":0.2},      "horizontal_landscape":{"original_ratio":0.2}    }  }}
2025-11-30 13:40:04.894 21401-21401 MiuiMultiWindowUtils    com.presyohan.app                    D  initFreeFormResolutionArgs failed, device is emerald
2025-11-30 13:40:05.351  1702-2676  WindowManager           system_server                        E  setClientVisible ActivityRecord{70336bd u0 com.presyohan.app/.SplashActivity t12885 f}} false
2025-11-30 13:40:05.388 21401-21401 ActivityThread          com.presyohan.app                    D  Fail to check app heapsize due to java.lang.NoSuchMethodException: dalvik.system.VMRuntime.getBlockingGcCountForAlloc []
2025-11-30 13:40:05.718  1702-2676  WindowManager           system_server                        E  setClientVisible ActivityRecord{2d8cca2 u0 com.presyohan.app/com.google.android.gms.auth.api.signin.internal.SignInHubActivity true
2025-11-30 13:40:05.736  1702-2676  WindowManager           system_server                        E  setClientVisible ActivityRecord{2d8cca2 u0 com.presyohan.app/com.google.android.gms.auth.api.signin.internal.SignInHubActivity t12885} true
2025-11-30 13:40:05.737  1702-2676  WindowManager           system_server                        E  setClientVisible ActivityRecord{2d8cca2 u0 com.presyohan.app/com.google.android.gms.auth.api.signin.internal.SignInHubActivity t12885} true
2025-11-30 13:40:05.744 21401-21401 ActivityThread          com.presyohan.app                    I  HardwareRenderer preload  done
2025-11-30 13:40:05.784 21401-21401 MiuiCamera...redManager com.presyohan.app                    D  java.lang.NullPointerException: Attempt to invoke virtual method 'java.lang.String android.provider.MiuiSettings$SettingsCloudData$CloudData.getString(java.lang.String, java.lang.String)' on a null object reference
2025-11-30 13:40:05.786 21401-21401 ForceDarkHelperStubImpl com.presyohan.app                    I  setViewRootImplForceDark: false for com.google.android.gms.auth.api.signin.internal.SignInHubActivity@854eb2d, reason: AppDarkModeEnable
2025-11-30 13:40:05.964  1702-1732  WindowManager           system_server                        E  setClientVisible ActivityRecord{2d8cca2 u0 com.presyohan.app/com.google.android.gms.auth.api.signin.internal.SignInHubActivity t12885} true
2025-11-30 13:40:14.434  1702-5298  WindowManager           system_server                        E  setClientVisible ActivityRecord{2d8cca2 u0 com.presyohan.app/com.google.android.gms.auth.api.signin.internal.SignInHubActivity t12885 f}} false
2025-11-30 13:40:14.524 21401-21401 ActivityThread          com.presyohan.app                    D  Fail to check app heapsize due to java.lang.NoSuchMethodException: dalvik.system.VMRuntime.getBlockingGcCountForAlloc []
2025-11-30 13:40:15.947  1702-3333  WindowManager           system_server                        E  setClientVisible ActivityRecord{9db4a33 u0 com.presyohan.app/.StoreActivity true
2025-11-30 13:40:15.984  1702-2512  WindowManager           system_server                        E  setClientVisible ActivityRecord{9db4a33 u0 com.presyohan.app/.StoreActivity t12885} true
2025-11-30 13:40:15.986  1702-2512  WindowManager           system_server                        E  setClientVisible ActivityRecord{9db4a33 u0 com.presyohan.app/.StoreActivity t12885} true
2025-11-30 13:40:15.996 21401-21401 ActivityThread          com.presyohan.app                    I  HardwareRenderer preload  done
2025-11-30 13:40:16.269 21401-21401 MiuiCamera...redManager com.presyohan.app                    D  java.lang.NullPointerException: Attempt to invoke virtual method 'java.lang.String android.provider.MiuiSettings$SettingsCloudData$CloudData.getString(java.lang.String, java.lang.String)' on a null object reference
2025-11-30 13:40:16.272 21401-21401 ForceDarkHelperStubImpl com.presyohan.app                    I  setViewRootImplForceDark: false for com.presyohan.app.StoreActivity@2aa81f4, reason: AppDarkModeEnable
2025-11-30 13:40:16.284 21401-21401 UserSceneDetector       com.presyohan.app                    D  invoke error.
2025-11-30 13:40:16.408  1702-1732  WindowManager           system_server                        E  setClientVisible ActivityRecord{9db4a33 u0 com.presyohan.app/.StoreActivity t12885} true
2025-11-30 13:40:16.843 21401-21401 UserSceneDetector       com.presyohan.app                    D  invoke error.
2025-11-30 13:40:16.944  1702-3360  WindowManager           system_server                        E  setClientVisible ActivityRecord{22d4f96 u0 com.presyohan.app/.LoginActivity t12885 f}} false
2025-11-30 13:40:16.984 21401-21401 ActivityThread          com.presyohan.app                    D  Fail to check app heapsize due to java.lang.NoSuchMethodException: dalvik.system.VMRuntime.getBlockingGcCountForAlloc []
2025-11-30 13:40:17.928 21401-21401 MiuiCamera...redManager com.presyohan.app                    D  java.lang.NullPointerException: Attempt to invoke virtual method 'java.lang.String android.provider.MiuiSettings$SettingsCloudData$CloudData.getString(java.lang.String, java.lang.String)' on a null object reference
2025-11-30 13:40:17.930 21401-21401 ForceDarkHelperStubImpl com.presyohan.app                    I  setViewRootImplForceDark: false for com.presyohan.app.StoreActivity@2aa81f4, reason: AppDarkModeEnable
2025-11-30 13:40:17.962 21401-21401 ForceDarkHelperStubImpl com.presyohan.app                    I  setViewRootImplForceDark: false for com.presyohan.app.StoreActivity@2aa81f4, reason: AppDarkModeEnable
2025-11-30 13:40:19.131 21401-21401 AndroidRuntime          com.presyohan.app                    E  FATAL EXCEPTION: main (Ask Gemini)
                                                                                                    Process: com.presyohan.app, PID: 21401
                                                                                                    java.lang.ClassCastException: android.widget.FrameLayout cannot be cast to android.widget.ImageView
                                                                                                    	at com.presyohan.app.StoreActivity.showInviteStaffDialog(StoreActivity.kt:1020)
                                                                                                    	at com.presyohan.app.StoreActivity.access$showInviteStaffDialog(StoreActivity.kt:57)
                                                                                                    	at com.presyohan.app.StoreActivity$showInviteStaffWithCode$1.invokeSuspend$lambda$2(StoreActivity.kt:1005)
                                                                                                    	at com.presyohan.app.StoreActivity$showInviteStaffWithCode$1.$r8$lambda$oaFex9pNt22UXDFhPoUIwG3W8rE(Unknown Source:0)
                                                                                                    	at com.presyohan.app.StoreActivity$showInviteStaffWithCode$1$$ExternalSyntheticLambda1.run(D8$$SyntheticClass:0)
                                                                                                    	at android.app.Activity.runOnUiThread(Activity.java:8174)
                                                                                                    	at com.presyohan.app.StoreActivity$showInviteStaffWithCode$1.invokeSuspend(StoreActivity.kt:1003)
                                                                                                    	at kotlin.coroutines.jvm.internal.BaseContinuationImpl.resumeWith(ContinuationImpl.kt:34)
                                                                                                    	at kotlinx.coroutines.DispatchedTask.run(DispatchedTask.kt:100)
                                                                                                    	at android.os.Handler.handleCallback(Handler.java:959)
                                                                                                    	at android.os.Handler.dispatchMessage(Handler.java:100)
                                                                                                    	at android.os.Looper.loopOnce(Looper.java:249)
                                                                                                    	at android.os.Looper.loop(Looper.java:337)
                                                                                                    	at android.app.ActivityThread.main(ActivityThread.java:9515)
                                                                                                    	at java.lang.reflect.Method.invoke(Native Method)
                                                                                                    	at com.android.internal.os.RuntimeInit$MethodAndArgsCaller.run(RuntimeInit.java:636)
                                                                                                    	at com.android.internal.os.ZygoteInit.main(ZygoteInit.java:1005)
                                                                                                    	Suppressed: kotlinx.coroutines.internal.DiagnosticCoroutineContextException: [StandaloneCoroutine{Cancelling}@596e8e1, Dispatchers.Main.immediate]
2025-11-30 13:40:19.134 21401-21401 ScoutUtils              com.presyohan.app                    W  Failed to mkdir /data/miuilog/stability/hprof/
--------- beginning of main
2025-11-30 13:40:20.143  1702-2238  WindowManager           system_server                        E  setClientVisible ActivityRecord{9db4a33 u0 com.presyohan.app/.StoreActivity t12885 f} isExiting} false
2025-11-30 13:40:20.178  2458-4563  ActivityManagerWrapper  com.miui.home                        E  getRecentTasksForceIncludingTaskIdIfValid: getRecentTasks: size=11
                                                                                                     mainTaskId=12885   userId=0   windowMode=1   baseIntent=Intent { act=android.intent.action.MAIN flag=268435456 cmp=ComponentInfo{com.presyohan.app/com.presyohan.app.SplashActivity} }
                                                                                                     mainTaskId=12880   userId=0   windowMode=1   baseIntent=Intent { act=android.intent.action.MAIN flag=270532608 cmp=ComponentInfo{com.microsoft.teams/com.microsoft.skype.teams.Launcher} }
                                                                                                     mainTaskId=12875   userId=0   windowMode=1   baseIntent=Intent { act=android.settings.SETTINGS flag=335544320 cmp=ComponentInfo{com.android.settings/com.android.settings.MiuiSettings} }
                                                                                                     mainTaskId=12873   userId=0   windowMode=1   baseIntent=Intent { act=android.intent.action.MAIN flag=270532608 cmp=ComponentInfo{com.facebook.katana/com.facebook.katana.LoginActivity} }
                                                                                                     mainTaskId=12870   userId=0   windowMode=0   baseIntent=Intent { act=android.intent.action.MAIN flag=270532608 cmp=ComponentInfo{com.miui.notes/com.miui.notes.ui.NotesListActivity} }
                                                                                                     mainTaskId=12843   userId=0   windowMode=0   baseIntent=Intent { act=android.intent.action.MAIN flag=287309824 cmp=ComponentInfo{com.facebook.orca/com.facebook.orca.auth.StartScreenActivity} }
                                                                                                     mainTaskId=12845   userId=0   windowMode=0   baseIntent=Intent { act=android.intent.action.MAIN flag=270532608 cmp=ComponentInfo{com.ss.android.ugc.trill/com.ss.android.ugc.aweme.splash.SplashActivity} }
                                                                                                     mainTaskId=12861   userId=0   windowMode=0   baseIntent=Intent { act=android.intent.action.MAIN flag=270532608 cmp=ComponentInfo{com.spotify.music/com.spotify.music.MainActivity} }
                                                                                                     mainTaskId=12860   userId=0   windowMode=0   baseIntent=Intent { act=android.settings.BLUETOOTH_SETTINGS flag=335544320 cmp=ComponentInfo{com.android.settings/com.android.settings.Settings$BluetoothSettingsActivity} }
                                                                                                     mainTaskId=12871   userId=999   windowMode=0   baseIntent=Intent { act=android.intent.action.MAIN flag=270532608 cmp=ComponentInfo{com.facebook.orca/com.facebook.orca.auth.StartScreenActivity} }
                                                                                                     mainTaskId=12864   userId=999   windowMode=0   baseIntent=Intent { act=null flag=805306368 cmp=ComponentInfo{com.mobile.legends/com.moba.unityplugin.MobaGameUnityActivity} }
2025-11-30 13:40:20.194  2458-4563  ActivityManagerWrapper  com.miui.home                        E  getRecentTasksForceIncludingTaskIdIfValid: getRecentTasks: size=11
                                                                                                     mainTaskId=12885   userId=0   windowMode=1   baseIntent=Intent { act=android.intent.action.MAIN flag=268435456 cmp=ComponentInfo{com.presyohan.app/com.presyohan.app.SplashActivity} }
                                                                                                     mainTaskId=12880   userId=0   windowMode=1   baseIntent=Intent { act=android.intent.action.MAIN flag=270532608 cmp=ComponentInfo{com.microsoft.teams/com.microsoft.skype.teams.Launcher} }
                                                                                                     mainTaskId=12875   userId=0   windowMode=1   baseIntent=Intent { act=android.settings.SETTINGS flag=335544320 cmp=ComponentInfo{com.android.settings/com.android.settings.MiuiSettings} }
                                                                                                     mainTaskId=12873   userId=0   windowMode=1   baseIntent=Intent { act=android.intent.action.MAIN flag=270532608 cmp=ComponentInfo{com.facebook.katana/com.facebook.katana.LoginActivity} }
                                                                                                     mainTaskId=12870   userId=0   windowMode=0   baseIntent=Intent { act=android.intent.action.MAIN flag=270532608 cmp=ComponentInfo{com.miui.notes/com.miui.notes.ui.NotesListActivity} }
                                                                                                     mainTaskId=12843   userId=0   windowMode=0   baseIntent=Intent { act=android.intent.action.MAIN flag=287309824 cmp=ComponentInfo{com.facebook.orca/com.facebook.orca.auth.StartScreenActivity} }
                                                                                                     mainTaskId=12845   userId=0   windowMode=0   baseIntent=Intent { act=android.intent.action.MAIN flag=270532608 cmp=ComponentInfo{com.ss.android.ugc.trill/com.ss.android.ugc.aweme.splash.SplashActivity} }
                                                                                                     mainTaskId=12861   userId=0   windowMode=0   baseIntent=Intent { act=android.intent.action.MAIN flag=270532608 cmp=ComponentInfo{com.spotify.music/com.spotify.music.MainActivity} }
                                                                                                     mainTaskId=12860   userId=0   windowMode=0   baseIntent=Intent { act=android.settings.BLUETOOTH_SETTINGS flag=335544320 cmp=ComponentInfo{com.android.settings/com.android.settings.Settings$BluetoothSettingsActivity} }
                                                                                                     mainTaskId=12871   userId=999   windowMode=0   baseIntent=Intent { act=android.intent.action.MAIN flag=270532608 cmp=ComponentInfo{com.facebook.orca/com.facebook.orca.auth.StartScreenActivity} }
                                                                                                     mainTaskId=12864   userId=999   windowMode=0   baseIntent=Intent { act=null flag=805306368 cmp=ComponentInfo{com.mobile.legends/com.moba.unityplugin.MobaGameUnityActivity} }
