                                                                                                     mainTaskId=11675   userId=999   windowMode=1   baseIntent=Intent { act=android.intent.action.MAIN flag=270532608 cmp=ComponentInfo{com.facebook.orca/com.facebook.orca.auth.StartScreenActivity} }
                                                                                                     mainTaskId=11785   userId=0   windowMode=1   baseIntent=Intent { act=android.intent.action.MAIN flag=270532608 cmp=ComponentInfo{com.miui.gallery/com.miui.gallery.activity.HomePageActivity} }
                                                                                                     mainTaskId=11708   userId=0   windowMode=1   baseIntent=Intent { act=android.intent.action.MAIN flag=270532608 cmp=ComponentInfo{com.android.camera/com.android.camera.Camera} }
                                                                                                     mainTaskId=11717   userId=0   windowMode=1   baseIntent=Intent { act=android.intent.action.MAIN flag=335544320 cmp=ComponentInfo{com.android.deskclock/com.android.deskclock.DeskClockTabActivity} }
                                                                                                     mainTaskId=11706   userId=0   windowMode=1   baseIntent=Intent { act=android.intent.action.MAIN flag=270532608 cmp=ComponentInfo{com.microsoft.teams/com.microsoft.skype.teams.Launcher} }
                                                                                                     mainTaskId=11754   userId=0   windowMode=1   baseIntent=Intent { act=android.settings.SETTINGS flag=335544320 cmp=ComponentInfo{com.android.settings/com.android.settings.MiuiSettings} }
2025-11-16 20:22:18.908 16163-16163 SecurityManager         com.presyohan.app                    D  checkAccessControl flag1
2025-11-16 20:22:18.911 16163-16163 MiuiCamera...redManager com.presyohan.app                    D  java.lang.NullPointerException: Attempt to invoke virtual method 'java.lang.String android.provider.MiuiSettings$SettingsCloudData$CloudData.getString(java.lang.String, java.lang.String)' on a null object reference
2025-11-16 20:22:18.911 16163-16236 libc                    com.presyohan.app                    W  Access denied finding property "ro.vendor.display.iris_x7.support"
2025-11-16 20:22:18.912 16163-16163 ForceDarkHelperStubImpl com.presyohan.app                    I  setViewRootImplForceDark: false for com.presyohan.app.ManageStoreActivity@89707ac, reason: AppDarkModeEnable
2025-11-16 20:22:18.912 16163-16163 VRI[Manage...eActivity] com.presyohan.app                    D  hardware acceleration = true, forceHwAccelerated = false
2025-11-16 20:22:18.915 16163-16163 InputEventReceiver      com.presyohan.app                    D  Input log is disabled in InputEventReceiver.
2025-11-16 20:22:18.917 16163-16163 UserSceneDetector       com.presyohan.app                    D  invoke error.
2025-11-16 20:22:18.946 16163-16163 BufferQueueConsumer     com.presyohan.app                    D  [](id:3f2300000007,api:0,p:-1,c:16163) connect: controlledByApp=false
2025-11-16 20:22:18.947 16163-16163 BLASTBufferQueue        com.presyohan.app                    D  [VRI[ManageStoreActivity]#7](f:0,a:0) constructor()
2025-11-16 20:22:18.947 16163-16163 BLASTBufferQueue        com.presyohan.app                    D  [VRI[ManageStoreActivity]#7](f:0,a:0) update width=1080 height=2400 format=-1 mTransformHint=0
2025-11-16 20:22:18.960 16163-16163 VRI[Manage...eActivity] com.presyohan.app                    D  vri.reportNextDraw android.view.ViewRootImpl.performTraversals:4985 android.view.ViewRootImpl.doTraversal:3572 android.view.ViewRootImpl$TraversalRunnable.run:11792 android.view.Choreographer$CallbackRecord.run:1821 android.view.Choreographer$CallbackRecord.run:1830 
2025-11-16 20:22:18.962 16163-16163 VRI[Manage...eActivity] com.presyohan.app                    D  Setup new sync=wmsSync-VRI[ManageStoreActivity]#14
2025-11-16 20:22:18.984 16163-16236 BLASTBufferQueue        com.presyohan.app                    D  [VRI[ManageStoreActivity]#7](f:0,a:1) acquireNextBufferLocked size=1080x2400 mFrameNumber=1 applyTransaction=true mTimestamp=158081819459652(auto) mPendingTransactions.size=0 graphicBufferId=69419556405303 transform=0
2025-11-16 20:22:18.985 16163-16163 VRI[Manage...eActivity] com.presyohan.app                    D  vri.reportDrawFinished
2025-11-16 20:22:18.987  1706-1742  WindowManager           system_server                        E  setClientVisible ActivityRecord{de1194 u0 com.presyohan.app/.ManageStoreActivity t11807} true
2025-11-16 20:22:19.085 16163-16163 AssistStructure         com.presyohan.app                    I  Flattened final assist data: 5348 bytes, containing 1 windows, 35 views
2025-11-16 20:22:19.087 16163-16163 HandWritingStubImpl     com.presyohan.app                    I  refreshLastKeyboardType: 1
2025-11-16 20:22:19.087 16163-16163 HandWritingStubImpl     com.presyohan.app                    I  getCurrentKeyboardType: 1
2025-11-16 20:22:19.521  1706-2768  WindowManager           system_server                        E  setClientVisible ActivityRecord{d23e27b u0 com.presyohan.app/.StoreActivity t11807} false
2025-11-16 20:22:19.521 16163-16163 VRI[StoreActivity]      com.presyohan.app                    D  visibilityChanged oldVisibility=true newVisibility=false
2025-11-16 20:22:19.531 16163-16163 BLASTBufferQueue        com.presyohan.app                    D  [VRI[StoreActivity]#5](f:0,a:1) destructor()
2025-11-16 20:22:19.532 16163-16163 BufferQueueConsumer     com.presyohan.app                    D  [VRI[StoreActivity]#5(BLAST Consumer)5](id:3f2300000005,api:0,p:-1,c:16163) disconnect
2025-11-16 20:22:19.536 16163-16163 ActivityThread          com.presyohan.app                    D  Fail to check app heapsize due to java.lang.NoSuchMethodException: dalvik.system.VMRuntime.getBlockingGcCountForAlloc []
2025-11-16 20:22:21.954 16163-16827 GoogleApiManager        com.presyohan.app                    E  Failed to get service from broker.  (Ask Gemini)
                                                                                                    java.lang.SecurityException: Unknown calling package name 'com.google.android.gms'.
                                                                                                    	at android.os.Parcel.createExceptionOrNull(Parcel.java:3256)
                                                                                                    	at android.os.Parcel.createException(Parcel.java:3240)
                                                                                                    	at android.os.Parcel.readException(Parcel.java:3223)
                                                                                                    	at android.os.Parcel.readException(Parcel.java:3165)
                                                                                                    	at bctv.a(:com.google.android.gms@254435035@25.44.35 (260400-831510661):36)
                                                                                                    	at bcrw.z(:com.google.android.gms@254435035@25.44.35 (260400-831510661):143)
                                                                                                    	at bbyi.run(:com.google.android.gms@254435035@25.44.35 (260400-831510661):42)
                                                                                                    	at android.os.Handler.handleCallback(Handler.java:959)
                                                                                                    	at android.os.Handler.dispatchMessage(Handler.java:100)
                                                                                                    	at cozx.mr(:com.google.android.gms@254435035@25.44.35 (260400-831510661):1)
                                                                                                    	at cozx.dispatchMessage(:com.google.android.gms@254435035@25.44.35 (260400-831510661):5)
                                                                                                    	at android.os.Looper.loopOnce(Looper.java:249)
                                                                                                    	at android.os.Looper.loop(Looper.java:337)
                                                                                                    	at android.os.HandlerThread.run(HandlerThread.java:85)
2025-11-16 20:22:21.954 16163-16827 GoogleApiManager        com.presyohan.app                    W  Not showing notification since connectionResult is not user-facing: ConnectionResult{statusCode=DEVELOPER_ERROR, resolution=null, message=null, clientMethodKey=null}
2025-11-16 20:22:23.347 16163-16823 Firestore               com.presyohan.app                    W  (25.1.4) [WriteStream]: (e66a0ea) Stream closed with status: Status{code=PERMISSION_DENIED, description=Cloud Firestore API has not been used in project presyohan-v2 before or it is disabled. Enable it by visiting https://console.developers.google.com/apis/api/firestore.googleapis.com/overview?project=presyohan-v2 then retry. If you enabled this API recently, wait a few minutes for the action to propagate to our systems and retry., cause=null}.
2025-11-16 20:22:29.892 16163-16163 MIUIInput               com.presyohan.app                    I  [MotionEvent] ViewRootImpl windowName 'com.presyohan.app/com.presyohan.app.ManageStoreActivity', { action=ACTION_DOWN, id[0]=0, pointerCount=1, eventTime=158092720, downTime=158092720, phoneEventTime=20:22:29.884 } moveCount:0
2025-11-16 20:22:29.974 16163-16163 MIUIInput               com.presyohan.app                    I  [MotionEvent] ViewRootImpl windowName 'com.presyohan.app/com.presyohan.app.ManageStoreActivity', { action=ACTION_UP, id[0]=0, pointerCount=1, eventTime=158092806, downTime=158092720, phoneEventTime=20:22:29.970 } moveCount:0
2025-11-16 20:22:29.978  1706-1731  WindowManager           system_server                        E  setClientVisible ActivityRecord{bcfe495 u0 com.presyohan.app/.ManageCategoryActivity true
2025-11-16 20:22:29.998  1706-3065  WindowManager           system_server                        E  setClientVisible ActivityRecord{bcfe495 u0 com.presyohan.app/.ManageCategoryActivity t11807} true
2025-11-16 20:22:30.000  1706-3065  WindowManager           system_server                        E  setClientVisible ActivityRecord{bcfe495 u0 com.presyohan.app/.ManageCategoryActivity t11807} true
2025-11-16 20:22:30.010 16163-16163 ActivityThread          com.presyohan.app                    I  HardwareRenderer preload  done
2025-11-16 20:22:30.034 16163-16163 ScrollerOp...ionManager com.presyohan.app                    D  registerConfigChangedListener
2025-11-16 20:22:30.058 16163-16163 SecurityManager         com.presyohan.app                    D  checkAccessControl flag1
2025-11-16 20:22:30.062 16163-16163 MiuiCamera...redManager com.presyohan.app                    D  java.lang.NullPointerException: Attempt to invoke virtual method 'java.lang.String android.provider.MiuiSettings$SettingsCloudData$CloudData.getString(java.lang.String, java.lang.String)' on a null object reference
2025-11-16 20:22:30.063 16163-16236 libc                    com.presyohan.app                    W  Access denied finding property "ro.vendor.display.iris_x7.support"
2025-11-16 20:22:30.064 16163-16163 ForceDarkHelperStubImpl com.presyohan.app                    I  setViewRootImplForceDark: false for com.presyohan.app.ManageCategoryActivity@76f46f3, reason: AppDarkModeEnable
2025-11-16 20:22:30.064 16163-16163 VRI[Manage...yActivity] com.presyohan.app                    D  hardware acceleration = true, forceHwAccelerated = false
2025-11-16 20:22:30.068 16163-16163 InputEventReceiver      com.presyohan.app                    D  Input log is disabled in InputEventReceiver.
2025-11-16 20:22:30.082 16163-16163 BufferQueueConsumer     com.presyohan.app                    D  [](id:3f2300000008,api:0,p:-1,c:16163) connect: controlledByApp=false
2025-11-16 20:22:30.083 16163-16163 BLASTBufferQueue        com.presyohan.app                    D  [VRI[ManageCategoryActivity]#8](f:0,a:0) constructor()
2025-11-16 20:22:30.083 16163-16163 BLASTBufferQueue        com.presyohan.app                    D  [VRI[ManageCategoryActivity]#8](f:0,a:0) update width=1080 height=2400 format=-1 mTransformHint=0
2025-11-16 20:22:30.088 16163-16163 VRI[Manage...yActivity] com.presyohan.app                    D  vri.reportNextDraw android.view.ViewRootImpl.performTraversals:4985 android.view.ViewRootImpl.doTraversal:3572 android.view.ViewRootImpl$TraversalRunnable.run:11792 android.view.Choreographer$CallbackRecord.run:1821 android.view.Choreographer$CallbackRecord.run:1830 
2025-11-16 20:22:30.088 16163-16163 VRI[Manage...yActivity] com.presyohan.app                    D  Setup new sync=wmsSync-VRI[ManageCategoryActivity]#16
2025-11-16 20:22:30.090 16163-16236 HWUI                    com.presyohan.app                    D  makeCurrent grContext:0xb400007c3344fed0 reset mTextureAvailable
2025-11-16 20:22:30.095 16163-16236 BLASTBufferQueue        com.presyohan.app                    D  [VRI[ManageCategoryActivity]#8](f:0,a:1) acquireNextBufferLocked size=1080x2400 mFrameNumber=1 applyTransaction=true mTimestamp=158092930571576(auto) mPendingTransactions.size=0 graphicBufferId=69419556405305 transform=0
2025-11-16 20:22:30.097 16163-16163 VRI[Manage...yActivity] com.presyohan.app                    D  vri.reportDrawFinished
2025-11-16 20:22:30.101  1706-1742  WindowManager           system_server                        E  setClientVisible ActivityRecord{bcfe495 u0 com.presyohan.app/.ManageCategoryActivity t11807} true
2025-11-16 20:22:30.127 16163-16163 HandWritingStubImpl     com.presyohan.app                    I  refreshLastKeyboardType: 1
2025-11-16 20:22:30.127 16163-16163 HandWritingStubImpl     com.presyohan.app                    I  getCurrentKeyboardType: 1
2025-11-16 20:22:30.138  2497-7027  ActivityManagerWrapper  com.miui.home                        E  getRecentTasksForceIncludingTaskIdIfValid: getRecentTasks: size=14
                                                                                                     mainTaskId=11807   userId=0   windowMode=1   baseIntent=Intent { act=android.intent.action.MAIN flag=268435456 cmp=ComponentInfo{com.presyohan.app/com.presyohan.app.SplashActivity} }
                                                                                                     mainTaskId=11713   userId=0   windowMode=1   baseIntent=Intent { act=android.intent.action.MAIN flag=270532608 cmp=ComponentInfo{com.ss.android.ugc.trill/com.ss.android.ugc.aweme.splash.SplashActivity} }
                                                                                                     mainTaskId=11786   userId=0   windowMode=1   baseIntent=Intent { act=android.intent.action.MAIN flag=270532608 cmp=ComponentInfo{com.facebook.katana/com.facebook.katana.LoginActivity} }
                                                                                                     mainTaskId=11726   userId=0   windowMode=1   baseIntent=Intent { act=android.intent.action.MAIN flag=270532608 cmp=ComponentInfo{com.spotify.music/com.spotify.music.MainActivity} }
                                                                                                     mainTaskId=11651   userId=0   windowMode=1   baseIntent=Intent { act=android.intent.action.MAIN flag=287309824 cmp=ComponentInfo{com.facebook.orca/com.facebook.orca.auth.StartScreenActivity} }
                                                                                                     mainTaskId=11796   userId=0   windowMode=1   baseIntent=Intent { act=null flag=268435457 cmp=ComponentInfo{cn.wps.xiaomi.abroad.lite/cn.wps.moffice.plugin.app.multiactivity.excel.ExcelActivity0} }
                                                                                                     mainTaskId=11795   userId=0   windowMode=1   baseIntent=Intent { act=android.intent.action.MAIN flag=270532608 cmp=ComponentInfo{com.google.android.apps.nbu.files/com.google.android.apps.nbu.files.home.HomeActivity} }
                                                                                                     mainTaskId=11790   userId=0   windowMode=1   baseIntent=Intent { act=com.facebook.rtc.fbwebrtc.intent.action.HOSTED_FRAGMENT_SHOW_UI flag=268500992 cmp=ComponentInfo{com.facebook.orca/com.facebook.messaging.rtc.incall.activity.InCallActivity} }
                                                                                                     mainTaskId=11675   userId=999   windowMode=1   baseIntent=Intent { act=android.intent.action.MAIN flag=270532608 cmp=ComponentInfo{com.facebook.orca/com.facebook.orca.auth.StartScreenActivity} }
                                                                                                     mainTaskId=11785   userId=0   windowMode=1   baseIntent=Intent { act=android.intent.action.MAIN flag=270532608 cmp=ComponentInfo{com.miui.gallery/com.miui.gallery.activity.HomePageActivity} }
                                                                                                     mainTaskId=11708   userId=0   windowMode=1   baseIntent=Intent { act=android.intent.action.MAIN flag=270532608 cmp=ComponentInfo{com.android.camera/com.android.camera.Camera} }
                                                                                                     mainTaskId=11717   userId=0   windowMode=1   baseIntent=Intent { act=android.intent.action.MAIN flag=335544320 cmp=ComponentInfo{com.android.deskclock/com.android.deskclock.DeskClockTabActivity} }
                                                                                                     mainTaskId=11706   userId=0   windowMode=1   baseIntent=Intent { act=android.intent.action.MAIN flag=270532608 cmp=ComponentInfo{com.microsoft.teams/com.microsoft.skype.teams.Launcher} }
                                                                                                     mainTaskId=11754   userId=0   windowMode=1   baseIntent=Intent { act=android.settings.SETTINGS flag=335544320 cmp=ComponentInfo{com.android.settings/com.android.settings.MiuiSettings} }
2025-11-16 20:22:30.628  1706-2768  WindowManager           system_server                        E  setClientVisible ActivityRecord{de1194 u0 com.presyohan.app/.ManageStoreActivity t11807} false
2025-11-16 20:22:30.644 16163-16163 VRI[Manage...eActivity] com.presyohan.app                    D  visibilityChanged oldVisibility=true newVisibility=false
2025-11-16 20:22:30.655 16163-16236 BLASTBufferQueue        com.presyohan.app                    D  [VRI[ManageStoreActivity]#7](f:0,a:1) destructor()
2025-11-16 20:22:30.655 16163-16236 BufferQueueConsumer     com.presyohan.app                    D  [VRI[ManageStoreActivity]#7(BLAST Consumer)7](id:3f2300000007,api:0,p:-1,c:16163) disconnect
2025-11-16 20:22:30.672 16163-16163 ActivityThread          com.presyohan.app                    D  Fail to check app heapsize due to java.lang.NoSuchMethodException: dalvik.system.VMRuntime.getBlockingGcCountForAlloc []
2025-11-16 20:22:30.907 16163-16823 Firestore               com.presyohan.app                    W  (25.1.4) [WriteStream]: (e66a0ea) Stream closed with status: Status{code=PERMISSION_DENIED, description=Cloud Firestore API has not been used in project presyohan-v2 before or it is disabled. Enable it by visiting https://console.developers.google.com/apis/api/firestore.googleapis.com/overview?project=presyohan-v2 then retry. If you enabled this API recently, wait a few minutes for the action to propagate to our systems and retry., cause=null}.
2025-11-16 20:22:32.916 16163-16163 MIUIInput               com.presyohan.app                    I  [MotionEvent] ViewRootImpl windowName 'com.presyohan.app/com.presyohan.app.ManageCategoryActivity', { action=ACTION_DOWN, id[0]=0, pointerCount=1, eventTime=158095746, downTime=158095746, phoneEventTime=20:22:32.910 } moveCount:0
2025-11-16 20:22:32.990 16163-16163 MIUIInput               com.presyohan.app                    I  [MotionEvent] ViewRootImpl windowName 'com.presyohan.app/com.presyohan.app.ManageCategoryActivity', { action=ACTION_UP, id[0]=0, pointerCount=1, eventTime=158095823, downTime=158095746, phoneEventTime=20:22:32.988 } moveCount:0
2025-11-16 20:22:33.008  1706-7784  WindowManager           system_server                        E  setClientVisible ActivityRecord{aedfd4f u0 com.presyohan.app/.ManageItemsActivity true
2025-11-16 20:22:33.030  1706-1731  WindowManager           system_server                        E  setClientVisible ActivityRecord{aedfd4f u0 com.presyohan.app/.ManageItemsActivity t11807} true
2025-11-16 20:22:33.032  1706-1731  WindowManager           system_server                        E  setClientVisible ActivityRecord{aedfd4f u0 com.presyohan.app/.ManageItemsActivity t11807} true
2025-11-16 20:22:33.043 16163-16163 ActivityThread          com.presyohan.app                    I  HardwareRenderer preload  done
2025-11-16 20:22:33.059 16163-16163 ScrollerOp...ionManager com.presyohan.app                    D  registerConfigChangedListener
2025-11-16 20:22:33.059 16163-16163 ScrollerOp...ionManager com.presyohan.app                    D  registerConfigChangedListener
2025-11-16 20:22:33.074 16163-16163 ScrollerOp...ionManager com.presyohan.app                    D  registerConfigChangedListener
2025-11-16 20:22:33.089 16163-16163 SecurityManager         com.presyohan.app                    D  checkAccessControl flag1
2025-11-16 20:22:33.093 16163-16163 MiuiCamera...redManager com.presyohan.app                    D  java.lang.NullPointerException: Attempt to invoke virtual method 'java.lang.String android.provider.MiuiSettings$SettingsCloudData$CloudData.getString(java.lang.String, java.lang.String)' on a null object reference
2025-11-16 20:22:33.094 16163-16236 libc                    com.presyohan.app                    W  Access denied finding property "ro.vendor.display.iris_x7.support"
2025-11-16 20:22:33.094 16163-16163 ForceDarkHelperStubImpl com.presyohan.app                    I  setViewRootImplForceDark: false for com.presyohan.app.ManageItemsActivity@73c7adb, reason: AppDarkModeEnable
2025-11-16 20:22:33.094 16163-16163 VRI[Manage...sActivity] com.presyohan.app                    D  hardware acceleration = true, forceHwAccelerated = false
2025-11-16 20:22:33.099 16163-16163 InputEventReceiver      com.presyohan.app                    D  Input log is disabled in InputEventReceiver.
2025-11-16 20:22:33.121 16163-16163 BufferQueueConsumer     com.presyohan.app                    D  [](id:3f2300000009,api:0,p:-1,c:16163) connect: controlledByApp=false
2025-11-16 20:22:33.123 16163-16163 BLASTBufferQueue        com.presyohan.app                    D  [VRI[ManageItemsActivity]#9](f:0,a:0) constructor()
2025-11-16 20:22:33.123 16163-16163 BLASTBufferQueue        com.presyohan.app                    D  [VRI[ManageItemsActivity]#9](f:0,a:0) update width=1080 height=2400 format=-1 mTransformHint=0
2025-11-16 20:22:33.131 16163-16163 VRI[Manage...sActivity] com.presyohan.app                    D  vri.reportNextDraw android.view.ViewRootImpl.performTraversals:4985 android.view.ViewRootImpl.doTraversal:3572 android.view.ViewRootImpl$TraversalRunnable.run:11792 android.view.Choreographer$CallbackRecord.run:1821 android.view.Choreographer$CallbackRecord.run:1830 
2025-11-16 20:22:33.131 16163-16163 VRI[Manage...sActivity] com.presyohan.app                    D  Setup new sync=wmsSync-VRI[ManageItemsActivity]#18
2025-11-16 20:22:33.139 16163-16236 BLASTBufferQueue        com.presyohan.app                    D  [VRI[ManageItemsActivity]#9](f:0,a:1) acquireNextBufferLocked size=1080x2400 mFrameNumber=1 applyTransaction=true mTimestamp=158095974851346(auto) mPendingTransactions.size=0 graphicBufferId=69419556405317 transform=0
2025-11-16 20:22:33.140 16163-16163 VRI[Manage...sActivity] com.presyohan.app                    D  vri.reportDrawFinished
2025-11-16 20:22:33.144  1706-1742  WindowManager           system_server                        E  setClientVisible ActivityRecord{aedfd4f u0 com.presyohan.app/.ManageItemsActivity t11807} true
2025-11-16 20:22:33.174  2497-7027  ActivityManagerWrapper  com.miui.home                        E  getRecentTasksForceIncludingTaskIdIfValid: getRecentTasks: size=14
                                                                                                     mainTaskId=11807   userId=0   windowMode=1   baseIntent=Intent { act=android.intent.action.MAIN flag=268435456 cmp=ComponentInfo{com.presyohan.app/com.presyohan.app.SplashActivity} }
                                                                                                     mainTaskId=11713   userId=0   windowMode=1   baseIntent=Intent { act=android.intent.action.MAIN flag=270532608 cmp=ComponentInfo{com.ss.android.ugc.trill/com.ss.android.ugc.aweme.splash.SplashActivity} }
                                                                                                     mainTaskId=11786   userId=0   windowMode=1   baseIntent=Intent { act=android.intent.action.MAIN flag=270532608 cmp=ComponentInfo{com.facebook.katana/com.facebook.katana.LoginActivity} }
                                                                                                     mainTaskId=11726   userId=0   windowMode=1   baseIntent=Intent { act=android.intent.action.MAIN flag=270532608 cmp=ComponentInfo{com.spotify.music/com.spotify.music.MainActivity} }
                                                                                                     mainTaskId=11651   userId=0   windowMode=1   baseIntent=Intent { act=android.intent.action.MAIN flag=287309824 cmp=ComponentInfo{com.facebook.orca/com.facebook.orca.auth.StartScreenActivity} }
                                                                                                     mainTaskId=11796   userId=0   windowMode=1   baseIntent=Intent { act=null flag=268435457 cmp=ComponentInfo{cn.wps.xiaomi.abroad.lite/cn.wps.moffice.plugin.app.multiactivity.excel.ExcelActivity0} }
                                                                                                     mainTaskId=11795   userId=0   windowMode=1   baseIntent=Intent { act=android.intent.action.MAIN flag=270532608 cmp=ComponentInfo{com.google.android.apps.nbu.files/com.google.android.apps.nbu.files.home.HomeActivity} }
                                                                                                     mainTaskId=11790   userId=0   windowMode=1   baseIntent=Intent { act=com.facebook.rtc.fbwebrtc.intent.action.HOSTED_FRAGMENT_SHOW_UI flag=268500992 cmp=ComponentInfo{com.facebook.orca/com.facebook.messaging.rtc.incall.activity.InCallActivity} }
                                                                                                     mainTaskId=11675   userId=999   windowMode=1   baseIntent=Intent { act=android.intent.action.MAIN flag=270532608 cmp=ComponentInfo{com.facebook.orca/com.facebook.orca.auth.StartScreenActivity} }
                                                                                                     mainTaskId=11785   userId=0   windowMode=1   baseIntent=Intent { act=android.intent.action.MAIN flag=270532608 cmp=ComponentInfo{com.miui.gallery/com.miui.gallery.activity.HomePageActivity} }
                                                                                                     mainTaskId=11708   userId=0   windowMode=1   baseIntent=Intent { act=android.intent.action.MAIN flag=270532608 cmp=ComponentInfo{com.android.camera/com.android.camera.Camera} }
                                                                                                     mainTaskId=11717   userId=0   windowMode=1   baseIntent=Intent { act=android.intent.action.MAIN flag=335544320 cmp=ComponentInfo{com.android.deskclock/com.android.deskclock.DeskClockTabActivity} }
                                                                                                     mainTaskId=11706   userId=0   windowMode=1   baseIntent=Intent { act=android.intent.action.MAIN flag=270532608 cmp=ComponentInfo{com.microsoft.teams/com.microsoft.skype.teams.Launcher} }
                                                                                                     mainTaskId=11754   userId=0   windowMode=1   baseIntent=Intent { act=android.settings.SETTINGS flag=335544320 cmp=ComponentInfo{com.android.settings/com.android.settings.MiuiSettings} }
2025-11-16 20:22:33.191 16163-16163 HandWritingStubImpl     com.presyohan.app                    I  refreshLastKeyboardType: 1
2025-11-16 20:22:33.191 16163-16163 HandWritingStubImpl     com.presyohan.app                    I  getCurrentKeyboardType: 1
2025-11-16 20:22:33.451 16163-16163 UserSceneDetector       com.presyohan.app                    D  invoke error.
2025-11-16 20:22:33.673  1706-2768  WindowManager           system_server                        E  setClientVisible ActivityRecord{bcfe495 u0 com.presyohan.app/.ManageCategoryActivity t11807} false
2025-11-16 20:22:33.674 16163-16163 VRI[Manage...yActivity] com.presyohan.app                    D  visibilityChanged oldVisibility=true newVisibility=false
2025-11-16 20:22:33.686 16163-16236 HWUI                    com.presyohan.app                    D  endAllActiveAnimators on 0xb400007da35b0690 (RippleDrawable) with handle 0xb400007c434c0a40
2025-11-16 20:22:33.691 16163-16163 BLASTBufferQueue        com.presyohan.app                    D  [VRI[ManageCategoryActivity]#8](f:0,a:1) destructor()
2025-11-16 20:22:33.691 16163-16163 BufferQueueConsumer     com.presyohan.app                    D  [VRI[ManageCategoryActivity]#8(BLAST Consumer)8](id:3f2300000008,api:0,p:-1,c:16163) disconnect
2025-11-16 20:22:33.694 16163-16163 ActivityThread          com.presyohan.app                    D  Fail to check app heapsize due to java.lang.NoSuchMethodException: dalvik.system.VMRuntime.getBlockingGcCountForAlloc []
2025-11-16 20:22:34.148 16163-16163 MIUIInput               com.presyohan.app                    I  [MotionEvent] ViewRootImpl windowName 'com.presyohan.app/com.presyohan.app.ManageItemsActivity', { action=ACTION_DOWN, id[0]=0, pointerCount=1, eventTime=158096977, downTime=158096977, phoneEventTime=20:22:34.142 } moveCount:0
2025-11-16 20:22:34.242 16163-16163 MIUIInput               com.presyohan.app                    I  [MotionEvent] ViewRootImpl windowName 'com.presyohan.app/com.presyohan.app.ManageItemsActivity', { action=ACTION_UP, id[0]=0, pointerCount=1, eventTime=158097075, downTime=158096977, phoneEventTime=20:22:34.240 } moveCount:0
2025-11-16 20:22:34.251 16163-16163 AbsListViewStubImpl     com.presyohan.app                    I  com.presyohan.app, version: 1.0, Enable Prefetch: false
2025-11-16 20:22:34.263 16163-16163 ScrollerOp...ionManager com.presyohan.app                    D  registerConfigChangedListener
2025-11-16 20:22:34.268 16163-16163 ScrollerOp...ionManager com.presyohan.app                    D  registerConfigChangedListener
2025-11-16 20:22:34.282 16163-16163 MiuiCamera...redManager com.presyohan.app                    D  java.lang.NullPointerException: Attempt to invoke virtual method 'java.lang.String android.provider.MiuiSettings$SettingsCloudData$CloudData.getString(java.lang.String, java.lang.String)' on a null object reference
2025-11-16 20:22:34.284 16163-16236 libc                    com.presyohan.app                    W  Access denied finding property "ro.vendor.display.iris_x7.support"
2025-11-16 20:22:34.284 16163-16163 ForceDarkHelperStubImpl com.presyohan.app                    I  setViewRootImplForceDark: false for com.presyohan.app.ManageItemsActivity@73c7adb, reason: AppDarkModeEnable
2025-11-16 20:22:34.284 16163-16163 VRI[Manage...sActivity] com.presyohan.app                    D  hardware acceleration = true, forceHwAccelerated = false
2025-11-16 20:22:34.292 16163-16163 InputEventReceiver      com.presyohan.app                    D  Input log is disabled in InputEventReceiver.
2025-11-16 20:22:34.315 16163-16163 BufferQueueConsumer     com.presyohan.app                    D  [](id:3f230000000a,api:0,p:-1,c:16163) connect: controlledByApp=false
2025-11-16 20:22:34.315 16163-16163 BLASTBufferQueue        com.presyohan.app                    D  [VRI[ManageItemsActivity]#10](f:0,a:0) constructor()
2025-11-16 20:22:34.315 16163-16163 BLASTBufferQueue        com.presyohan.app                    D  [VRI[ManageItemsActivity]#10](f:0,a:0) update width=1202 height=696 format=-3 mTransformHint=0
2025-11-16 20:22:34.316 16163-16163 ForceDarkHelperStubImpl com.presyohan.app                    I  setViewRootImplForceDark: false for com.presyohan.app.ManageItemsActivity@73c7adb, reason: AppDarkModeEnable
2025-11-16 20:22:34.323 16163-16163 VRI[Manage...sActivity] com.presyohan.app                    D  vri.reportNextDraw android.view.ViewRootImpl.performTraversals:4985 android.view.ViewRootImpl.doTraversal:3572 android.view.ViewRootImpl$TraversalRunnable.run:11792 android.view.Choreographer$CallbackRecord.run:1821 android.view.Choreographer$CallbackRecord.run:1830 
2025-11-16 20:22:34.323 16163-16163 VRI[Manage...sActivity] com.presyohan.app                    D  Setup new sync=wmsSync-VRI[ManageItemsActivity]#20
2025-11-16 20:22:34.325 16163-16236 HWUI                    com.presyohan.app                    D  makeCurrent grContext:0xb400007c3344fed0 reset mTextureAvailable
2025-11-16 20:22:34.331 16163-16236 BLASTBufferQueue        com.presyohan.app                    D  [VRI[ManageItemsActivity]#10](f:0,a:1) acquireNextBufferLocked size=1202x696 mFrameNumber=1 applyTransaction=true mTimestamp=158097166691038(auto) mPendingTransactions.size=0 graphicBufferId=69419556405320 transform=0
2025-11-16 20:22:34.332 16163-16163 VRI[Manage...sActivity] com.presyohan.app                    D  vri.reportDrawFinished
2025-11-16 20:22:35.189 16163-16163 MIUIInput               com.presyohan.app                    I  [MotionEvent] ViewRootImpl windowName 'com.presyohan.app/com.presyohan.app.ManageItemsActivity', { action=ACTION_DOWN, id[0]=0, pointerCount=1, eventTime=158098019, downTime=158098019, phoneEventTime=20:22:35.184 } moveCount:0
2025-11-16 20:22:35.264 16163-16163 MIUIInput               com.presyohan.app                    I  [MotionEvent] ViewRootImpl windowName 'com.presyohan.app/com.presyohan.app.ManageItemsActivity', { action=ACTION_UP, id[0]=0, pointerCount=1, eventTime=158098097, downTime=158098019, phoneEventTime=20:22:35.261 } moveCount:0
2025-11-16 20:22:35.282 16163-16163 WindowOnBackDispatcher  com.presyohan.app                    W  sendCancelIfRunning: isInProgress=false callback=android.view.ViewRootImpl$$ExternalSyntheticLambda12@95ad503
2025-11-16 20:22:35.286 16163-16236 HWUI                    com.presyohan.app                    D  endAllActiveAnimators on 0xb400007da35fad80 (AlertController$RecycleListView) with handle 0xb400007c434ca160
2025-11-16 20:22:35.286 16163-16163 View                    com.presyohan.app                    D  [Warning] assignParent to null: this = DecorView@1889314[ManageItemsActivity]
2025-11-16 20:22:35.304 16163-16839 BLASTBufferQueue        com.presyohan.app                    D  [VRI[ManageItemsActivity]#10](f:0,a:1) destructor()
2025-11-16 20:22:35.304 16163-16839 BufferQueueConsumer     com.presyohan.app                    D  [VRI[ManageItemsActivity]#10(BLAST Consumer)10](id:3f230000000a,api:0,p:-1,c:16163) disconnect
2025-11-16 20:22:35.460 16163-16163 HandWritingStubImpl     com.presyohan.app                    I  refreshLastKeyboardType: 1
2025-11-16 20:22:35.460 16163-16163 HandWritingStubImpl     com.presyohan.app                    I  getCurrentKeyboardType: 1
2025-11-16 20:22:35.992 16163-16163 MIUIInput               com.presyohan.app                    I  [MotionEvent] ViewRootImpl windowName 'com.presyohan.app/com.presyohan.app.ManageItemsActivity', { action=ACTION_DOWN, id[0]=0, pointerCount=1, eventTime=158098822, downTime=158098822, phoneEventTime=20:22:35.987 } moveCount:0
2025-11-16 20:22:36.113 16163-16163 MIUIInput               com.presyohan.app                    I  [MotionEvent] ViewRootImpl windowName 'com.presyohan.app/com.presyohan.app.ManageItemsActivity', { action=ACTION_UP, id[0]=0, pointerCount=1, eventTime=158098916, downTime=158098822, phoneEventTime=20:22:36.081 } moveCount:5
2025-11-16 20:22:36.114 16163-16163 SplineOverScroller      com.presyohan.app                    D  mFlingDuration: 2574,mFlingDistance: 5873.02294921875,mVelocity: 12677
2025-11-16 20:22:36.114 16163-16163 ScrollIdentify          com.presyohan.app                    I  on fling
2025-11-16 20:22:36.115 16163-16163 SplineOverScroller      com.presyohan.app                    W  animation - 3 frame Missed in app.
2025-11-16 20:22:36.130 16163-16163 SplineOverScroller      com.presyohan.app                    W  animation - 5 frame Missed in app.
2025-11-16 20:22:36.167 16163-16163 SplineOverScroller      com.presyohan.app                    W  animation - 3 frame Missed in app.
2025-11-16 20:22:36.194 16163-16163 SplineOverScroller      com.presyohan.app                    W  animation - 3 frame Missed in app.
2025-11-16 20:22:36.806 16163-16163 MIUIInput               com.presyohan.app                    I  [MotionEvent] ViewRootImpl windowName 'com.presyohan.app/com.presyohan.app.ManageItemsActivity', { action=ACTION_DOWN, id[0]=0, pointerCount=1, eventTime=158099639, downTime=158099639, phoneEventTime=20:22:36.804 } moveCount:0
2025-11-16 20:22:36.808 16163-16163 Editor                  com.presyohan.app                    D  Double tap detection is fail
2025-11-16 20:22:37.256 16163-16163 MiInputConsumer         com.presyohan.app                    I  optimized resample latency: 3548566 ns
2025-11-16 20:22:37.712 16163-16163 MIUIInput               com.presyohan.app                    I  [MotionEvent] ViewRootImpl windowName 'com.presyohan.app/com.presyohan.app.ManageItemsActivity', { action=ACTION_UP, id[0]=0, pointerCount=1, eventTime=158100532, downTime=158099639, phoneEventTime=20:22:37.696 } moveCount:91
2025-11-16 20:22:37.713 16163-16163 SplineOverScroller      com.presyohan.app                    D  mFlingDuration: 2482,mFlingDistance: 4811.16259765625,mVelocity: -10394
2025-11-16 20:22:37.713 16163-16163 ScrollIdentify          com.presyohan.app                    I  on fling
2025-11-16 20:22:37.719 16163-16163 SplineOverScroller      com.presyohan.app                    W  animation - 2 frame Missed in app.
2025-11-16 20:22:37.783 16163-16163 SplineOverScroller      com.presyohan.app                    W  animation - 2 frame Missed in app.
2025-11-16 20:22:37.805 16163-16163 SplineOverScroller      com.presyohan.app                    W  animation - 2 frame Missed in app.
2025-11-16 20:22:38.192 16163-16163 MIUIInput               com.presyohan.app                    I  [MotionEvent] ViewRootImpl windowName 'com.presyohan.app/com.presyohan.app.ManageItemsActivity', { action=ACTION_DOWN, id[0]=0, pointerCount=1, eventTime=158101025, downTime=158101025, phoneEventTime=20:22:38.190 } moveCount:0
2025-11-16 20:22:38.324 16163-16163 MIUIInput               com.presyohan.app                    I  [MotionEvent] ViewRootImpl windowName 'com.presyohan.app/com.presyohan.app.ManageItemsActivity', { action=ACTION_UP, id[0]=0, pointerCount=1, eventTime=158101157, downTime=158101025, phoneEventTime=20:22:38.322 } moveCount:13
2025-11-16 20:22:38.325 16163-16163 SplineOverScroller      com.presyohan.app                    D  mFlingDuration: 2049,mFlingDistance: 1882.79052734375,mVelocity: -4098
2025-11-16 20:22:38.325 16163-16163 ScrollIdentify          com.presyohan.app                    I  on fling
2025-11-16 20:22:38.847 16163-16163 MIUIInput               com.presyohan.app                    I  [MotionEvent] ViewRootImpl windowName 'com.presyohan.app/com.presyohan.app.ManageItemsActivity', { action=ACTION_DOWN, id[0]=0, pointerCount=1, eventTime=158101679, downTime=158101679, phoneEventTime=20:22:38.844 } moveCount:0
2025-11-16 20:22:38.915 16163-16163 MIUIInput               com.presyohan.app                    I  [MotionEvent] ViewRootImpl windowName 'com.presyohan.app/com.presyohan.app.ManageItemsActivity', { action=ACTION_UP, id[0]=0, pointerCount=1, eventTime=158101749, downTime=158101679, phoneEventTime=20:22:38.914 } moveCount:0
2025-11-16 20:22:38.937 16163-16163 MiuiCamera...redManager com.presyohan.app                    D  java.lang.NullPointerException: Attempt to invoke virtual method 'java.lang.String android.provider.MiuiSettings$SettingsCloudData$CloudData.getString(java.lang.String, java.lang.String)' on a null object reference
2025-11-16 20:22:38.939 16163-16236 libc                    com.presyohan.app                    W  Access denied finding property "ro.vendor.display.iris_x7.support"
2025-11-16 20:22:38.939 16163-16163 ForceDarkHelperStubImpl com.presyohan.app                    I  setViewRootImplForceDark: false for com.presyohan.app.ManageItemsActivity@73c7adb, reason: AppDarkModeEnable
2025-11-16 20:22:38.939 16163-16163 VRI[Manage...sActivity] com.presyohan.app                    D  hardware acceleration = true, forceHwAccelerated = false
2025-11-16 20:22:38.947 16163-16163 InputEventReceiver      com.presyohan.app                    D  Input log is disabled in InputEventReceiver.
2025-11-16 20:22:38.965 16163-16163 BufferQueueConsumer     com.presyohan.app                    D  [](id:3f230000000b,api:0,p:-1,c:16163) connect: controlledByApp=false
2025-11-16 20:22:38.966 16163-16163 BLASTBufferQueue        com.presyohan.app                    D  [VRI[ManageItemsActivity]#11](f:0,a:0) constructor()
2025-11-16 20:22:38.967 16163-16163 BLASTBufferQueue        com.presyohan.app                    D  [VRI[ManageItemsActivity]#11](f:0,a:0) update width=1256 height=732 format=-2 mTransformHint=0
2025-11-16 20:22:38.968 16163-16163 ForceDarkHelperStubImpl com.presyohan.app                    I  setViewRootImplForceDark: false for com.presyohan.app.ManageItemsActivity@73c7adb, reason: AppDarkModeEnable
2025-11-16 20:22:38.970 16163-16163 VRI[Manage...sActivity] com.presyohan.app                    D  vri.reportNextDraw android.view.ViewRootImpl.performTraversals:4985 android.view.ViewRootImpl.doTraversal:3572 android.view.ViewRootImpl$TraversalRunnable.run:11792 android.view.Choreographer$CallbackRecord.run:1821 android.view.Choreographer$CallbackRecord.run:1830 
2025-11-16 20:22:38.970 16163-16163 VRI[Manage...sActivity] com.presyohan.app                    D  Setup new sync=wmsSync-VRI[ManageItemsActivity]#22
2025-11-16 20:22:38.973 16163-16236 HWUI                    com.presyohan.app                    D  makeCurrent grContext:0xb400007c3344fed0 reset mTextureAvailable
2025-11-16 20:22:38.977 16163-16236 BLASTBufferQueue        com.presyohan.app                    D  [VRI[ManageItemsActivity]#11](f:0,a:1) acquireNextBufferLocked size=1256x732 mFrameNumber=1 applyTransaction=true mTimestamp=158101811910346(auto) mPendingTransactions.size=0 graphicBufferId=69419556405328 transform=0
2025-11-16 20:22:38.977 16163-16163 VRI[Manage...sActivity] com.presyohan.app                    D  vri.reportDrawFinished
2025-11-16 20:22:39.013 16163-16163 HandWritingStubImpl     com.presyohan.app                    I  refreshLastKeyboardType: 1
2025-11-16 20:22:39.013 16163-16163 HandWritingStubImpl     com.presyohan.app                    I  getCurrentKeyboardType: 1
2025-11-16 20:22:39.594 16163-16163 MIUIInput               com.presyohan.app                    I  [MotionEvent] ViewRootImpl windowName 'com.presyohan.app/com.presyohan.app.ManageItemsActivity', { action=ACTION_DOWN, id[0]=0, pointerCount=1, eventTime=158102425, downTime=158102425, phoneEventTime=20:22:39.589 } moveCount:0
2025-11-16 20:22:39.700 16163-16163 MIUIInput               com.presyohan.app                    I  [MotionEvent] ViewRootImpl windowName 'com.presyohan.app/com.presyohan.app.ManageItemsActivity', { action=ACTION_UP, id[0]=0, pointerCount=1, eventTime=158102532, downTime=158102425, phoneEventTime=20:22:39.696 } moveCount:0
2025-11-16 20:22:39.863 16163-16163 ManageItems             com.presyohan.app                    E  Save error: Serializer for class 'Any' is not found.
                                                                                                    Please ensure that class is marked as '@Serializable' and that the serialization compiler plugin is applied.
2025-11-16 20:22:39.872 16163-16163 WindowOnBackDispatcher  com.presyohan.app                    W  sendCancelIfRunning: isInProgress=false callback=android.view.ViewRootImpl$$ExternalSyntheticLambda12@1463288
2025-11-16 20:22:39.877 16163-16163 View                    com.presyohan.app                    D  [Warning] assignParent to null: this = DecorView@9efe00f[ManageItemsActivity]
2025-11-16 20:22:39.877 16163-16163 BLASTBufferQueue        com.presyohan.app                    D  [VRI[ManageItemsActivity]#11](f:0,a:1) destructor()
2025-11-16 20:22:39.878 16163-16163 BufferQueueConsumer     com.presyohan.app                    D  [VRI[ManageItemsActivity]#11(BLAST Consumer)11](id:3f230000000b,api:0,p:-1,c:16163) disconnect
2025-11-16 20:22:39.905 16163-16163 HandWritingStubImpl     com.presyohan.app                    I  refreshLastKeyboardType: 1
2025-11-16 20:22:39.905 16163-16163 HandWritingStubImpl     com.presyohan.app                    I  getCurrentKeyboardType: 1
2025-11-16 20:22:40.792 16163-16163 MIUIInput               com.presyohan.app                    I  [MotionEvent] ViewRootImpl windowName 'com.presyohan.app/com.presyohan.app.ManageItemsActivity', { action=ACTION_DOWN, id[0]=0, pointerCount=1, eventTime=158103621, downTime=158103621, phoneEventTime=20:22:40.785 } moveCount:0
2025-11-16 20:22:40.870 16163-16163 MIUIInput               com.presyohan.app                    I  [MotionEvent] ViewRootImpl windowName 'com.presyohan.app/com.presyohan.app.ManageItemsActivity', { action=ACTION_UP, id[0]=0, pointerCount=1, eventTime=158103703, downTime=158103621, phoneEventTime=20:22:40.868 } moveCount:8
2025-11-16 20:22:40.880  1706-3065  WindowManager           system_server                        E  setClientVisible ActivityRecord{bcfe495 u0 com.presyohan.app/.ManageCategoryActivity t11807} true
2025-11-16 20:22:40.887 16163-16163 ForceDarkHelperStubImpl com.presyohan.app                    I  setViewRootImplForceDark: false for com.presyohan.app.ManageCategoryActivity@76f46f3, reason: AppDarkModeEnable
2025-11-16 20:22:40.890 16163-16163 SecurityManager         com.presyohan.app                    D  checkAccessControl flag1
2025-11-16 20:22:40.900 16163-16163 BufferQueueConsumer     com.presyohan.app                    D  [](id:3f230000000c,api:0,p:-1,c:16163) connect: controlledByApp=false
2025-11-16 20:22:40.900 16163-16163 BLASTBufferQueue        com.presyohan.app                    D  [VRI[ManageCategoryActivity]#12](f:0,a:0) constructor()
2025-11-16 20:22:40.900 16163-16163 BLASTBufferQueue        com.presyohan.app                    D  [VRI[ManageCategoryActivity]#12](f:0,a:0) update width=1080 height=2400 format=-1 mTransformHint=0
2025-11-16 20:22:40.902 16163-16163 VRI[Manage...yActivity] com.presyohan.app                    D  vri.reportNextDraw android.view.ViewRootImpl.performTraversals:4985 android.view.ViewRootImpl.doTraversal:3572 android.view.ViewRootImpl$TraversalRunnable.run:11792 android.view.Choreographer$CallbackRecord.run:1821 android.view.Choreographer$CallbackRecord.run:1830 
2025-11-16 20:22:40.902 16163-16163 VRI[Manage...yActivity] com.presyohan.app                    D  Setup new sync=wmsSync-VRI[ManageCategoryActivity]#24
2025-11-16 20:22:40.949 16163-16236 BLASTBufferQueue        com.presyohan.app                    D  [VRI[ManageCategoryActivity]#12](f:0,a:1) acquireNextBufferLocked size=1080x2400 mFrameNumber=1 applyTransaction=true mTimestamp=158103784911885(auto) mPendingTransactions.size=0 graphicBufferId=69419556405338 transform=0
2025-11-16 20:22:40.950 16163-16163 VRI[Manage...yActivity] com.presyohan.app                    D  vri.reportDrawFinished
2025-11-16 20:22:40.953  1706-1742  WindowManager           system_server                        E  setClientVisible ActivityRecord{bcfe495 u0 com.presyohan.app/.ManageCategoryActivity t11807} true
2025-11-16 20:22:40.983 16163-16163 HandWritingStubImpl     com.presyohan.app                    I  refreshLastKeyboardType: 1
2025-11-16 20:22:40.983 16163-16163 HandWritingStubImpl     com.presyohan.app                    I  getCurrentKeyboardType: 1
2025-11-16 20:22:41.017  2497-7027  ActivityManagerWrapper  com.miui.home                        E  getRecentTasksForceIncludingTaskIdIfValid: getRecentTasks: size=14
                                                                                                     mainTaskId=11807   userId=0   windowMode=1   baseIntent=Intent { act=android.intent.action.MAIN flag=268435456 cmp=ComponentInfo{com.presyohan.app/com.presyohan.app.SplashActivity} }
                                                                                                     mainTaskId=11713   userId=0   windowMode=1   baseIntent=Intent { act=android.intent.action.MAIN flag=270532608 cmp=ComponentInfo{com.ss.android.ugc.trill/com.ss.android.ugc.aweme.splash.SplashActivity} }
                                                                                                     mainTaskId=11786   userId=0   windowMode=1   baseIntent=Intent { act=android.intent.action.MAIN flag=270532608 cmp=ComponentInfo{com.facebook.katana/com.facebook.katana.LoginActivity} }
